
> cuentos-killa-fe@0.0.0 test
> ng test

node.exe : - Generating browser application 
bundles (phase: setup)...
En C:\Program Files\nodejs\npm.ps1: 29 Carácter: 
3
+   & $NODE_EXE $NPM_CLI_JS $args
+   ~~~~~~~~~~~~~~~~~~~~~~~~~~~~~
    + CategoryInfo          : NotSpecified: (- G 
   enerating br...hase: setup)...:String) [], R  
  emoteException
    + FullyQualifiedErrorId : NativeCommandError
 
Ô£ö Browser application bundle generation 
complete.
[1m[31m
ng-virtual-main.js!=!data:text/javascript;base64,
CiAgaW1wb3J0IHsgZ2V0VGVzdEJlZCB9IGZyb20gJ0Bhbmd1b
GFyL2NvcmUvdGVzdGluZyc7CiAgaW1wb3J0IHsKICAgIEJyb3
dzZXJEeW5hbWljVGVzdGluZ01vZHVsZSwKICAgIHBsYXRmb3J
tQnJvd3NlckR5bmFtaWNUZXN0aW5nLAogICB9IGZyb20gJ0Bh
bmd1bGFyL3BsYXRmb3JtLWJyb3dzZXItZHluYW1pYy90ZXN0a
W5nJzsKCiAgLy8gSW5pdGlhbGl6ZSB0aGUgQW5ndWxhciB0ZX
N0aW5nIGVudmlyb25tZW50LgogIGdldFRlc3RCZWQoKS5pbml
0VGVzdEVudmlyb25tZW50KEJyb3dzZXJEeW5hbWljVGVzdGlu
Z01vZHVsZSwgcGxhdGZvcm1Ccm93c2VyRHluYW1pY1Rlc3Rpb
mcoKSwgewogICAgZXJyb3JPblVua25vd25FbGVtZW50czogdH
J1ZSwKICAgIGVycm9yT25Vbmtub3duUHJvcGVydGllczogdHJ
1ZQogIH0pOwo=:2:0-119 - Error: Module not found: 
Error: Can't resolve 
'@angular/platform-browser-dynamic/testing' in 'H
:\Proyectos\Forjix\KillaCuentosWeb\cuentos-killa-
FE'

[39m[22m
[33m10 03 2026 23:30:44.837:WARN [karma]: [39mNo captured browser, open http://localhost:9878/
[32m10 03 2026 23:30:44.882:INFO [karma-server]: [39mKarma v6.4.4 server started at http://localhost:9878/
[32m10 03 2026 23:30:44.883:INFO [launcher]: [39mLaunching browsers Chrome with concurrency unlimited
[32m10 03 2026 23:30:44.888:INFO [launcher]: [39mStarting browser Chrome
[32m10 03 2026 23:30:46.154:INFO [Chrome 145.0.0.0 (Windows 10)]: [39mConnected on socket htMDsWLm-et9k_ooAAAB with id 71103579
[33m10 03 2026 23:30:46.274:WARN [web-server]: [39m404: /_karma_webpack_/main.js
Chrome 145.0.0.0 (Windows 10): Executed 0 of 0[32m SUCCESS[39m (0 secs / 0 secs)
[1A[2KChrome 145.0.0.0 (Windows 10): Executed 0 of 0[32m SUCCESS[39m (0.004 secs / 0 secs)
[32mTOTAL: 0 SUCCESS[39m
[1A[2K[31mChrome 145.0.0.0 (Windows 10) ERROR[39m
  Some of your tests did a full page reload!
Chrome 145.0.0.0 (Windows 10): Executed 0 of 0[32m SUCCESS[39m (0.004 secs / 0 secs)
Chrome 145.0.0.0 (Windows 10) ERROR
  Some of your tests did a full page reload!
[33m10 03 2026 23:37:32.739:WARN [Chrome 145.0.0.0 (Windows 10)]: [39mDisconnected (0 times) Client disconnected from CONNECTED state (transport close)
[1A[2K[31mChrome 145.0.0.0 (Windows 10) ERROR[39m
  Disconnected Client disconnected from CONNECTED state (transport close)
Chrome 145.0.0.0 (Windows 10): Executed 0 of 0[32m SUCCESS[39m (0.004 secs / 0 secs)
Chrome 145.0.0.0 (Windows 10) ERROR
  Disconnected Client disconnected from CONNECTED state (transport close)
[91m10 03 2026 23:37:33.008:ERROR [launcher]: [39mChrome crashed.
	[28780:27552:0310/233048.808:ERROR:google_apis\gcm\engine\registration_request.cc:290] Registration response error message: PHONE_REGISTRATION_ERROR
[28780:27552:0310/233048.808:ERROR:google_apis\gcm\engine\registration_request.cc:290] Registration response error message: PHONE_REGISTRATION_ERROR
[28780:27552:0310/233048.811:ERROR:google_apis\gcm\engine\registration_request.cc:290] Registration response error message: PHONE_REGISTRATION_ERROR
[28780:27552:0310/233048.816:ERROR:google_apis\gcm\engine\mcs_client.cc:700]   Error code: 401  Error message: Authentication Failed: wrong_secret
[28780:27552:0310/233048.816:ERROR:google_apis\gcm\engine\mcs_client.cc:702] Failed to log in to GCM, resetting connection.
Created TensorFlow Lite XNNPACK delegate for CPU.
[28780:27552:0310/233117.150:ERROR:google_apis\gcm\engine\registration_request.cc:290] Registration response error message: DEPRECATED_ENDPOINT
[28780:27552:0310/233206.999:ERROR:google_apis\gcm\engine\registration_request.cc:290] Registration response error message: DEPRECATED_ENDPOINT
[28780:27552:0310/233327.716:ERROR:google_apis\gcm\engine\registration_request.cc:290] Registration response error message: DEPRECATED_ENDPOINT
[28780:27552:0310/233715.552:ERROR:google_apis\gcm\engine\registration_request.cc:290] Registration response error message: DEPRECATED_ENDPOINT

[91m10 03 2026 23:37:33.008:ERROR [launcher]: [39mChrome stdout: 
[91m10 03 2026 23:37:33.008:ERROR [launcher]: [39mChrome stderr: [28780:27552:0310/233048.808:ERROR:google_apis\gcm\engine\registration_request.cc:290] Registration response error message: PHONE_REGISTRATION_ERROR
[28780:27552:0310/233048.808:ERROR:google_apis\gcm\engine\registration_request.cc:290] Registration response error message: PHONE_REGISTRATION_ERROR
[28780:27552:0310/233048.811:ERROR:google_apis\gcm\engine\registration_request.cc:290] Registration response error message: PHONE_REGISTRATION_ERROR
[28780:27552:0310/233048.816:ERROR:google_apis\gcm\engine\mcs_client.cc:700]   Error code: 401  Error message: Authentication Failed: wrong_secret
[28780:27552:0310/233048.816:ERROR:google_apis\gcm\engine\mcs_client.cc:702] Failed to log in to GCM, resetting connection.
Created TensorFlow Lite XNNPACK delegate for CPU.
[28780:27552:0310/233117.150:ERROR:google_apis\gcm\engine\registration_request.cc:290] Registration response error message: DEPRECATED_ENDPOINT
[28780:27552:0310/233206.999:ERROR:google_apis\gcm\engine\registration_request.cc:290] Registration response error message: DEPRECATED_ENDPOINT
[28780:27552:0310/233327.716:ERROR:google_apis\gcm\engine\registration_request.cc:290] Registration response error message: DEPRECATED_ENDPOINT
[28780:27552:0310/233715.552:ERROR:google_apis\gcm\engine\registration_request.cc:290] Registration response error message: DEPRECATED_ENDPOINT

[32m10 03 2026 23:37:52.638:INFO [launcher]: [39mTrying to start Chrome again (1/2).
[33m10 03 2026 23:37:52.639:WARN [temp-dir]: [39mFailed to create a temp dir at C:\Users\CHURRU~1\AppData\Local\Temp\karma-71103579
[32m10 03 2026 23:37:53.937:INFO [Chrome 145.0.0.0 (Windows 10)]: [39mConnected on socket i_7hleNYyxQ9RmquAAAD with id 71103579
[33m10 03 2026 23:37:54.260:WARN [web-server]: [39m404: /_karma_webpack_/main.js
Chrome 145.0.0.0 (Windows 10): Executed 0 of 0[32m SUCCESS[39m (0 secs / 0 secs)
[1A[2KChrome 145.0.0.0 (Windows 10): Executed 0 of 0[32m SUCCESS[39m (0 secs / 0 secs)
[32mTOTAL: 0 SUCCESS[39m
[1A[2K[31mChrome 145.0.0.0 (Windows 10) ERROR[39m
  Some of your tests did a full page reload!
Chrome 145.0.0.0 (Windows 10): Executed 0 of 0[32m SUCCESS[39m (0 secs / 0 secs)
Chrome 145.0.0.0 (Windows 10) ERROR
  Some of your tests did a full page reload!
[33m10 03 2026 23:37:56.318:WARN [Chrome 145.0.0.0 (Windows 10)]: [39mDisconnected (0 times) Client disconnected from CONNECTED state (transport close)
[1A[2K[31mChrome 145.0.0.0 (Windows 10) ERROR[39m
  Disconnected Client disconnected from CONNECTED state (transport close)
Chrome 145.0.0.0 (Windows 10): Executed 0 of 0[32m SUCCESS[39m (0 secs / 0 secs)
Chrome 145.0.0.0 (Windows 10) ERROR
  Disconnected Client disconnected from CONNECTED state (transport close)
[91m10 03 2026 23:37:56.819:ERROR [launcher]: [39mChrome crashed.
	[32760:12640:0310/233755.555:ERROR:google_apis\gcm\engine\gcm_store_impl.cc:941] Failed to restore security token.

[91m10 03 2026 23:37:56.819:ERROR [launcher]: [39mChrome stdout: 
[91m10 03 2026 23:37:56.819:ERROR [launcher]: [39mChrome stderr: [32760:12640:0310/233755.555:ERROR:google_apis\gcm\engine\gcm_store_impl.cc:941] Failed to restore security token.

[33m10 03 2026 23:38:01.735:WARN [Chrome 145.0.0.0 (Windows 10)]: [39mDisconnected (1 times) , because no message in 30000 ms.
[1A[2K[31mChrome 145.0.0.0 (Windows 10) ERROR[39m
  Disconnected , because no message in 30000 ms.
Chrome 145.0.0.0 (Windows 10): Executed 0 of 0[32m SUCCESS[39m (0 secs / 0 secs)
Chrome 145.0.0.0 (Windows 10) ERROR
  Disconnected , because no message in 30000 ms.
[1A[2KChrome 145.0.0.0 (Windows 10): Executed 0 of 0[32m SUCCESS[39m (0 secs / 0 secs)
[33m10 03 2026 23:38:26.245:WARN [Chrome 145.0.0.0 (Windows 10)]: [39mDisconnected (1 times) , because no message in 30000 ms.
[1A[2K[31mChrome 145.0.0.0 (Windows 10) ERROR[39m
  Disconnected , because no message in 30000 ms.
Chrome 145.0.0.0 (Windows 10): Executed 0 of 0[31m DISCONNECTED[39m (31.917 secs / 0 secs)
Chrome 145.0.0.0 (Windows 10) ERROR
  Disconnected , because no message in 30000 ms.
[1A[2KChrome 145.0.0.0 (Windows 10): Executed 0 of 0[31m DISCONNECTED[39m (31.917 secs / 0 secs)
[32m10 03 2026 23:38:26.386:INFO [launcher]: [39mTrying to start Chrome again (2/2).
[33m10 03 2026 23:38:26.386:WARN [temp-dir]: [39mFailed to create a temp dir at C:\Users\CHURRU~1\AppData\Local\Temp\karma-71103579
[32m10 03 2026 23:38:27.667:INFO [Chrome 145.0.0.0 (Windows 10)]: [39mConnected on socket -lo0HU82v9JcSJjJAAAF with id 71103579
[33m10 03 2026 23:38:27.726:WARN [web-server]: [39m404: /_karma_webpack_/main.js
Chrome 145.0.0.0 (Windows 10): Executed 0 of 0[32m SUCCESS[39m (0 secs / 0 secs)
[1A[2KChrome 145.0.0.0 (Windows 10): Executed 0 of 0[32m SUCCESS[39m (0.01 secs / 0 secs)
[32mTOTAL: 0 SUCCESS[39m
Ô£ö Browser application bundle generation 
complete.
[1m[31m
ng-virtual-main.js!=!data:text/javascript;base64,
CiAgaW1wb3J0IHsgZ2V0VGVzdEJlZCB9IGZyb20gJ0Bhbmd1b
GFyL2NvcmUvdGVzdGluZyc7CiAgaW1wb3J0IHsKICAgIEJyb3
dzZXJEeW5hbWljVGVzdGluZ01vZHVsZSwKICAgIHBsYXRmb3J
tQnJvd3NlckR5bmFtaWNUZXN0aW5nLAogICB9IGZyb20gJ0Bh
bmd1bGFyL3BsYXRmb3JtLWJyb3dzZXItZHluYW1pYy90ZXN0a
W5nJzsKCiAgLy8gSW5pdGlhbGl6ZSB0aGUgQW5ndWxhciB0ZX
N0aW5nIGVudmlyb25tZW50LgogIGdldFRlc3RCZWQoKS5pbml
0VGVzdEVudmlyb25tZW50KEJyb3dzZXJEeW5hbWljVGVzdGlu
Z01vZHVsZSwgcGxhdGZvcm1Ccm93c2VyRHluYW1pY1Rlc3Rpb
mcoKSwgewogICAgZXJyb3JPblVua25vd25FbGVtZW50czogdH
J1ZSwKICAgIGVycm9yT25Vbmtub3duUHJvcGVydGllczogdHJ
1ZQogIH0pOwo=:2:0-119 - Error: Module not found: 
Error: Can't resolve 
'@angular/platform-browser-dynamic/testing' in 'H
:\Proyectos\Forjix\KillaCuentosWeb\cuentos-killa-
FE'

[39m[22m
Ô£ö Browser application bundle generation 
complete.
[1m[31m
ng-virtual-main.js!=!data:text/javascript;base64,
CiAgaW1wb3J0IHsgZ2V0VGVzdEJlZCB9IGZyb20gJ0Bhbmd1b
GFyL2NvcmUvdGVzdGluZyc7CiAgaW1wb3J0IHsKICAgIEJyb3
dzZXJEeW5hbWljVGVzdGluZ01vZHVsZSwKICAgIHBsYXRmb3J
tQnJvd3NlckR5bmFtaWNUZXN0aW5nLAogICB9IGZyb20gJ0Bh
bmd1bGFyL3BsYXRmb3JtLWJyb3dzZXItZHluYW1pYy90ZXN0a
W5nJzsKCiAgLy8gSW5pdGlhbGl6ZSB0aGUgQW5ndWxhciB0ZX
N0aW5nIGVudmlyb25tZW50LgogIGdldFRlc3RCZWQoKS5pbml
0VGVzdEVudmlyb25tZW50KEJyb3dzZXJEeW5hbWljVGVzdGlu
Z01vZHVsZSwgcGxhdGZvcm1Ccm93c2VyRHluYW1pY1Rlc3Rpb
mcoKSwgewogICAgZXJyb3JPblVua25vd25FbGVtZW50czogdH
J1ZSwKICAgIGVycm9yT25Vbmtub3duUHJvcGVydGllczogdHJ
1ZQogIH0pOwo=:2:0-119 - Error: Module not found: 
Error: Can't resolve 
'@angular/platform-browser-dynamic/testing' in 'H
:\Proyectos\Forjix\KillaCuentosWeb\cuentos-killa-
FE'

[39m[22m
Ô£ö Browser application bundle generation 
complete.
Chrome 145.0.0.0 (Windows 10): Executed 0 of 114[32m SUCCESS[39m (0 secs / 0 secs)
[1A[2K[31mChrome 145.0.0.0 (Windows 10) BottomNavComponent should create FAILED[39m
	NullInjectorError: R3InjectorError(Standalone[BottomNavComponent])[ActivatedRoute -> ActivatedRoute -> ActivatedRoute]: 
	  NullInjectorError: No provider for ActivatedRoute!
	error properties: Object({ ngTempTokenPath: null, ngTokenPath: [ 'ActivatedRoute', 'ActivatedRoute', 'ActivatedRoute' ] })
	    at NullInjector.get (node_modules/@angular/core/fesm2022/core.mjs:1663:27)
	    at R3Injector.get (node_modules/@angular/core/fesm2022/core.mjs:3109:33)
	    at R3Injector.get (node_modules/@angular/core/fesm2022/core.mjs:3109:33)
	    at R3Injector.get (node_modules/@angular/core/fesm2022/core.mjs:3109:33)
	    at ChainedInjector.get (node_modules/@angular/core/fesm2022/core.mjs:5454:36)
	    at lookupTokenUsingModuleInjector (node_modules/@angular/core/fesm2022/core.mjs:5807:39)
	    at getOrCreateInjectable (node_modules/@angular/core/fesm2022/core.mjs:5855:12)
	    at Module.╔Á╔ÁdirectiveInject (node_modules/@angular/core/fesm2022/core.mjs:11933:19)
	    at NodeInjectorFactory.factory (node_modules/@angular/router/fesm2022/router.mjs:424:104)
	    at getNodeInjectable (node_modules/@angular/core/fesm2022/core.mjs:6067:44)
Chrome 145.0.0.0 (Windows 10): Executed 1 of 114[31m (1 FAILED)[39m (0 secs / 0.086 secs)
[1A[2KChrome 145.0.0.0 (Windows 10): Executed 2 of 114[31m (1 FAILED)[39m (0 secs / 0.109 secs)
[1A[2K[31mChrome 145.0.0.0 (Windows 10) PagoComponent pagarConMercadoPagoConfirmado should redirect to the correct Mercado Pago URL FAILED[39m
	NullInjectorError: R3InjectorError(Standalone[PagoComponent])[MaestrosService -> MaestrosService -> HttpClient -> HttpClient]: 
	  NullInjectorError: No provider for HttpClient!
	error properties: Object({ ngTempTokenPath: null, ngTokenPath: [ 'MaestrosService', 'MaestrosService', 'HttpClient', 'HttpClient' ] })
	    at NullInjector.get (node_modules/@angular/core/fesm2022/core.mjs:1663:27)
	    at R3Injector.get (node_modules/@angular/core/fesm2022/core.mjs:3109:33)
	    at R3Injector.get (node_modules/@angular/core/fesm2022/core.mjs:3109:33)
	    at injectInjectorOnly (node_modules/@angular/core/fesm2022/core.mjs:1107:40)
	    at ╔Á╔Áinject (node_modules/@angular/core/fesm2022/core.mjs:1113:60)
	    at Object.factory (ng:///MaestrosService/╔Áfac.js:4:59)
	    at callback (node_modules/@angular/core/fesm2022/core.mjs:3237:47)
	    at runInInjectorProfilerContext (node_modules/@angular/core/fesm2022/core.mjs:872:9)
	    at R3Injector.hydrate (node_modules/@angular/core/fesm2022/core.mjs:3236:21)
	    at R3Injector.get (node_modules/@angular/core/fesm2022/core.mjs:3099:33)
Chrome 145.0.0.0 (Windows 10): Executed 3 of 114[31m (2 FAILED)[39m (0 secs / 0.173 secs)
[1A[2K[31mChrome 145.0.0.0 (Windows 10) PagoComponent ngOnInit - Mercado Pago Callback should handle error if confirmarPagoMercadoPago fails FAILED[39m
	NullInjectorError: R3InjectorError(Standalone[PagoComponent])[MaestrosService -> MaestrosService -> HttpClient -> HttpClient]: 
	  NullInjectorError: No provider for HttpClient!
	error properties: Object({ ngTempTokenPath: null, ngTokenPath: [ 'MaestrosService', 'MaestrosService', 'HttpClient', 'HttpClient' ] })
	    at NullInjector.get (node_modules/@angular/core/fesm2022/core.mjs:1663:27)
	    at R3Injector.get (node_modules/@angular/core/fesm2022/core.mjs:3109:33)
	    at R3Injector.get (node_modules/@angular/core/fesm2022/core.mjs:3109:33)
	    at injectInjectorOnly (node_modules/@angular/core/fesm2022/core.mjs:1107:40)
	    at ╔Á╔Áinject (node_modules/@angular/core/fesm2022/core.mjs:1113:60)
	    at Object.factory (ng:///MaestrosService/╔Áfac.js:4:59)
	    at callback (node_modules/@angular/core/fesm2022/core.mjs:3237:47)
	    at runInInjectorProfilerContext (node_modules/@angular/core/fesm2022/core.mjs:872:9)
	    at R3Injector.hydrate (node_modules/@angular/core/fesm2022/core.mjs:3236:21)
	    at R3Injector.get (node_modules/@angular/core/fesm2022/core.mjs:3099:33)
Chrome 145.0.0.0 (Windows 10): Executed 4 of 114[31m (3 FAILED)[39m (0 secs / 0.177 secs)
[1A[2K[31mChrome 145.0.0.0 (Windows 10) PagoComponent ngOnInit - Mercado Pago Callback should not call confirmarPagoMercadoPago if no relevant query params are present FAILED[39m
	NullInjectorError: R3InjectorError(Standalone[PagoComponent])[MaestrosService -> MaestrosService -> HttpClient -> HttpClient]: 
	  NullInjectorError: No provider for HttpClient!
	error properties: Object({ ngTempTokenPath: null, ngTokenPath: [ 'MaestrosService', 'MaestrosService', 'HttpClient', 'HttpClient' ] })
	    at NullInjector.get (node_modules/@angular/core/fesm2022/core.mjs:1663:27)
	    at R3Injector.get (node_modules/@angular/core/fesm2022/core.mjs:3109:33)
	    at R3Injector.get (node_modules/@angular/core/fesm2022/core.mjs:3109:33)
	    at injectInjectorOnly (node_modules/@angular/core/fesm2022/core.mjs:1107:40)
	    at ╔Á╔Áinject (node_modules/@angular/core/fesm2022/core.mjs:1113:60)
	    at Object.factory (ng:///MaestrosService/╔Áfac.js:4:59)
	    at callback (node_modules/@angular/core/fesm2022/core.mjs:3237:47)
	    at runInInjectorProfilerContext (node_modules/@angular/core/fesm2022/core.mjs:872:9)
	    at R3Injector.hydrate (node_modules/@angular/core/fesm2022/core.mjs:3236:21)
	    at R3Injector.get (node_modules/@angular/core/fesm2022/core.mjs:3099:33)
Chrome 145.0.0.0 (Windows 10): Executed 5 of 114[31m (4 FAILED)[39m (0 secs / 0.181 secs)
[1A[2K[31mChrome 145.0.0.0 (Windows 10) PagoComponent ngOnInit - Mercado Pago Callback should NOT confirm payment if collection_status is not "approved" FAILED[39m
	NullInjectorError: R3InjectorError(Standalone[PagoComponent])[MaestrosService -> MaestrosService -> HttpClient -> HttpClient]: 
	  NullInjectorError: No provider for HttpClient!
	error properties: Object({ ngTempTokenPath: null, ngTokenPath: [ 'MaestrosService', 'MaestrosService', 'HttpClient', 'HttpClient' ] })
	    at NullInjector.get (node_modules/@angular/core/fesm2022/core.mjs:1663:27)
	    at R3Injector.get (node_modules/@angular/core/fesm2022/core.mjs:3109:33)
	    at R3Injector.get (node_modules/@angular/core/fesm2022/core.mjs:3109:33)
	    at injectInjectorOnly (node_modules/@angular/core/fesm2022/core.mjs:1107:40)
	    at ╔Á╔Áinject (node_modules/@angular/core/fesm2022/core.mjs:1113:60)
	    at Object.factory (ng:///MaestrosService/╔Áfac.js:4:59)
	    at callback (node_modules/@angular/core/fesm2022/core.mjs:3237:47)
	    at runInInjectorProfilerContext (node_modules/@angular/core/fesm2022/core.mjs:872:9)
	    at R3Injector.hydrate (node_modules/@angular/core/fesm2022/core.mjs:3236:21)
	    at R3Injector.get (node_modules/@angular/core/fesm2022/core.mjs:3099:33)
Chrome 145.0.0.0 (Windows 10): Executed 6 of 114[31m (5 FAILED)[39m (0 secs / 0.184 secs)
[1A[2K[31mChrome 145.0.0.0 (Windows 10) PagoComponent ngOnInit - Mercado Pago Callback should NOT confirm payment if external_reference does not match pedidoId FAILED[39m
	NullInjectorError: R3InjectorError(Standalone[PagoComponent])[MaestrosService -> MaestrosService -> HttpClient -> HttpClient]: 
	  NullInjectorError: No provider for HttpClient!
	error properties: Object({ ngTempTokenPath: null, ngTokenPath: [ 'MaestrosService', 'MaestrosService', 'HttpClient', 'HttpClient' ] })
	    at NullInjector.get (node_modules/@angular/core/fesm2022/core.mjs:1663:27)
	    at R3Injector.get (node_modules/@angular/core/fesm2022/core.mjs:3109:33)
	    at R3Injector.get (node_modules/@angular/core/fesm2022/core.mjs:3109:33)
	    at injectInjectorOnly (node_modules/@angular/core/fesm2022/core.mjs:1107:40)
	    at ╔Á╔Áinject (node_modules/@angular/core/fesm2022/core.mjs:1113:60)
	    at Object.factory (ng:///MaestrosService/╔Áfac.js:4:59)
	    at callback (node_modules/@angular/core/fesm2022/core.mjs:3237:47)
	    at runInInjectorProfilerContext (node_modules/@angular/core/fesm2022/core.mjs:872:9)
	    at R3Injector.hydrate (node_modules/@angular/core/fesm2022/core.mjs:3236:21)
	    at R3Injector.get (node_modules/@angular/core/fesm2022/core.mjs:3099:33)
Chrome 145.0.0.0 (Windows 10): Executed 7 of 114[31m (6 FAILED)[39m (0 secs / 0.187 secs)
[1A[2K[31mChrome 145.0.0.0 (Windows 10) PagoComponent ngOnInit - Mercado Pago Callback should show info message if payment status is not "approved" but external_reference matches FAILED[39m
	NullInjectorError: R3InjectorError(Standalone[PagoComponent])[MaestrosService -> MaestrosService -> HttpClient -> HttpClient]: 
	  NullInjectorError: No provider for HttpClient!
	error properties: Object({ ngTempTokenPath: null, ngTokenPath: [ 'MaestrosService', 'MaestrosService', 'HttpClient', 'HttpClient' ] })
	    at NullInjector.get (node_modules/@angular/core/fesm2022/core.mjs:1663:27)
	    at R3Injector.get (node_modules/@angular/core/fesm2022/core.mjs:3109:33)
	    at R3Injector.get (node_modules/@angular/core/fesm2022/core.mjs:3109:33)
	    at injectInjectorOnly (node_modules/@angular/core/fesm2022/core.mjs:1107:40)
	    at ╔Á╔Áinject (node_modules/@angular/core/fesm2022/core.mjs:1113:60)
	    at Object.factory (ng:///MaestrosService/╔Áfac.js:4:59)
	    at callback (node_modules/@angular/core/fesm2022/core.mjs:3237:47)
	    at runInInjectorProfilerContext (node_modules/@angular/core/fesm2022/core.mjs:872:9)
	    at R3Injector.hydrate (node_modules/@angular/core/fesm2022/core.mjs:3236:21)
	    at R3Injector.get (node_modules/@angular/core/fesm2022/core.mjs:3099:33)
Chrome 145.0.0.0 (Windows 10): Executed 8 of 114[31m (7 FAILED)[39m (0 secs / 0.19 secs)
[1A[2K[31mChrome 145.0.0.0 (Windows 10) PagoComponent ngOnInit - Mercado Pago Callback should confirm payment if collection_status is "approved" and external_reference matches pedidoId FAILED[39m
	NullInjectorError: R3InjectorError(Standalone[PagoComponent])[MaestrosService -> MaestrosService -> HttpClient -> HttpClient]: 
	  NullInjectorError: No provider for HttpClient!
	error properties: Object({ ngTempTokenPath: null, ngTokenPath: [ 'MaestrosService', 'MaestrosService', 'HttpClient', 'HttpClient' ] })
	    at NullInjector.get (node_modules/@angular/core/fesm2022/core.mjs:1663:27)
	    at R3Injector.get (node_modules/@angular/core/fesm2022/core.mjs:3109:33)
	    at R3Injector.get (node_modules/@angular/core/fesm2022/core.mjs:3109:33)
	    at injectInjectorOnly (node_modules/@angular/core/fesm2022/core.mjs:1107:40)
	    at ╔Á╔Áinject (node_modules/@angular/core/fesm2022/core.mjs:1113:60)
	    at Object.factory (ng:///MaestrosService/╔Áfac.js:4:59)
	    at callback (node_modules/@angular/core/fesm2022/core.mjs:3237:47)
	    at runInInjectorProfilerContext (node_modules/@angular/core/fesm2022/core.mjs:872:9)
	    at R3Injector.hydrate (node_modules/@angular/core/fesm2022/core.mjs:3236:21)
	    at R3Injector.get (node_modules/@angular/core/fesm2022/core.mjs:3099:33)
Chrome 145.0.0.0 (Windows 10): Executed 9 of 114[31m (8 FAILED)[39m (0 secs / 0.193 secs)
[1A[2K[31mChrome 145.0.0.0 (Windows 10) PagoComponent should create FAILED[39m
	NullInjectorError: R3InjectorError(Standalone[PagoComponent])[MaestrosService -> MaestrosService -> HttpClient -> HttpClient]: 
	  NullInjectorError: No provider for HttpClient!
	error properties: Object({ ngTempTokenPath: null, ngTokenPath: [ 'MaestrosService', 'MaestrosService', 'HttpClient', 'HttpClient' ] })
	    at NullInjector.get (node_modules/@angular/core/fesm2022/core.mjs:1663:27)
	    at R3Injector.get (node_modules/@angular/core/fesm2022/core.mjs:3109:33)
	    at R3Injector.get (node_modules/@angular/core/fesm2022/core.mjs:3109:33)
	    at injectInjectorOnly (node_modules/@angular/core/fesm2022/core.mjs:1107:40)
	    at ╔Á╔Áinject (node_modules/@angular/core/fesm2022/core.mjs:1113:60)
	    at Object.factory (ng:///MaestrosService/╔Áfac.js:4:59)
	    at callback (node_modules/@angular/core/fesm2022/core.mjs:3237:47)
	    at runInInjectorProfilerContext (node_modules/@angular/core/fesm2022/core.mjs:872:9)
	    at R3Injector.hydrate (node_modules/@angular/core/fesm2022/core.mjs:3236:21)
	    at R3Injector.get (node_modules/@angular/core/fesm2022/core.mjs:3099:33)
Chrome 145.0.0.0 (Windows 10): Executed 10 of 114[31m (9 FAILED)[39m (0 secs / 0.196 secs)
[1A[2K[31mChrome 145.0.0.0 (Windows 10) PagoComponent should fetch order status on init FAILED[39m
	NullInjectorError: R3InjectorError(Standalone[PagoComponent])[MaestrosService -> MaestrosService -> HttpClient -> HttpClient]: 
	  NullInjectorError: No provider for HttpClient!
	error properties: Object({ ngTempTokenPath: null, ngTokenPath: [ 'MaestrosService', 'MaestrosService', 'HttpClient', 'HttpClient' ] })
	    at NullInjector.get (node_modules/@angular/core/fesm2022/core.mjs:1663:27)
	    at R3Injector.get (node_modules/@angular/core/fesm2022/core.mjs:3109:33)
	    at R3Injector.get (node_modules/@angular/core/fesm2022/core.mjs:3109:33)
	    at injectInjectorOnly (node_modules/@angular/core/fesm2022/core.mjs:1107:40)
	    at ╔Á╔Áinject (node_modules/@angular/core/fesm2022/core.mjs:1113:60)
	    at Object.factory (ng:///MaestrosService/╔Áfac.js:4:59)
	    at callback (node_modules/@angular/core/fesm2022/core.mjs:3237:47)
	    at runInInjectorProfilerContext (node_modules/@angular/core/fesm2022/core.mjs:872:9)
	    at R3Injector.hydrate (node_modules/@angular/core/fesm2022/core.mjs:3236:21)
	    at R3Injector.get (node_modules/@angular/core/fesm2022/core.mjs:3099:33)
Chrome 145.0.0.0 (Windows 10): Executed 11 of 114[31m (10 FAILED)[39m (0 secs / 0.199 secs)
[1A[2KChrome 145.0.0.0 (Windows 10): Executed 12 of 114[31m (10 FAILED)[39m (0 secs / 0.231 secs)
[1A[2K[31mChrome 145.0.0.0 (Windows 10) OrderListComponent Template Rendering should render order cards when pedidos has data FAILED[39m
	Expected 0 to be 2.
	    at <Jasmine>
	    at UserContext.apply (src/app/components/pages/order-list/order-list.component.spec.ts:135:32)
	    at UserContext.apply (node_modules/zone.js/fesm2015/zone-testing.js:1702:26)
	    at _ZoneDelegate.invoke (node_modules/zone.js/fesm2015/zone.js:369:28)
	    at ProxyZoneSpec.onInvoke (node_modules/zone.js/fesm2015/zone-testing.js:2081:39)
	TypeError: Cannot read properties of undefined (reading 'query')
	    at UserContext.apply (src/app/components/pages/order-list/order-list.component.spec.ts:138:23)
	    at UserContext.apply (node_modules/zone.js/fesm2015/zone-testing.js:1702:26)
	    at _ZoneDelegate.invoke (node_modules/zone.js/fesm2015/zone.js:369:28)
	    at ProxyZoneSpec.onInvoke (node_modules/zone.js/fesm2015/zone-testing.js:2081:39)
	    at _ZoneDelegate.invoke (node_modules/zone.js/fesm2015/zone.js:368:34)
	    at ZoneImpl.run (node_modules/zone.js/fesm2015/zone.js:111:43)
	    at runInTestZone (node_modules/zone.js/fesm2015/zone-testing.js:216:38)
	    at UserContext.<anonymous> (node_modules/zone.js/fesm2015/zone-testing.js:234:32)
	    at <Jasmine>
Chrome 145.0.0.0 (Windows 10): Executed 13 of 114[31m (11 FAILED)[39m (0 secs / 0.237 secs)
[1A[2KChrome 145.0.0.0 (Windows 10): Executed 14 of 114[31m (11 FAILED)[39m (0 secs / 0.242 secs)
[1A[2K[31mChrome 145.0.0.0 (Windows 10) OrderListComponent Template Rendering should display error message when errorMensaje is set FAILED[39m
	TypeError: Cannot read properties of null (reading 'nativeElement')
	    at UserContext.apply (src/app/components/pages/order-list/order-list.component.spec.ts:113:27)
	    at _ZoneDelegate.invoke (node_modules/zone.js/fesm2015/zone.js:369:28)
	    at ProxyZoneSpec.onInvoke (node_modules/zone.js/fesm2015/zone-testing.js:2081:39)
	    at _ZoneDelegate.invoke (node_modules/zone.js/fesm2015/zone.js:368:34)
	    at ZoneImpl.run (node_modules/zone.js/fesm2015/zone.js:111:43)
	    at runInTestZone (node_modules/zone.js/fesm2015/zone-testing.js:216:38)
	    at UserContext.<anonymous> (node_modules/zone.js/fesm2015/zone-testing.js:234:32)
	    at <Jasmine>
Chrome 145.0.0.0 (Windows 10): Executed 15 of 114[31m (12 FAILED)[39m (0 secs / 0.248 secs)
[1A[2K[31mChrome 145.0.0.0 (Windows 10) OrderListComponent Template Rendering should display "Cargando pedidos..." when isLoading is true FAILED[39m
	TypeError: Cannot read properties of null (reading 'nativeElement')
	    at UserContext.apply (src/app/components/pages/order-list/order-list.component.spec.ts:105:29)
	    at _ZoneDelegate.invoke (node_modules/zone.js/fesm2015/zone.js:369:28)
	    at ProxyZoneSpec.onInvoke (node_modules/zone.js/fesm2015/zone-testing.js:2081:39)
	    at _ZoneDelegate.invoke (node_modules/zone.js/fesm2015/zone.js:368:34)
	    at ZoneImpl.run (node_modules/zone.js/fesm2015/zone.js:111:43)
	    at runInTestZone (node_modules/zone.js/fesm2015/zone-testing.js:216:38)
	    at UserContext.<anonymous> (node_modules/zone.js/fesm2015/zone-testing.js:234:32)
	    at <Jasmine>
Chrome 145.0.0.0 (Windows 10): Executed 16 of 114[31m (13 FAILED)[39m (0 secs / 0.255 secs)
[1A[2K[31mChrome 145.0.0.0 (Windows 10) OrderListComponent Template Rendering should call irAPago when primary action button is clicked FAILED[39m
	TypeError: Cannot read properties of null (reading 'triggerEventHandler')
	    at UserContext.apply (src/app/components/pages/order-list/order-list.component.spec.ts:161:14)
	    at UserContext.apply (node_modules/zone.js/fesm2015/zone-testing.js:1702:26)
	    at _ZoneDelegate.invoke (node_modules/zone.js/fesm2015/zone.js:369:28)
	    at ProxyZoneSpec.onInvoke (node_modules/zone.js/fesm2015/zone-testing.js:2081:39)
	    at _ZoneDelegate.invoke (node_modules/zone.js/fesm2015/zone.js:368:34)
	    at ZoneImpl.run (node_modules/zone.js/fesm2015/zone.js:111:43)
	    at runInTestZone (node_modules/zone.js/fesm2015/zone-testing.js:216:38)
	    at UserContext.<anonymous> (node_modules/zone.js/fesm2015/zone-testing.js:234:32)
	    at <Jasmine>
Chrome 145.0.0.0 (Windows 10): Executed 17 of 114[31m (14 FAILED)[39m (0 secs / 0.26 secs)
[1A[2KERROR: [36m'Error fetching orders:', Object{status: 500, message: 'Server Error'}[39m
Chrome 145.0.0.0 (Windows 10): Executed 17 of 114[31m (14 FAILED)[39m (0 secs / 0.26 secs)
ERROR: 'Error fetching orders:', Object{status: 500, message: 'Server Error'}
[1A[2KChrome 145.0.0.0 (Windows 10): Executed 18 of 114[31m (14 FAILED)[39m (0 secs / 0.265 secs)
[1A[2K[31mChrome 145.0.0.0 (Windows 10) OrderListComponent ngOnInit should assign pedidos on successful data fetch FAILED[39m
	Expected 0 to be 2.
	    at <Jasmine>
	    at UserContext.apply (src/app/components/pages/order-list/order-list.component.spec.ts:70:40)
	    at UserContext.apply (node_modules/zone.js/fesm2015/zone-testing.js:1702:26)
	    at _ZoneDelegate.invoke (node_modules/zone.js/fesm2015/zone.js:369:28)
	    at ProxyZoneSpec.onInvoke (node_modules/zone.js/fesm2015/zone-testing.js:2081:39)
	Expected $.length = 0 to equal 2.
	Expected $[0] = undefined to equal Object({ id: 1, fecha: '2023-01-15T10:00:00Z', nombre: 'Cliente A', correo: 'a@a.com', direccion: 'Dir A', telefono: '123', items: [  ], total: 100, estado: 'ENTREGADO', userId: 1, correoUsuario: 'a@a.com' }).
	Expected $[1] = undefined to equal Object({ id: 2, fecha: '2023-01-16T11:00:00Z', nombre: 'Cliente B', correo: 'b@b.com', direccion: 'Dir B', telefono: '456', items: [  ], total: 200, estado: 'PAGO_PENDIENTE', userId: 2, correoUsuario: 'b@b.com' }).
	    at <Jasmine>
	    at UserContext.apply (src/app/components/pages/order-list/order-list.component.spec.ts:71:33)
	    at UserContext.apply (node_modules/zone.js/fesm2015/zone-testing.js:1702:26)
	    at _ZoneDelegate.invoke (node_modules/zone.js/fesm2015/zone.js:369:28)
	    at ProxyZoneSpec.onInvoke (node_modules/zone.js/fesm2015/zone-testing.js:2081:39)
Chrome 145.0.0.0 (Windows 10): Executed 19 of 114[31m (15 FAILED)[39m (0 secs / 0.272 secs)
[1A[2KChrome 145.0.0.0 (Windows 10): Executed 20 of 114[31m (15 FAILED)[39m (0 secs / 0.276 secs)
[1A[2KChrome 145.0.0.0 (Windows 10): Executed 21 of 114[31m (15 FAILED)[39m (0 secs / 0.28 secs)
[1A[2KChrome 145.0.0.0 (Windows 10): Executed 22 of 114[31m (15 FAILED)[39m (0 secs / 0.284 secs)
[1A[2K[31mChrome 145.0.0.0 (Windows 10) AdminPedidosComponent trackByPedidoId should fall back to id when Id is undefined FAILED[39m
	NullInjectorError: R3InjectorError(DynamicTestModule)[MaestrosService -> HttpClient -> HttpClient]: 
	  NullInjectorError: No provider for HttpClient!
	error properties: Object({ ngTempTokenPath: null, ngTokenPath: [ 'MaestrosService', 'HttpClient', 'HttpClient' ] })
	    at NullInjector.get (node_modules/@angular/core/fesm2022/core.mjs:1663:27)
	    at R3Injector.get (node_modules/@angular/core/fesm2022/core.mjs:3109:33)
	    at R3Injector.get (node_modules/@angular/core/fesm2022/core.mjs:3109:33)
	    at injectInjectorOnly (node_modules/@angular/core/fesm2022/core.mjs:1107:40)
	    at ╔Á╔Áinject (node_modules/@angular/core/fesm2022/core.mjs:1113:60)
	    at Object.factory (ng:///MaestrosService/╔Áfac.js:4:59)
	    at callback (node_modules/@angular/core/fesm2022/core.mjs:3237:47)
	    at runInInjectorProfilerContext (node_modules/@angular/core/fesm2022/core.mjs:872:9)
	    at R3Injector.hydrate (node_modules/@angular/core/fesm2022/core.mjs:3236:21)
	    at R3Injector.get (node_modules/@angular/core/fesm2022/core.mjs:3099:33)
Chrome 145.0.0.0 (Windows 10): Executed 23 of 114[31m (16 FAILED)[39m (0 secs / 0.327 secs)
[1A[2K[31mChrome 145.0.0.0 (Windows 10) AdminPedidosComponent trackByPedidoId should return Id when present FAILED[39m
	NullInjectorError: R3InjectorError(DynamicTestModule)[MaestrosService -> HttpClient -> HttpClient]: 
	  NullInjectorError: No provider for HttpClient!
	error properties: Object({ ngTempTokenPath: null, ngTokenPath: [ 'MaestrosService', 'HttpClient', 'HttpClient' ] })
	    at NullInjector.get (node_modules/@angular/core/fesm2022/core.mjs:1663:27)
	    at R3Injector.get (node_modules/@angular/core/fesm2022/core.mjs:3109:33)
	    at R3Injector.get (node_modules/@angular/core/fesm2022/core.mjs:3109:33)
	    at injectInjectorOnly (node_modules/@angular/core/fesm2022/core.mjs:1107:40)
	    at ╔Á╔Áinject (node_modules/@angular/core/fesm2022/core.mjs:1113:60)
	    at Object.factory (ng:///MaestrosService/╔Áfac.js:4:59)
	    at callback (node_modules/@angular/core/fesm2022/core.mjs:3237:47)
	    at runInInjectorProfilerContext (node_modules/@angular/core/fesm2022/core.mjs:872:9)
	    at R3Injector.hydrate (node_modules/@angular/core/fesm2022/core.mjs:3236:21)
	    at R3Injector.get (node_modules/@angular/core/fesm2022/core.mjs:3099:33)
Chrome 145.0.0.0 (Windows 10): Executed 24 of 114[31m (17 FAILED)[39m (0 secs / 0.331 secs)
[1A[2K[31mChrome 145.0.0.0 (Windows 10) AdminPedidosComponent should not call service when canceling FAILED[39m
	NullInjectorError: R3InjectorError(DynamicTestModule)[MaestrosService -> HttpClient -> HttpClient]: 
	  NullInjectorError: No provider for HttpClient!
	error properties: Object({ ngTempTokenPath: null, ngTokenPath: [ 'MaestrosService', 'HttpClient', 'HttpClient' ] })
	    at NullInjector.get (node_modules/@angular/core/fesm2022/core.mjs:1663:27)
	    at R3Injector.get (node_modules/@angular/core/fesm2022/core.mjs:3109:33)
	    at R3Injector.get (node_modules/@angular/core/fesm2022/core.mjs:3109:33)
	    at injectInjectorOnly (node_modules/@angular/core/fesm2022/core.mjs:1107:40)
	    at ╔Á╔Áinject (node_modules/@angular/core/fesm2022/core.mjs:1113:60)
	    at Object.factory (ng:///MaestrosService/╔Áfac.js:4:59)
	    at callback (node_modules/@angular/core/fesm2022/core.mjs:3237:47)
	    at runInInjectorProfilerContext (node_modules/@angular/core/fesm2022/core.mjs:872:9)
	    at R3Injector.hydrate (node_modules/@angular/core/fesm2022/core.mjs:3236:21)
	    at R3Injector.get (node_modules/@angular/core/fesm2022/core.mjs:3099:33)
Chrome 145.0.0.0 (Windows 10): Executed 25 of 114[31m (18 FAILED)[39m (0 secs / 0.335 secs)
[1A[2K[31mChrome 145.0.0.0 (Windows 10) AdminPedidosComponent should open dialog on rechazarPago and call service on confirm FAILED[39m
	NullInjectorError: R3InjectorError(DynamicTestModule)[MaestrosService -> HttpClient -> HttpClient]: 
	  NullInjectorError: No provider for HttpClient!
	error properties: Object({ ngTempTokenPath: null, ngTokenPath: [ 'MaestrosService', 'HttpClient', 'HttpClient' ] })
	    at NullInjector.get (node_modules/@angular/core/fesm2022/core.mjs:1663:27)
	    at R3Injector.get (node_modules/@angular/core/fesm2022/core.mjs:3109:33)
	    at R3Injector.get (node_modules/@angular/core/fesm2022/core.mjs:3109:33)
	    at injectInjectorOnly (node_modules/@angular/core/fesm2022/core.mjs:1107:40)
	    at ╔Á╔Áinject (node_modules/@angular/core/fesm2022/core.mjs:1113:60)
	    at Object.factory (ng:///MaestrosService/╔Áfac.js:4:59)
	    at callback (node_modules/@angular/core/fesm2022/core.mjs:3237:47)
	    at runInInjectorProfilerContext (node_modules/@angular/core/fesm2022/core.mjs:872:9)
	    at R3Injector.hydrate (node_modules/@angular/core/fesm2022/core.mjs:3236:21)
	    at R3Injector.get (node_modules/@angular/core/fesm2022/core.mjs:3099:33)
Chrome 145.0.0.0 (Windows 10): Executed 26 of 114[31m (19 FAILED)[39m (0 secs / 0.338 secs)
[1A[2K[31mChrome 145.0.0.0 (Windows 10) AdminPedidosComponent should create FAILED[39m
	NullInjectorError: R3InjectorError(DynamicTestModule)[MaestrosService -> HttpClient -> HttpClient]: 
	  NullInjectorError: No provider for HttpClient!
	error properties: Object({ ngTempTokenPath: null, ngTokenPath: [ 'MaestrosService', 'HttpClient', 'HttpClient' ] })
	    at NullInjector.get (node_modules/@angular/core/fesm2022/core.mjs:1663:27)
	    at R3Injector.get (node_modules/@angular/core/fesm2022/core.mjs:3109:33)
	    at R3Injector.get (node_modules/@angular/core/fesm2022/core.mjs:3109:33)
	    at injectInjectorOnly (node_modules/@angular/core/fesm2022/core.mjs:1107:40)
	    at ╔Á╔Áinject (node_modules/@angular/core/fesm2022/core.mjs:1113:60)
	    at Object.factory (ng:///MaestrosService/╔Áfac.js:4:59)
	    at callback (node_modules/@angular/core/fesm2022/core.mjs:3237:47)
	    at runInInjectorProfilerContext (node_modules/@angular/core/fesm2022/core.mjs:872:9)
	    at R3Injector.hydrate (node_modules/@angular/core/fesm2022/core.mjs:3236:21)
	    at R3Injector.get (node_modules/@angular/core/fesm2022/core.mjs:3099:33)
Chrome 145.0.0.0 (Windows 10): Executed 27 of 114[31m (20 FAILED)[39m (0 secs / 0.341 secs)
[1A[2KChrome 145.0.0.0 (Windows 10): Executed 28 of 114[31m (20 FAILED)[39m (0 secs / 0.353 secs)
[1A[2KChrome 145.0.0.0 (Windows 10): Executed 29 of 114[31m (20 FAILED)[39m (0 secs / 0.403 secs)
[1A[2KChrome 145.0.0.0 (Windows 10): Executed 30 of 114[31m (20 FAILED)[39m (0 secs / 0.444 secs)
[1A[2KChrome 145.0.0.0 (Windows 10): Executed 31 of 114[31m (20 FAILED)[39m (0 secs / 0.452 secs)
[1A[2KChrome 145.0.0.0 (Windows 10): Executed 32 of 114[31m (20 FAILED)[39m (0 secs / 0.464 secs)
[1A[2KChrome 145.0.0.0 (Windows 10): Executed 33 of 114[31m (20 FAILED)[39m (0 secs / 0.487 secs)
[1A[2K[31mChrome 145.0.0.0 (Windows 10) OrderDetailComponent isPagoPendiente should return false if pedido is undefined FAILED[39m
	NullInjectorError: R3InjectorError(Standalone[OrderDetailComponent])[MaestrosService -> MaestrosService -> HttpClient -> HttpClient]: 
	  NullInjectorError: No provider for HttpClient!
	error properties: Object({ ngTempTokenPath: null, ngTokenPath: [ 'MaestrosService', 'MaestrosService', 'HttpClient', 'HttpClient' ] })
	    at NullInjector.get (node_modules/@angular/core/fesm2022/core.mjs:1663:27)
	    at R3Injector.get (node_modules/@angular/core/fesm2022/core.mjs:3109:33)
	    at R3Injector.get (node_modules/@angular/core/fesm2022/core.mjs:3109:33)
	    at injectInjectorOnly (node_modules/@angular/core/fesm2022/core.mjs:1107:40)
	    at ╔Á╔Áinject (node_modules/@angular/core/fesm2022/core.mjs:1113:60)
	    at Object.factory (ng:///MaestrosService/╔Áfac.js:4:59)
	    at callback (node_modules/@angular/core/fesm2022/core.mjs:3237:47)
	    at runInInjectorProfilerContext (node_modules/@angular/core/fesm2022/core.mjs:872:9)
	    at R3Injector.hydrate (node_modules/@angular/core/fesm2022/core.mjs:3236:21)
	    at R3Injector.get (node_modules/@angular/core/fesm2022/core.mjs:3099:33)
Chrome 145.0.0.0 (Windows 10): Executed 34 of 114[31m (21 FAILED)[39m (0 secs / 0.508 secs)
[1A[2K[31mChrome 145.0.0.0 (Windows 10) OrderDetailComponent isPagoPendiente should return false if estado is not PAGO_PENDIENTE FAILED[39m
	NullInjectorError: R3InjectorError(Standalone[OrderDetailComponent])[MaestrosService -> MaestrosService -> HttpClient -> HttpClient]: 
	  NullInjectorError: No provider for HttpClient!
	error properties: Object({ ngTempTokenPath: null, ngTokenPath: [ 'MaestrosService', 'MaestrosService', 'HttpClient', 'HttpClient' ] })
	    at NullInjector.get (node_modules/@angular/core/fesm2022/core.mjs:1663:27)
	    at R3Injector.get (node_modules/@angular/core/fesm2022/core.mjs:3109:33)
	    at R3Injector.get (node_modules/@angular/core/fesm2022/core.mjs:3109:33)
	    at injectInjectorOnly (node_modules/@angular/core/fesm2022/core.mjs:1107:40)
	    at ╔Á╔Áinject (node_modules/@angular/core/fesm2022/core.mjs:1113:60)
	    at Object.factory (ng:///MaestrosService/╔Áfac.js:4:59)
	    at callback (node_modules/@angular/core/fesm2022/core.mjs:3237:47)
	    at runInInjectorProfilerContext (node_modules/@angular/core/fesm2022/core.mjs:872:9)
	    at R3Injector.hydrate (node_modules/@angular/core/fesm2022/core.mjs:3236:21)
	    at R3Injector.get (node_modules/@angular/core/fesm2022/core.mjs:3099:33)
Chrome 145.0.0.0 (Windows 10): Executed 35 of 114[31m (22 FAILED)[39m (0 secs / 0.511 secs)
[1A[2K[31mChrome 145.0.0.0 (Windows 10) OrderDetailComponent isPagoPendiente should return true if estado is PAGO_ENDIENTE FAILED[39m
	NullInjectorError: R3InjectorError(Standalone[OrderDetailComponent])[MaestrosService -> MaestrosService -> HttpClient -> HttpClient]: 
	  NullInjectorError: No provider for HttpClient!
	error properties: Object({ ngTempTokenPath: null, ngTokenPath: [ 'MaestrosService', 'MaestrosService', 'HttpClient', 'HttpClient' ] })
	    at NullInjector.get (node_modules/@angular/core/fesm2022/core.mjs:1663:27)
	    at R3Injector.get (node_modules/@angular/core/fesm2022/core.mjs:3109:33)
	    at R3Injector.get (node_modules/@angular/core/fesm2022/core.mjs:3109:33)
	    at injectInjectorOnly (node_modules/@angular/core/fesm2022/core.mjs:1107:40)
	    at ╔Á╔Áinject (node_modules/@angular/core/fesm2022/core.mjs:1113:60)
	    at Object.factory (ng:///MaestrosService/╔Áfac.js:4:59)
	    at callback (node_modules/@angular/core/fesm2022/core.mjs:3237:47)
	    at runInInjectorProfilerContext (node_modules/@angular/core/fesm2022/core.mjs:872:9)
	    at R3Injector.hydrate (node_modules/@angular/core/fesm2022/core.mjs:3236:21)
	    at R3Injector.get (node_modules/@angular/core/fesm2022/core.mjs:3099:33)
Chrome 145.0.0.0 (Windows 10): Executed 36 of 114[31m (23 FAILED)[39m (0 secs / 0.515 secs)
[1A[2K[31mChrome 145.0.0.0 (Windows 10) OrderDetailComponent should create FAILED[39m
	NullInjectorError: R3InjectorError(Standalone[OrderDetailComponent])[MaestrosService -> MaestrosService -> HttpClient -> HttpClient]: 
	  NullInjectorError: No provider for HttpClient!
	error properties: Object({ ngTempTokenPath: null, ngTokenPath: [ 'MaestrosService', 'MaestrosService', 'HttpClient', 'HttpClient' ] })
	    at NullInjector.get (node_modules/@angular/core/fesm2022/core.mjs:1663:27)
	    at R3Injector.get (node_modules/@angular/core/fesm2022/core.mjs:3109:33)
	    at R3Injector.get (node_modules/@angular/core/fesm2022/core.mjs:3109:33)
	    at injectInjectorOnly (node_modules/@angular/core/fesm2022/core.mjs:1107:40)
	    at ╔Á╔Áinject (node_modules/@angular/core/fesm2022/core.mjs:1113:60)
	    at Object.factory (ng:///MaestrosService/╔Áfac.js:4:59)
	    at callback (node_modules/@angular/core/fesm2022/core.mjs:3237:47)
	    at runInInjectorProfilerContext (node_modules/@angular/core/fesm2022/core.mjs:872:9)
	    at R3Injector.hydrate (node_modules/@angular/core/fesm2022/core.mjs:3236:21)
	    at R3Injector.get (node_modules/@angular/core/fesm2022/core.mjs:3099:33)
Chrome 145.0.0.0 (Windows 10): Executed 37 of 114[31m (24 FAILED)[39m (0 secs / 0.518 secs)
[1A[2K[31mChrome 145.0.0.0 (Windows 10) OrderDetailComponent Template Rendering should display "Volver a mis pedidos" button and it should call volverAPedidos FAILED[39m
	NullInjectorError: R3InjectorError(Standalone[OrderDetailComponent])[MaestrosService -> MaestrosService -> HttpClient -> HttpClient]: 
	  NullInjectorError: No provider for HttpClient!
	error properties: Object({ ngTempTokenPath: null, ngTokenPath: [ 'MaestrosService', 'MaestrosService', 'HttpClient', 'HttpClient' ] })
	    at NullInjector.get (node_modules/@angular/core/fesm2022/core.mjs:1663:27)
	    at R3Injector.get (node_modules/@angular/core/fesm2022/core.mjs:3109:33)
	    at R3Injector.get (node_modules/@angular/core/fesm2022/core.mjs:3109:33)
	    at injectInjectorOnly (node_modules/@angular/core/fesm2022/core.mjs:1107:40)
	    at ╔Á╔Áinject (node_modules/@angular/core/fesm2022/core.mjs:1113:60)
	    at Object.factory (ng:///MaestrosService/╔Áfac.js:4:59)
	    at callback (node_modules/@angular/core/fesm2022/core.mjs:3237:47)
	    at runInInjectorProfilerContext (node_modules/@angular/core/fesm2022/core.mjs:872:9)
	    at R3Injector.hydrate (node_modules/@angular/core/fesm2022/core.mjs:3236:21)
	    at R3Injector.get (node_modules/@angular/core/fesm2022/core.mjs:3099:33)
Chrome 145.0.0.0 (Windows 10): Executed 38 of 114[31m (25 FAILED)[39m (0 secs / 0.52 secs)
[1A[2K[31mChrome 145.0.0.0 (Windows 10) OrderDetailComponent Template Rendering should display "Detalle del Pedido #ID" title FAILED[39m
	NullInjectorError: R3InjectorError(Standalone[OrderDetailComponent])[MaestrosService -> MaestrosService -> HttpClient -> HttpClient]: 
	  NullInjectorError: No provider for HttpClient!
	error properties: Object({ ngTempTokenPath: null, ngTokenPath: [ 'MaestrosService', 'MaestrosService', 'HttpClient', 'HttpClient' ] })
	    at NullInjector.get (node_modules/@angular/core/fesm2022/core.mjs:1663:27)
	    at R3Injector.get (node_modules/@angular/core/fesm2022/core.mjs:3109:33)
	    at R3Injector.get (node_modules/@angular/core/fesm2022/core.mjs:3109:33)
	    at injectInjectorOnly (node_modules/@angular/core/fesm2022/core.mjs:1107:40)
	    at ╔Á╔Áinject (node_modules/@angular/core/fesm2022/core.mjs:1113:60)
	    at Object.factory (ng:///MaestrosService/╔Áfac.js:4:59)
	    at callback (node_modules/@angular/core/fesm2022/core.mjs:3237:47)
	    at runInInjectorProfilerContext (node_modules/@angular/core/fesm2022/core.mjs:872:9)
	    at R3Injector.hydrate (node_modules/@angular/core/fesm2022/core.mjs:3236:21)
	    at R3Injector.get (node_modules/@angular/core/fesm2022/core.mjs:3099:33)
Chrome 145.0.0.0 (Windows 10): Executed 39 of 114[31m (26 FAILED)[39m (0 secs / 0.522 secs)
[1A[2K[31mChrome 145.0.0.0 (Windows 10) OrderDetailComponent Template Rendering should display general order information FAILED[39m
	NullInjectorError: R3InjectorError(Standalone[OrderDetailComponent])[MaestrosService -> MaestrosService -> HttpClient -> HttpClient]: 
	  NullInjectorError: No provider for HttpClient!
	error properties: Object({ ngTempTokenPath: null, ngTokenPath: [ 'MaestrosService', 'MaestrosService', 'HttpClient', 'HttpClient' ] })
	    at NullInjector.get (node_modules/@angular/core/fesm2022/core.mjs:1663:27)
	    at R3Injector.get (node_modules/@angular/core/fesm2022/core.mjs:3109:33)
	    at R3Injector.get (node_modules/@angular/core/fesm2022/core.mjs:3109:33)
	    at injectInjectorOnly (node_modules/@angular/core/fesm2022/core.mjs:1107:40)
	    at ╔Á╔Áinject (node_modules/@angular/core/fesm2022/core.mjs:1113:60)
	    at Object.factory (ng:///MaestrosService/╔Áfac.js:4:59)
	    at callback (node_modules/@angular/core/fesm2022/core.mjs:3237:47)
	    at runInInjectorProfilerContext (node_modules/@angular/core/fesm2022/core.mjs:872:9)
	    at R3Injector.hydrate (node_modules/@angular/core/fesm2022/core.mjs:3236:21)
	    at R3Injector.get (node_modules/@angular/core/fesm2022/core.mjs:3099:33)
Chrome 145.0.0.0 (Windows 10): Executed 40 of 114[31m (27 FAILED)[39m (0 secs / 0.525 secs)
[1A[2K[31mChrome 145.0.0.0 (Windows 10) OrderDetailComponent Template Rendering should call pagarAhora when "Pagar ahora" button is clicked FAILED[39m
	NullInjectorError: R3InjectorError(Standalone[OrderDetailComponent])[MaestrosService -> MaestrosService -> HttpClient -> HttpClient]: 
	  NullInjectorError: No provider for HttpClient!
	error properties: Object({ ngTempTokenPath: null, ngTokenPath: [ 'MaestrosService', 'MaestrosService', 'HttpClient', 'HttpClient' ] })
	    at NullInjector.get (node_modules/@angular/core/fesm2022/core.mjs:1663:27)
	    at R3Injector.get (node_modules/@angular/core/fesm2022/core.mjs:3109:33)
	    at R3Injector.get (node_modules/@angular/core/fesm2022/core.mjs:3109:33)
	    at injectInjectorOnly (node_modules/@angular/core/fesm2022/core.mjs:1107:40)
	    at ╔Á╔Áinject (node_modules/@angular/core/fesm2022/core.mjs:1113:60)
	    at Object.factory (ng:///MaestrosService/╔Áfac.js:4:59)
	    at callback (node_modules/@angular/core/fesm2022/core.mjs:3237:47)
	    at runInInjectorProfilerContext (node_modules/@angular/core/fesm2022/core.mjs:872:9)
	    at R3Injector.hydrate (node_modules/@angular/core/fesm2022/core.mjs:3236:21)
	    at R3Injector.get (node_modules/@angular/core/fesm2022/core.mjs:3099:33)
Chrome 145.0.0.0 (Windows 10): Executed 41 of 114[31m (28 FAILED)[39m (0 secs / 0.528 secs)
[1A[2K[31mChrome 145.0.0.0 (Windows 10) OrderDetailComponent Template Rendering should display "Pagar ahora" button if order status is PAGO_PENDIENTE FAILED[39m
	NullInjectorError: R3InjectorError(Standalone[OrderDetailComponent])[MaestrosService -> MaestrosService -> HttpClient -> HttpClient]: 
	  NullInjectorError: No provider for HttpClient!
	error properties: Object({ ngTempTokenPath: null, ngTokenPath: [ 'MaestrosService', 'MaestrosService', 'HttpClient', 'HttpClient' ] })
	    at NullInjector.get (node_modules/@angular/core/fesm2022/core.mjs:1663:27)
	    at R3Injector.get (node_modules/@angular/core/fesm2022/core.mjs:3109:33)
	    at R3Injector.get (node_modules/@angular/core/fesm2022/core.mjs:3109:33)
	    at injectInjectorOnly (node_modules/@angular/core/fesm2022/core.mjs:1107:40)
	    at ╔Á╔Áinject (node_modules/@angular/core/fesm2022/core.mjs:1113:60)
	    at Object.factory (ng:///MaestrosService/╔Áfac.js:4:59)
	    at callback (node_modules/@angular/core/fesm2022/core.mjs:3237:47)
	    at runInInjectorProfilerContext (node_modules/@angular/core/fesm2022/core.mjs:872:9)
	    at R3Injector.hydrate (node_modules/@angular/core/fesm2022/core.mjs:3236:21)
	    at R3Injector.get (node_modules/@angular/core/fesm2022/core.mjs:3099:33)
Chrome 145.0.0.0 (Windows 10): Executed 42 of 114[31m (29 FAILED)[39m (0 secs / 0.531 secs)
[1A[2K[31mChrome 145.0.0.0 (Windows 10) OrderDetailComponent Template Rendering should NOT display "Pagar ahora" button if order status is not PAGO_PENDIENTE FAILED[39m
	NullInjectorError: R3InjectorError(Standalone[OrderDetailComponent])[MaestrosService -> MaestrosService -> HttpClient -> HttpClient]: 
	  NullInjectorError: No provider for HttpClient!
	error properties: Object({ ngTempTokenPath: null, ngTokenPath: [ 'MaestrosService', 'MaestrosService', 'HttpClient', 'HttpClient' ] })
	    at NullInjector.get (node_modules/@angular/core/fesm2022/core.mjs:1663:27)
	    at R3Injector.get (node_modules/@angular/core/fesm2022/core.mjs:3109:33)
	    at R3Injector.get (node_modules/@angular/core/fesm2022/core.mjs:3109:33)
	    at injectInjectorOnly (node_modules/@angular/core/fesm2022/core.mjs:1107:40)
	    at ╔Á╔Áinject (node_modules/@angular/core/fesm2022/core.mjs:1113:60)
	    at Object.factory (ng:///MaestrosService/╔Áfac.js:4:59)
	    at callback (node_modules/@angular/core/fesm2022/core.mjs:3237:47)
	    at runInInjectorProfilerContext (node_modules/@angular/core/fesm2022/core.mjs:872:9)
	    at R3Injector.hydrate (node_modules/@angular/core/fesm2022/core.mjs:3236:21)
	    at R3Injector.get (node_modules/@angular/core/fesm2022/core.mjs:3099:33)
Chrome 145.0.0.0 (Windows 10): Executed 43 of 114[31m (30 FAILED)[39m (0 secs / 0.533 secs)
[1A[2K[31mChrome 145.0.0.0 (Windows 10) OrderDetailComponent Template Rendering should display order items FAILED[39m
	NullInjectorError: R3InjectorError(Standalone[OrderDetailComponent])[MaestrosService -> MaestrosService -> HttpClient -> HttpClient]: 
	  NullInjectorError: No provider for HttpClient!
	error properties: Object({ ngTempTokenPath: null, ngTokenPath: [ 'MaestrosService', 'MaestrosService', 'HttpClient', 'HttpClient' ] })
	    at NullInjector.get (node_modules/@angular/core/fesm2022/core.mjs:1663:27)
	    at R3Injector.get (node_modules/@angular/core/fesm2022/core.mjs:3109:33)
	    at R3Injector.get (node_modules/@angular/core/fesm2022/core.mjs:3109:33)
	    at injectInjectorOnly (node_modules/@angular/core/fesm2022/core.mjs:1107:40)
	    at ╔Á╔Áinject (node_modules/@angular/core/fesm2022/core.mjs:1113:60)
	    at Object.factory (ng:///MaestrosService/╔Áfac.js:4:59)
	    at callback (node_modules/@angular/core/fesm2022/core.mjs:3237:47)
	    at runInInjectorProfilerContext (node_modules/@angular/core/fesm2022/core.mjs:872:9)
	    at R3Injector.hydrate (node_modules/@angular/core/fesm2022/core.mjs:3236:21)
	    at R3Injector.get (node_modules/@angular/core/fesm2022/core.mjs:3099:33)
Chrome 145.0.0.0 (Windows 10): Executed 44 of 114[31m (31 FAILED)[39m (0 secs / 0.535 secs)
[1A[2K[31mChrome 145.0.0.0 (Windows 10) OrderDetailComponent ngOnInit should set errorMensaje and isLoading to false if service call fails FAILED[39m
	NullInjectorError: R3InjectorError(Standalone[OrderDetailComponent])[MaestrosService -> MaestrosService -> HttpClient -> HttpClient]: 
	  NullInjectorError: No provider for HttpClient!
	error properties: Object({ ngTempTokenPath: null, ngTokenPath: [ 'MaestrosService', 'MaestrosService', 'HttpClient', 'HttpClient' ] })
	    at NullInjector.get (node_modules/@angular/core/fesm2022/core.mjs:1663:27)
	    at R3Injector.get (node_modules/@angular/core/fesm2022/core.mjs:3109:33)
	    at R3Injector.get (node_modules/@angular/core/fesm2022/core.mjs:3109:33)
	    at injectInjectorOnly (node_modules/@angular/core/fesm2022/core.mjs:1107:40)
	    at ╔Á╔Áinject (node_modules/@angular/core/fesm2022/core.mjs:1113:60)
	    at Object.factory (ng:///MaestrosService/╔Áfac.js:4:59)
	    at callback (node_modules/@angular/core/fesm2022/core.mjs:3237:47)
	    at runInInjectorProfilerContext (node_modules/@angular/core/fesm2022/core.mjs:872:9)
	    at R3Injector.hydrate (node_modules/@angular/core/fesm2022/core.mjs:3236:21)
	    at R3Injector.get (node_modules/@angular/core/fesm2022/core.mjs:3099:33)
Chrome 145.0.0.0 (Windows 10): Executed 45 of 114[31m (32 FAILED)[39m (0 secs / 0.538 secs)
[1A[2K[31mChrome 145.0.0.0 (Windows 10) OrderDetailComponent ngOnInit should assign pedido data on successful fetch FAILED[39m
	NullInjectorError: R3InjectorError(Standalone[OrderDetailComponent])[MaestrosService -> MaestrosService -> HttpClient -> HttpClient]: 
	  NullInjectorError: No provider for HttpClient!
	error properties: Object({ ngTempTokenPath: null, ngTokenPath: [ 'MaestrosService', 'MaestrosService', 'HttpClient', 'HttpClient' ] })
	    at NullInjector.get (node_modules/@angular/core/fesm2022/core.mjs:1663:27)
	    at R3Injector.get (node_modules/@angular/core/fesm2022/core.mjs:3109:33)
	    at R3Injector.get (node_modules/@angular/core/fesm2022/core.mjs:3109:33)
	    at injectInjectorOnly (node_modules/@angular/core/fesm2022/core.mjs:1107:40)
	    at ╔Á╔Áinject (node_modules/@angular/core/fesm2022/core.mjs:1113:60)
	    at Object.factory (ng:///MaestrosService/╔Áfac.js:4:59)
	    at callback (node_modules/@angular/core/fesm2022/core.mjs:3237:47)
	    at runInInjectorProfilerContext (node_modules/@angular/core/fesm2022/core.mjs:872:9)
	    at R3Injector.hydrate (node_modules/@angular/core/fesm2022/core.mjs:3236:21)
	    at R3Injector.get (node_modules/@angular/core/fesm2022/core.mjs:3099:33)
Chrome 145.0.0.0 (Windows 10): Executed 46 of 114[31m (33 FAILED)[39m (0 secs / 0.54 secs)
[1A[2K[31mChrome 145.0.0.0 (Windows 10) OrderDetailComponent ngOnInit should set errorMensaje if idParam is not found in route FAILED[39m
	NullInjectorError: R3InjectorError(Standalone[OrderDetailComponent])[MaestrosService -> MaestrosService -> HttpClient -> HttpClient]: 
	  NullInjectorError: No provider for HttpClient!
	error properties: Object({ ngTempTokenPath: null, ngTokenPath: [ 'MaestrosService', 'MaestrosService', 'HttpClient', 'HttpClient' ] })
	    at NullInjector.get (node_modules/@angular/core/fesm2022/core.mjs:1663:27)
	    at R3Injector.get (node_modules/@angular/core/fesm2022/core.mjs:3109:33)
	    at R3Injector.get (node_modules/@angular/core/fesm2022/core.mjs:3109:33)
	    at injectInjectorOnly (node_modules/@angular/core/fesm2022/core.mjs:1107:40)
	    at ╔Á╔Áinject (node_modules/@angular/core/fesm2022/core.mjs:1113:60)
	    at Object.factory (ng:///MaestrosService/╔Áfac.js:4:59)
	    at callback (node_modules/@angular/core/fesm2022/core.mjs:3237:47)
	    at runInInjectorProfilerContext (node_modules/@angular/core/fesm2022/core.mjs:872:9)
	    at R3Injector.hydrate (node_modules/@angular/core/fesm2022/core.mjs:3236:21)
	    at R3Injector.get (node_modules/@angular/core/fesm2022/core.mjs:3099:33)
Chrome 145.0.0.0 (Windows 10): Executed 47 of 114[31m (34 FAILED)[39m (0 secs / 0.543 secs)
[1A[2K[31mChrome 145.0.0.0 (Windows 10) OrderDetailComponent ngOnInit should call pedidoService.getOrderById with correct ID and set isLoading correctly FAILED[39m
	NullInjectorError: R3InjectorError(Standalone[OrderDetailComponent])[MaestrosService -> MaestrosService -> HttpClient -> HttpClient]: 
	  NullInjectorError: No provider for HttpClient!
	error properties: Object({ ngTempTokenPath: null, ngTokenPath: [ 'MaestrosService', 'MaestrosService', 'HttpClient', 'HttpClient' ] })
	    at NullInjector.get (node_modules/@angular/core/fesm2022/core.mjs:1663:27)
	    at R3Injector.get (node_modules/@angular/core/fesm2022/core.mjs:3109:33)
	    at R3Injector.get (node_modules/@angular/core/fesm2022/core.mjs:3109:33)
	    at injectInjectorOnly (node_modules/@angular/core/fesm2022/core.mjs:1107:40)
	    at ╔Á╔Áinject (node_modules/@angular/core/fesm2022/core.mjs:1113:60)
	    at Object.factory (ng:///MaestrosService/╔Áfac.js:4:59)
	    at callback (node_modules/@angular/core/fesm2022/core.mjs:3237:47)
	    at runInInjectorProfilerContext (node_modules/@angular/core/fesm2022/core.mjs:872:9)
	    at R3Injector.hydrate (node_modules/@angular/core/fesm2022/core.mjs:3236:21)
	    at R3Injector.get (node_modules/@angular/core/fesm2022/core.mjs:3099:33)
Chrome 145.0.0.0 (Windows 10): Executed 48 of 114[31m (35 FAILED)[39m (0 secs / 0.545 secs)
[1A[2K[31mChrome 145.0.0.0 (Windows 10) OrderDetailComponent volverAPedidos should navigate to /pedidos FAILED[39m
	NullInjectorError: R3InjectorError(Standalone[OrderDetailComponent])[MaestrosService -> MaestrosService -> HttpClient -> HttpClient]: 
	  NullInjectorError: No provider for HttpClient!
	error properties: Object({ ngTempTokenPath: null, ngTokenPath: [ 'MaestrosService', 'MaestrosService', 'HttpClient', 'HttpClient' ] })
	    at NullInjector.get (node_modules/@angular/core/fesm2022/core.mjs:1663:27)
	    at R3Injector.get (node_modules/@angular/core/fesm2022/core.mjs:3109:33)
	    at R3Injector.get (node_modules/@angular/core/fesm2022/core.mjs:3109:33)
	    at injectInjectorOnly (node_modules/@angular/core/fesm2022/core.mjs:1107:40)
	    at ╔Á╔Áinject (node_modules/@angular/core/fesm2022/core.mjs:1113:60)
	    at Object.factory (ng:///MaestrosService/╔Áfac.js:4:59)
	    at callback (node_modules/@angular/core/fesm2022/core.mjs:3237:47)
	    at runInInjectorProfilerContext (node_modules/@angular/core/fesm2022/core.mjs:872:9)
	    at R3Injector.hydrate (node_modules/@angular/core/fesm2022/core.mjs:3236:21)
	    at R3Injector.get (node_modules/@angular/core/fesm2022/core.mjs:3099:33)
Chrome 145.0.0.0 (Windows 10): Executed 49 of 114[31m (36 FAILED)[39m (0 secs / 0.548 secs)
[1A[2K[31mChrome 145.0.0.0 (Windows 10) OrderDetailComponent pagarAhora should navigate to /pago/:id when pedido exists FAILED[39m
	NullInjectorError: R3InjectorError(Standalone[OrderDetailComponent])[MaestrosService -> MaestrosService -> HttpClient -> HttpClient]: 
	  NullInjectorError: No provider for HttpClient!
	error properties: Object({ ngTempTokenPath: null, ngTokenPath: [ 'MaestrosService', 'MaestrosService', 'HttpClient', 'HttpClient' ] })
	    at NullInjector.get (node_modules/@angular/core/fesm2022/core.mjs:1663:27)
	    at R3Injector.get (node_modules/@angular/core/fesm2022/core.mjs:3109:33)
	    at R3Injector.get (node_modules/@angular/core/fesm2022/core.mjs:3109:33)
	    at injectInjectorOnly (node_modules/@angular/core/fesm2022/core.mjs:1107:40)
	    at ╔Á╔Áinject (node_modules/@angular/core/fesm2022/core.mjs:1113:60)
	    at Object.factory (ng:///MaestrosService/╔Áfac.js:4:59)
	    at callback (node_modules/@angular/core/fesm2022/core.mjs:3237:47)
	    at runInInjectorProfilerContext (node_modules/@angular/core/fesm2022/core.mjs:872:9)
	    at R3Injector.hydrate (node_modules/@angular/core/fesm2022/core.mjs:3236:21)
	    at R3Injector.get (node_modules/@angular/core/fesm2022/core.mjs:3099:33)
Chrome 145.0.0.0 (Windows 10): Executed 50 of 114[31m (37 FAILED)[39m (0 secs / 0.551 secs)
[1A[2K[31mChrome 145.0.0.0 (Windows 10) OrderDetailComponent pagarAhora should do nothing if pedido is null FAILED[39m
	NullInjectorError: R3InjectorError(Standalone[OrderDetailComponent])[MaestrosService -> MaestrosService -> HttpClient -> HttpClient]: 
	  NullInjectorError: No provider for HttpClient!
	error properties: Object({ ngTempTokenPath: null, ngTokenPath: [ 'MaestrosService', 'MaestrosService', 'HttpClient', 'HttpClient' ] })
	    at NullInjector.get (node_modules/@angular/core/fesm2022/core.mjs:1663:27)
	    at R3Injector.get (node_modules/@angular/core/fesm2022/core.mjs:3109:33)
	    at R3Injector.get (node_modules/@angular/core/fesm2022/core.mjs:3109:33)
	    at injectInjectorOnly (node_modules/@angular/core/fesm2022/core.mjs:1107:40)
	    at ╔Á╔Áinject (node_modules/@angular/core/fesm2022/core.mjs:1113:60)
	    at Object.factory (ng:///MaestrosService/╔Áfac.js:4:59)
	    at callback (node_modules/@angular/core/fesm2022/core.mjs:3237:47)
	    at runInInjectorProfilerContext (node_modules/@angular/core/fesm2022/core.mjs:872:9)
	    at R3Injector.hydrate (node_modules/@angular/core/fesm2022/core.mjs:3236:21)
	    at R3Injector.get (node_modules/@angular/core/fesm2022/core.mjs:3099:33)
Chrome 145.0.0.0 (Windows 10): Executed 51 of 114[31m (38 FAILED)[39m (0 secs / 0.554 secs)
[1A[2KChrome 145.0.0.0 (Windows 10): Executed 52 of 114[31m (38 FAILED)[39m (0 secs / 0.557 secs)
[1A[2KChrome 145.0.0.0 (Windows 10): Executed 53 of 114[31m (38 FAILED)[39m (0 secs / 0.559 secs)
[1A[2KChrome 145.0.0.0 (Windows 10): Executed 54 of 114[31m (38 FAILED)[39m (0 secs / 0.564 secs)
[1A[2KChrome 145.0.0.0 (Windows 10): Executed 55 of 114[31m (38 FAILED)[39m (0 secs / 0.568 secs)
[1A[2KChrome 145.0.0.0 (Windows 10): Executed 56 of 114[31m (38 FAILED)[39m (0 secs / 0.573 secs)
[1A[2KChrome 145.0.0.0 (Windows 10): Executed 57 of 114[31m (38 FAILED)[39m (0 secs / 0.602 secs)
[1A[2KChrome 145.0.0.0 (Windows 10): Executed 58 of 114[31m (38 FAILED)[39m (0 secs / 0.651 secs)
[1A[2KChrome 145.0.0.0 (Windows 10): Executed 59 of 114[31m (38 FAILED)[39m (0 secs / 0.663 secs)
[1A[2KChrome 145.0.0.0 (Windows 10): Executed 60 of 114[31m (38 FAILED)[39m (0 secs / 0.674 secs)
[1A[2K[31mChrome 145.0.0.0 (Windows 10) CheckoutComponent should autocompletar documento cuando user llega con alias de campos FAILED[39m
	Expected 'DNI' to be 'CEDULA'.
	    at <Jasmine>
	    at UserContext.apply (src/app/components/pages/checkout/checkout.component.spec.ts:149:64)
	    at _ZoneDelegate.invoke (node_modules/zone.js/fesm2015/zone.js:369:28)
	    at ProxyZoneSpec.onInvoke (node_modules/zone.js/fesm2015/zone-testing.js:2081:39)
	    at _ZoneDelegate.invoke (node_modules/zone.js/fesm2015/zone.js:368:34)
Chrome 145.0.0.0 (Windows 10): Executed 61 of 114[31m (39 FAILED)[39m (0 secs / 0.69 secs)
[1A[2KChrome 145.0.0.0 (Windows 10): Executed 62 of 114[31m (39 FAILED)[39m (0 secs / 0.702 secs)
[1A[2KChrome 145.0.0.0 (Windows 10): Executed 63 of 114[31m (39 FAILED)[39m (0 secs / 0.723 secs)
[1A[2KChrome 145.0.0.0 (Windows 10): Executed 64 of 114[31m (39 FAILED)[39m (0 secs / 0.728 secs)
[1A[2KChrome 145.0.0.0 (Windows 10): Executed 65 of 114[31m (39 FAILED)[39m (0 secs / 0.735 secs)
[1A[2KChrome 145.0.0.0 (Windows 10): Executed 66 of 114[31m (39 FAILED)[39m (0 secs / 0.74 secs)
[1A[2KChrome 145.0.0.0 (Windows 10): Executed 67 of 114[31m (39 FAILED)[39m (0 secs / 0.747 secs)
[1A[2KChrome 145.0.0.0 (Windows 10): Executed 68 of 114[31m (39 FAILED)[39m (0 secs / 0.751 secs)
[1A[2KChrome 145.0.0.0 (Windows 10): Executed 69 of 114[31m (39 FAILED)[39m (0 secs / 0.758 secs)
[1A[2KChrome 145.0.0.0 (Windows 10): Executed 70 of 114[31m (39 FAILED)[39m (0 secs / 0.765 secs)
[1A[2KChrome 145.0.0.0 (Windows 10): Executed 71 of 114[31m (39 FAILED)[39m (0 secs / 0.774 secs)
[1A[2KChrome 145.0.0.0 (Windows 10): Executed 72 of 114[31m (39 FAILED)[39m (0 secs / 0.78 secs)
[1A[2KChrome 145.0.0.0 (Windows 10): Executed 73 of 114[31m (39 FAILED)[39m (0 secs / 0.787 secs)
[1A[2KChrome 145.0.0.0 (Windows 10): Executed 74 of 114[31m (39 FAILED)[39m (0 secs / 0.806 secs)
[1A[2KChrome 145.0.0.0 (Windows 10): Executed 75 of 114[31m (39 FAILED)[39m (0 secs / 0.813 secs)
[1A[2KChrome 145.0.0.0 (Windows 10): Executed 76 of 114[31m (39 FAILED)[39m (0 secs / 0.815 secs)
[1A[2KChrome 145.0.0.0 (Windows 10): Executed 77 of 114[31m (39 FAILED)[39m (0 secs / 0.838 secs)
[1A[2K[31mChrome 145.0.0.0 (Windows 10) PedidoService getOrders should return a list of orders on successful GET request FAILED[39m
	Error: Expected one matching request for criteria "Match URL: http://localhost:8080/api/orders", found none. Requests received are: GET http://localhost:8080/api/v1/orders.
	    at HttpClientTestingBackend.expectOne (node_modules/@angular/common/fesm2022/http/testing.mjs:270:19)
	    at UserContext.apply (src/app/services/pedido.service.spec.ts:40:28)
	    at _ZoneDelegate.invoke (node_modules/zone.js/fesm2015/zone.js:369:28)
	    at ProxyZoneSpec.onInvoke (node_modules/zone.js/fesm2015/zone-testing.js:2081:39)
	    at _ZoneDelegate.invoke (node_modules/zone.js/fesm2015/zone.js:368:34)
	    at ZoneImpl.run (node_modules/zone.js/fesm2015/zone.js:111:43)
	    at runInTestZone (node_modules/zone.js/fesm2015/zone-testing.js:216:38)
	    at UserContext.<anonymous> (node_modules/zone.js/fesm2015/zone-testing.js:234:32)
	    at <Jasmine>
	Error: Expected no open requests, found 1: GET http://localhost:8080/api/v1/orders
	    at HttpClientTestingBackend.verify (node_modules/@angular/common/fesm2022/http/testing.mjs:298:19)
	    at UserContext.apply (src/app/services/pedido.service.spec.ts:21:14)
	    at _ZoneDelegate.invoke (node_modules/zone.js/fesm2015/zone.js:369:28)
	    at ProxyZoneSpec.onInvoke (node_modules/zone.js/fesm2015/zone-testing.js:2081:39)
	    at _ZoneDelegate.invoke (node_modules/zone.js/fesm2015/zone.js:368:34)
	    at ZoneImpl.run (node_modules/zone.js/fesm2015/zone.js:111:43)
	    at runInTestZone (node_modules/zone.js/fesm2015/zone-testing.js:216:38)
	    at UserContext.<anonymous> (node_modules/zone.js/fesm2015/zone-testing.js:234:32)
	    at <Jasmine>
Chrome 145.0.0.0 (Windows 10): Executed 78 of 114[31m (40 FAILED)[39m (0 secs / 0.841 secs)
[1A[2K[31mChrome 145.0.0.0 (Windows 10) PedidoService getOrders should handle errors when fetching orders FAILED[39m
	Error: Expected one matching request for criteria "Match URL: http://localhost:8080/api/orders", found none. Requests received are: GET http://localhost:8080/api/v1/orders.
	    at HttpClientTestingBackend.expectOne (node_modules/@angular/common/fesm2022/http/testing.mjs:270:19)
	    at UserContext.apply (src/app/services/pedido.service.spec.ts:55:28)
	    at _ZoneDelegate.invoke (node_modules/zone.js/fesm2015/zone.js:369:28)
	    at ProxyZoneSpec.onInvoke (node_modules/zone.js/fesm2015/zone-testing.js:2081:39)
	    at _ZoneDelegate.invoke (node_modules/zone.js/fesm2015/zone.js:368:34)
	    at ZoneImpl.run (node_modules/zone.js/fesm2015/zone.js:111:43)
	    at runInTestZone (node_modules/zone.js/fesm2015/zone-testing.js:216:38)
	    at UserContext.<anonymous> (node_modules/zone.js/fesm2015/zone-testing.js:234:32)
	    at <Jasmine>
	Error: Expected no open requests, found 1: GET http://localhost:8080/api/v1/orders
	    at HttpClientTestingBackend.verify (node_modules/@angular/common/fesm2022/http/testing.mjs:298:19)
	    at UserContext.apply (src/app/services/pedido.service.spec.ts:21:14)
	    at _ZoneDelegate.invoke (node_modules/zone.js/fesm2015/zone.js:369:28)
	    at ProxyZoneSpec.onInvoke (node_modules/zone.js/fesm2015/zone-testing.js:2081:39)
	    at _ZoneDelegate.invoke (node_modules/zone.js/fesm2015/zone.js:368:34)
	    at ZoneImpl.run (node_modules/zone.js/fesm2015/zone.js:111:43)
	    at runInTestZone (node_modules/zone.js/fesm2015/zone-testing.js:216:38)
	    at UserContext.<anonymous> (node_modules/zone.js/fesm2015/zone-testing.js:234:32)
	    at <Jasmine>
Chrome 145.0.0.0 (Windows 10): Executed 79 of 114[31m (41 FAILED)[39m (0 secs / 0.843 secs)
[1A[2KChrome 145.0.0.0 (Windows 10): Executed 80 of 114[31m (41 FAILED)[39m (0 secs / 0.844 secs)
[1A[2K[31mChrome 145.0.0.0 (Windows 10) PedidoService getVoucherUrl should call GET /orders/:id/voucher-url (not /pedidos) FAILED[39m
	Error: Expected one matching request for criteria "Match URL: http://localhost:8080/api/orders/42/voucher-url", found none. Requests received are: GET http://localhost:8080/api/v1/orders/42/voucher-url.
	    at HttpClientTestingBackend.expectOne (node_modules/@angular/common/fesm2022/http/testing.mjs:270:19)
	    at UserContext.apply (src/app/services/pedido.service.spec.ts:96:28)
	    at _ZoneDelegate.invoke (node_modules/zone.js/fesm2015/zone.js:369:28)
	    at ProxyZoneSpec.onInvoke (node_modules/zone.js/fesm2015/zone-testing.js:2081:39)
	    at _ZoneDelegate.invoke (node_modules/zone.js/fesm2015/zone.js:368:34)
	    at ZoneImpl.run (node_modules/zone.js/fesm2015/zone.js:111:43)
	    at runInTestZone (node_modules/zone.js/fesm2015/zone-testing.js:216:38)
	    at UserContext.<anonymous> (node_modules/zone.js/fesm2015/zone-testing.js:234:32)
	    at <Jasmine>
	Error: Expected no open requests, found 1: GET http://localhost:8080/api/v1/orders/42/voucher-url
	    at HttpClientTestingBackend.verify (node_modules/@angular/common/fesm2022/http/testing.mjs:298:19)
	    at UserContext.apply (src/app/services/pedido.service.spec.ts:21:14)
	    at _ZoneDelegate.invoke (node_modules/zone.js/fesm2015/zone.js:369:28)
	    at ProxyZoneSpec.onInvoke (node_modules/zone.js/fesm2015/zone-testing.js:2081:39)
	    at _ZoneDelegate.invoke (node_modules/zone.js/fesm2015/zone.js:368:34)
	    at ZoneImpl.run (node_modules/zone.js/fesm2015/zone.js:111:43)
	    at runInTestZone (node_modules/zone.js/fesm2015/zone-testing.js:216:38)
	    at UserContext.<anonymous> (node_modules/zone.js/fesm2015/zone-testing.js:234:32)
	    at <Jasmine>
Chrome 145.0.0.0 (Windows 10): Executed 81 of 114[31m (42 FAILED)[39m (0 secs / 0.845 secs)
[1A[2K[31mChrome 145.0.0.0 (Windows 10) PedidoService getOrderById should handle errors when fetching a single order FAILED[39m
	Error: Expected one matching request for criteria "Match URL: http://localhost:8080/api/orders/1", found none. Requests received are: GET http://localhost:8080/api/v1/orders/1.
	    at HttpClientTestingBackend.expectOne (node_modules/@angular/common/fesm2022/http/testing.mjs:270:19)
	    at UserContext.apply (src/app/services/pedido.service.spec.ts:86:28)
	    at _ZoneDelegate.invoke (node_modules/zone.js/fesm2015/zone.js:369:28)
	    at ProxyZoneSpec.onInvoke (node_modules/zone.js/fesm2015/zone-testing.js:2081:39)
	    at _ZoneDelegate.invoke (node_modules/zone.js/fesm2015/zone.js:368:34)
	    at ZoneImpl.run (node_modules/zone.js/fesm2015/zone.js:111:43)
	    at runInTestZone (node_modules/zone.js/fesm2015/zone-testing.js:216:38)
	    at UserContext.<anonymous> (node_modules/zone.js/fesm2015/zone-testing.js:234:32)
	    at <Jasmine>
	Error: Expected no open requests, found 1: GET http://localhost:8080/api/v1/orders/1
	    at HttpClientTestingBackend.verify (node_modules/@angular/common/fesm2022/http/testing.mjs:298:19)
	    at UserContext.apply (src/app/services/pedido.service.spec.ts:21:14)
	    at _ZoneDelegate.invoke (node_modules/zone.js/fesm2015/zone.js:369:28)
	    at ProxyZoneSpec.onInvoke (node_modules/zone.js/fesm2015/zone-testing.js:2081:39)
	    at _ZoneDelegate.invoke (node_modules/zone.js/fesm2015/zone.js:368:34)
	    at ZoneImpl.run (node_modules/zone.js/fesm2015/zone.js:111:43)
	    at runInTestZone (node_modules/zone.js/fesm2015/zone-testing.js:216:38)
	    at UserContext.<anonymous> (node_modules/zone.js/fesm2015/zone-testing.js:234:32)
	    at <Jasmine>
Chrome 145.0.0.0 (Windows 10): Executed 82 of 114[31m (43 FAILED)[39m (0 secs / 0.847 secs)
[1A[2K[31mChrome 145.0.0.0 (Windows 10) PedidoService getOrderById should return a single order on successful GET request FAILED[39m
	Error: Expected one matching request for criteria "Match URL: http://localhost:8080/api/orders/1", found none. Requests received are: GET http://localhost:8080/api/v1/orders/1.
	    at HttpClientTestingBackend.expectOne (node_modules/@angular/common/fesm2022/http/testing.mjs:270:19)
	    at UserContext.apply (src/app/services/pedido.service.spec.ts:70:28)
	    at _ZoneDelegate.invoke (node_modules/zone.js/fesm2015/zone.js:369:28)
	    at ProxyZoneSpec.onInvoke (node_modules/zone.js/fesm2015/zone-testing.js:2081:39)
	    at _ZoneDelegate.invoke (node_modules/zone.js/fesm2015/zone.js:368:34)
	    at ZoneImpl.run (node_modules/zone.js/fesm2015/zone.js:111:43)
	    at runInTestZone (node_modules/zone.js/fesm2015/zone-testing.js:216:38)
	    at UserContext.<anonymous> (node_modules/zone.js/fesm2015/zone-testing.js:234:32)
	    at <Jasmine>
	Error: Expected no open requests, found 1: GET http://localhost:8080/api/v1/orders/1
	    at HttpClientTestingBackend.verify (node_modules/@angular/common/fesm2022/http/testing.mjs:298:19)
	    at UserContext.apply (src/app/services/pedido.service.spec.ts:21:14)
	    at _ZoneDelegate.invoke (node_modules/zone.js/fesm2015/zone.js:369:28)
	    at ProxyZoneSpec.onInvoke (node_modules/zone.js/fesm2015/zone-testing.js:2081:39)
	    at _ZoneDelegate.invoke (node_modules/zone.js/fesm2015/zone.js:368:34)
	    at ZoneImpl.run (node_modules/zone.js/fesm2015/zone.js:111:43)
	    at runInTestZone (node_modules/zone.js/fesm2015/zone-testing.js:216:38)
	    at UserContext.<anonymous> (node_modules/zone.js/fesm2015/zone-testing.js:234:32)
	    at <Jasmine>
Chrome 145.0.0.0 (Windows 10): Executed 83 of 114[31m (44 FAILED)[39m (0 secs / 0.849 secs)
[1A[2KChrome 145.0.0.0 (Windows 10): Executed 84 of 114[31m (44 FAILED)[39m (0 secs / 0.851 secs)
[1A[2K[31mChrome 145.0.0.0 (Windows 10) PagoService confirmarPagoMercadoPago should handle HTTP errors correctly FAILED[39m
	Error: Expected one matching request for criteria "Match URL: http://localhost:8080/api/orders/456/confirmar-pago-mercadopago", found none. Requests received are: POST http://localhost:8080/api/v1/orders/456/confirmar-pago-mercadopago.
	    at HttpClientTestingBackend.expectOne (node_modules/@angular/common/fesm2022/http/testing.mjs:270:19)
	    at UserContext.apply (src/app/services/pago.service.spec.ts:55:28)
	    at _ZoneDelegate.invoke (node_modules/zone.js/fesm2015/zone.js:369:28)
	    at ProxyZoneSpec.onInvoke (node_modules/zone.js/fesm2015/zone-testing.js:2081:39)
	    at _ZoneDelegate.invoke (node_modules/zone.js/fesm2015/zone.js:368:34)
	    at ZoneImpl.run (node_modules/zone.js/fesm2015/zone.js:111:43)
	    at runInTestZone (node_modules/zone.js/fesm2015/zone-testing.js:216:38)
	    at UserContext.<anonymous> (node_modules/zone.js/fesm2015/zone-testing.js:234:32)
	    at <Jasmine>
	Error: Expected no open requests, found 1: POST http://localhost:8080/api/v1/orders/456/confirmar-pago-mercadopago
	    at HttpClientTestingBackend.verify (node_modules/@angular/common/fesm2022/http/testing.mjs:298:19)
	    at UserContext.apply (src/app/services/pago.service.spec.ts:20:14)
	    at _ZoneDelegate.invoke (node_modules/zone.js/fesm2015/zone.js:369:28)
	    at ProxyZoneSpec.onInvoke (node_modules/zone.js/fesm2015/zone-testing.js:2081:39)
	    at _ZoneDelegate.invoke (node_modules/zone.js/fesm2015/zone.js:368:34)
	    at ZoneImpl.run (node_modules/zone.js/fesm2015/zone.js:111:43)
	    at runInTestZone (node_modules/zone.js/fesm2015/zone-testing.js:216:38)
	    at UserContext.<anonymous> (node_modules/zone.js/fesm2015/zone-testing.js:234:32)
	    at <Jasmine>
Chrome 145.0.0.0 (Windows 10): Executed 85 of 114[31m (45 FAILED)[39m (0 secs / 0.853 secs)
[1A[2K[31mChrome 145.0.0.0 (Windows 10) PagoService confirmarPagoMercadoPago should make a POST request to the correct URL and return data on success FAILED[39m
	Error: Expected one matching request for criteria "Match URL: http://localhost:8080/api/orders/123/confirmar-pago-mercadopago", found none. Requests received are: POST http://localhost:8080/api/v1/orders/123/confirmar-pago-mercadopago.
	    at HttpClientTestingBackend.expectOne (node_modules/@angular/common/fesm2022/http/testing.mjs:270:19)
	    at UserContext.apply (src/app/services/pago.service.spec.ts:36:28)
	    at _ZoneDelegate.invoke (node_modules/zone.js/fesm2015/zone.js:369:28)
	    at ProxyZoneSpec.onInvoke (node_modules/zone.js/fesm2015/zone-testing.js:2081:39)
	    at _ZoneDelegate.invoke (node_modules/zone.js/fesm2015/zone.js:368:34)
	    at ZoneImpl.run (node_modules/zone.js/fesm2015/zone.js:111:43)
	    at runInTestZone (node_modules/zone.js/fesm2015/zone-testing.js:216:38)
	    at UserContext.<anonymous> (node_modules/zone.js/fesm2015/zone-testing.js:234:32)
	    at <Jasmine>
	Error: Expected no open requests, found 1: POST http://localhost:8080/api/v1/orders/123/confirmar-pago-mercadopago
	    at HttpClientTestingBackend.verify (node_modules/@angular/common/fesm2022/http/testing.mjs:298:19)
	    at UserContext.apply (src/app/services/pago.service.spec.ts:20:14)
	    at _ZoneDelegate.invoke (node_modules/zone.js/fesm2015/zone.js:369:28)
	    at ProxyZoneSpec.onInvoke (node_modules/zone.js/fesm2015/zone-testing.js:2081:39)
	    at _ZoneDelegate.invoke (node_modules/zone.js/fesm2015/zone.js:368:34)
	    at ZoneImpl.run (node_modules/zone.js/fesm2015/zone.js:111:43)
	    at runInTestZone (node_modules/zone.js/fesm2015/zone-testing.js:216:38)
	    at UserContext.<anonymous> (node_modules/zone.js/fesm2015/zone-testing.js:234:32)
	    at <Jasmine>
Chrome 145.0.0.0 (Windows 10): Executed 86 of 114[31m (46 FAILED)[39m (0 secs / 0.854 secs)
[1A[2KChrome 145.0.0.0 (Windows 10): Executed 87 of 114[31m (46 FAILED)[39m (0 secs / 0.857 secs)
[1A[2KChrome 145.0.0.0 (Windows 10): Executed 88 of 114[31m (46 FAILED)[39m (0 secs / 0.858 secs)
[1A[2KChrome 145.0.0.0 (Windows 10): Executed 89 of 114[31m (46 FAILED)[39m (0 secs / 0.86 secs)
[1A[2KChrome 145.0.0.0 (Windows 10): Executed 90 of 114[31m (46 FAILED)[39m (0 secs / 0.861 secs)
[1A[2KChrome 145.0.0.0 (Windows 10): Executed 91 of 114[31m (46 FAILED)[39m (0 secs / 0.862 secs)
[1A[2KChrome 145.0.0.0 (Windows 10): Executed 92 of 114[31m (46 FAILED)[39m (0 secs / 0.863 secs)
[1A[2KChrome 145.0.0.0 (Windows 10): Executed 93 of 114[31m (46 FAILED)[39m (0 secs / 0.864 secs)
[1A[2KChrome 145.0.0.0 (Windows 10): Executed 94 of 114[31m (46 FAILED)[39m (0 secs / 0.865 secs)
[1A[2KChrome 145.0.0.0 (Windows 10): Executed 95 of 114[31m (46 FAILED)[39m (0 secs / 0.866 secs)
[1A[2KChrome 145.0.0.0 (Windows 10): Executed 96 of 114[31m (46 FAILED)[39m (0 secs / 0.867 secs)
[1A[2KChrome 145.0.0.0 (Windows 10): Executed 97 of 114[31m (46 FAILED)[39m (0 secs / 0.87 secs)
[1A[2KChrome 145.0.0.0 (Windows 10): Executed 98 of 114[31m (46 FAILED)[39m (0 secs / 0.871 secs)
[1A[2KChrome 145.0.0.0 (Windows 10): Executed 99 of 114[31m (46 FAILED)[39m (0 secs / 0.872 secs)
[1A[2KChrome 145.0.0.0 (Windows 10): Executed 100 of 114[31m (46 FAILED)[39m (0 secs / 0.873 secs)
[1A[2KChrome 145.0.0.0 (Windows 10): Executed 101 of 114[31m (46 FAILED)[39m (0 secs / 0.874 secs)
[1A[2KChrome 145.0.0.0 (Windows 10): Executed 102 of 114[31m (46 FAILED)[39m (0 secs / 0.875 secs)
[1A[2KChrome 145.0.0.0 (Windows 10): Executed 103 of 114[31m (46 FAILED)[39m (0 secs / 0.876 secs)
[1A[2KChrome 145.0.0.0 (Windows 10): Executed 104 of 114[31m (46 FAILED)[39m (0 secs / 0.877 secs)
[1A[2KChrome 145.0.0.0 (Windows 10): Executed 105 of 114[31m (46 FAILED)[39m (0 secs / 0.879 secs)
[1A[2KChrome 145.0.0.0 (Windows 10): Executed 106 of 114[31m (46 FAILED)[39m (0 secs / 0.88 secs)
[1A[2KChrome 145.0.0.0 (Windows 10): Executed 107 of 114[31m (46 FAILED)[39m (0 secs / 0.885 secs)
[1A[2KChrome 145.0.0.0 (Windows 10): Executed 108 of 114[31m (46 FAILED)[39m (0 secs / 0.889 secs)
[1A[2KChrome 145.0.0.0 (Windows 10): Executed 109 of 114[31m (46 FAILED)[39m (0 secs / 1.097 secs)
[1A[2KChrome 145.0.0.0 (Windows 10): Executed 110 of 114[31m (46 FAILED)[39m (0 secs / 1.127 secs)
[1A[2KChrome 145.0.0.0 (Windows 10): Executed 111 of 114[31m (46 FAILED)[39m (0 secs / 1.136 secs)
[1A[2KChrome 145.0.0.0 (Windows 10): Executed 112 of 114[31m (46 FAILED)[39m (0 secs / 1.147 secs)
[1A[2KChrome 145.0.0.0 (Windows 10): Executed 113 of 114[31m (46 FAILED)[39m (0 secs / 1.149 secs)
[1A[2KChrome 145.0.0.0 (Windows 10): Executed 114 of 114[31m (46 FAILED)[39m (0 secs / 1.151 secs)
[1A[2KChrome 145.0.0.0 (Windows 10): Executed 114 of 114[31m (46 FAILED)[39m (1.238 secs / 1.151 secs)
[31mTOTAL: 46 FAILED, 68 SUCCESS[39m
Ô£ö Browser application bundle generation 
complete.
Chrome 145.0.0.0 (Windows 10): Executed 0 of 114[32m SUCCESS[39m (0 secs / 0 secs)
[1A[2KChrome 145.0.0.0 (Windows 10): Executed 1 of 114[32m SUCCESS[39m (0 secs / 0.176 secs)
[1A[2KERROR: [36m'Error fetching orders:', Object{status: 500, message: 'Server Error'}[39m
Chrome 145.0.0.0 (Windows 10): Executed 1 of 114[32m SUCCESS[39m (0 secs / 0.176 secs)
ERROR: 'Error fetching orders:', Object{status: 500, message: 'Server Error'}
[1A[2KChrome 145.0.0.0 (Windows 10): Executed 2 of 114[32m SUCCESS[39m (0 secs / 0.234 secs)
[1A[2K[31mChrome 145.0.0.0 (Windows 10) OrderListComponent ngOnInit should assign pedidos on successful data fetch FAILED[39m
	Expected 0 to be 2.
	    at <Jasmine>
	    at UserContext.apply (src/app/components/pages/order-list/order-list.component.spec.ts:70:40)
	    at UserContext.apply (node_modules/zone.js/fesm2015/zone-testing.js:1702:26)
	    at _ZoneDelegate.invoke (node_modules/zone.js/fesm2015/zone.js:369:28)
	    at ProxyZoneSpec.onInvoke (node_modules/zone.js/fesm2015/zone-testing.js:2081:39)
	Expected $.length = 0 to equal 2.
	Expected $[0] = undefined to equal Object({ id: 1, fecha: '2023-01-15T10:00:00Z', nombre: 'Cliente A', correo: 'a@a.com', direccion: 'Dir A', telefono: '123', items: [  ], total: 100, estado: 'ENTREGADO', userId: 1, correoUsuario: 'a@a.com' }).
	Expected $[1] = undefined to equal Object({ id: 2, fecha: '2023-01-16T11:00:00Z', nombre: 'Cliente B', correo: 'b@b.com', direccion: 'Dir B', telefono: '456', items: [  ], total: 200, estado: 'PAGO_PENDIENTE', userId: 2, correoUsuario: 'b@b.com' }).
	    at <Jasmine>
	    at UserContext.apply (src/app/components/pages/order-list/order-list.component.spec.ts:71:33)
	    at UserContext.apply (node_modules/zone.js/fesm2015/zone-testing.js:1702:26)
	    at _ZoneDelegate.invoke (node_modules/zone.js/fesm2015/zone.js:369:28)
	    at ProxyZoneSpec.onInvoke (node_modules/zone.js/fesm2015/zone-testing.js:2081:39)
Chrome 145.0.0.0 (Windows 10): Executed 3 of 114[31m (1 FAILED)[39m (0 secs / 0.247 secs)
[1A[2KChrome 145.0.0.0 (Windows 10): Executed 4 of 114[31m (1 FAILED)[39m (0 secs / 0.256 secs)
[1A[2K[31mChrome 145.0.0.0 (Windows 10) OrderListComponent Template Rendering should display "Cargando pedidos..." when isLoading is true FAILED[39m
	TypeError: Cannot read properties of null (reading 'nativeElement')
	    at UserContext.apply (src/app/components/pages/order-list/order-list.component.spec.ts:105:29)
	    at _ZoneDelegate.invoke (node_modules/zone.js/fesm2015/zone.js:369:28)
	    at ProxyZoneSpec.onInvoke (node_modules/zone.js/fesm2015/zone-testing.js:2081:39)
	    at _ZoneDelegate.invoke (node_modules/zone.js/fesm2015/zone.js:368:34)
	    at ZoneImpl.run (node_modules/zone.js/fesm2015/zone.js:111:43)
	    at runInTestZone (node_modules/zone.js/fesm2015/zone-testing.js:216:38)
	    at UserContext.<anonymous> (node_modules/zone.js/fesm2015/zone-testing.js:234:32)
	    at <Jasmine>
Chrome 145.0.0.0 (Windows 10): Executed 5 of 114[31m (2 FAILED)[39m (0 secs / 0.264 secs)
[1A[2K[31mChrome 145.0.0.0 (Windows 10) OrderListComponent Template Rendering should render order cards when pedidos has data FAILED[39m
	Expected 0 to be 2.
	    at <Jasmine>
	    at UserContext.apply (src/app/components/pages/order-list/order-list.component.spec.ts:135:32)
	    at UserContext.apply (node_modules/zone.js/fesm2015/zone-testing.js:1702:26)
	    at _ZoneDelegate.invoke (node_modules/zone.js/fesm2015/zone.js:369:28)
	    at ProxyZoneSpec.onInvoke (node_modules/zone.js/fesm2015/zone-testing.js:2081:39)
	TypeError: Cannot read properties of undefined (reading 'query')
	    at UserContext.apply (src/app/components/pages/order-list/order-list.component.spec.ts:138:23)
	    at UserContext.apply (node_modules/zone.js/fesm2015/zone-testing.js:1702:26)
	    at _ZoneDelegate.invoke (node_modules/zone.js/fesm2015/zone.js:369:28)
	    at ProxyZoneSpec.onInvoke (node_modules/zone.js/fesm2015/zone-testing.js:2081:39)
	    at _ZoneDelegate.invoke (node_modules/zone.js/fesm2015/zone.js:368:34)
	    at ZoneImpl.run (node_modules/zone.js/fesm2015/zone.js:111:43)
	    at runInTestZone (node_modules/zone.js/fesm2015/zone-testing.js:216:38)
	    at UserContext.<anonymous> (node_modules/zone.js/fesm2015/zone-testing.js:234:32)
	    at <Jasmine>
Chrome 145.0.0.0 (Windows 10): Executed 6 of 114[31m (3 FAILED)[39m (0 secs / 0.272 secs)
[1A[2KChrome 145.0.0.0 (Windows 10): Executed 7 of 114[31m (3 FAILED)[39m (0 secs / 0.277 secs)
[1A[2KChrome 145.0.0.0 (Windows 10): Executed 8 of 114[31m (3 FAILED)[39m (0 secs / 0.3 secs)
[1A[2K[31mChrome 145.0.0.0 (Windows 10) OrderListComponent Template Rendering should call irAPago when primary action button is clicked FAILED[39m
	TypeError: Cannot read properties of null (reading 'triggerEventHandler')
	    at UserContext.apply (src/app/components/pages/order-list/order-list.component.spec.ts:161:14)
	    at UserContext.apply (node_modules/zone.js/fesm2015/zone-testing.js:1702:26)
	    at _ZoneDelegate.invoke (node_modules/zone.js/fesm2015/zone.js:369:28)
	    at ProxyZoneSpec.onInvoke (node_modules/zone.js/fesm2015/zone-testing.js:2081:39)
	    at _ZoneDelegate.invoke (node_modules/zone.js/fesm2015/zone.js:368:34)
	    at ZoneImpl.run (node_modules/zone.js/fesm2015/zone.js:111:43)
	    at runInTestZone (node_modules/zone.js/fesm2015/zone-testing.js:216:38)
	    at UserContext.<anonymous> (node_modules/zone.js/fesm2015/zone-testing.js:234:32)
	    at <Jasmine>
Chrome 145.0.0.0 (Windows 10): Executed 9 of 114[31m (4 FAILED)[39m (0 secs / 0.31 secs)
[1A[2K[31mChrome 145.0.0.0 (Windows 10) OrderListComponent Template Rendering should display error message when errorMensaje is set FAILED[39m
	TypeError: Cannot read properties of null (reading 'nativeElement')
	    at UserContext.apply (src/app/components/pages/order-list/order-list.component.spec.ts:113:27)
	    at _ZoneDelegate.invoke (node_modules/zone.js/fesm2015/zone.js:369:28)
	    at ProxyZoneSpec.onInvoke (node_modules/zone.js/fesm2015/zone-testing.js:2081:39)
	    at _ZoneDelegate.invoke (node_modules/zone.js/fesm2015/zone.js:368:34)
	    at ZoneImpl.run (node_modules/zone.js/fesm2015/zone.js:111:43)
	    at runInTestZone (node_modules/zone.js/fesm2015/zone-testing.js:216:38)
	    at UserContext.<anonymous> (node_modules/zone.js/fesm2015/zone-testing.js:234:32)
	    at <Jasmine>
Chrome 145.0.0.0 (Windows 10): Executed 10 of 114[31m (5 FAILED)[39m (0 secs / 0.318 secs)
[1A[2KChrome 145.0.0.0 (Windows 10): Executed 11 of 114[31m (5 FAILED)[39m (0 secs / 0.328 secs)
[1A[2KChrome 145.0.0.0 (Windows 10): Executed 12 of 114[31m (5 FAILED)[39m (0 secs / 0.333 secs)
[1A[2KChrome 145.0.0.0 (Windows 10): Executed 13 of 114[31m (5 FAILED)[39m (0 secs / 0.477 secs)
[1A[2KChrome 145.0.0.0 (Windows 10): Executed 14 of 114[31m (5 FAILED)[39m (0 secs / 0.492 secs)
[1A[2KChrome 145.0.0.0 (Windows 10): Executed 15 of 114[31m (5 FAILED)[39m (0 secs / 0.51 secs)
[1A[2KChrome 145.0.0.0 (Windows 10): Executed 16 of 114[31m (5 FAILED)[39m (0 secs / 0.525 secs)
[1A[2K[31mChrome 145.0.0.0 (Windows 10) CheckoutComponent should autocompletar documento cuando user llega con alias de campos FAILED[39m
	Expected 'DNI' to be 'CEDULA'.
	    at <Jasmine>
	    at UserContext.apply (src/app/components/pages/checkout/checkout.component.spec.ts:149:64)
	    at _ZoneDelegate.invoke (node_modules/zone.js/fesm2015/zone.js:369:28)
	    at ProxyZoneSpec.onInvoke (node_modules/zone.js/fesm2015/zone-testing.js:2081:39)
	    at _ZoneDelegate.invoke (node_modules/zone.js/fesm2015/zone.js:368:34)
Chrome 145.0.0.0 (Windows 10): Executed 17 of 114[31m (6 FAILED)[39m (0 secs / 0.549 secs)
[1A[2KChrome 145.0.0.0 (Windows 10): Executed 18 of 114[31m (6 FAILED)[39m (0 secs / 0.594 secs)
[1A[2KChrome 145.0.0.0 (Windows 10): Executed 19 of 114[31m (6 FAILED)[39m (0 secs / 0.602 secs)
[1A[2KChrome 145.0.0.0 (Windows 10): Executed 20 of 114[31m (6 FAILED)[39m (0 secs / 0.625 secs)
[1A[2KChrome 145.0.0.0 (Windows 10): Executed 21 of 114[31m (6 FAILED)[39m (0 secs / 0.627 secs)
[1A[2KChrome 145.0.0.0 (Windows 10): Executed 22 of 114[31m (6 FAILED)[39m (0 secs / 0.628 secs)
[1A[2KChrome 145.0.0.0 (Windows 10): Executed 23 of 114[31m (6 FAILED)[39m (0 secs / 0.629 secs)
[1A[2KChrome 145.0.0.0 (Windows 10): Executed 24 of 114[31m (6 FAILED)[39m (0 secs / 0.63 secs)
[1A[2KChrome 145.0.0.0 (Windows 10): Executed 25 of 114[31m (6 FAILED)[39m (0 secs / 0.632 secs)
[1A[2KChrome 145.0.0.0 (Windows 10): Executed 26 of 114[31m (6 FAILED)[39m (0 secs / 0.634 secs)
[1A[2KChrome 145.0.0.0 (Windows 10): Executed 27 of 114[31m (6 FAILED)[39m (0 secs / 0.636 secs)
[1A[2KChrome 145.0.0.0 (Windows 10): Executed 28 of 114[31m (6 FAILED)[39m (0 secs / 0.637 secs)
[1A[2KChrome 145.0.0.0 (Windows 10): Executed 29 of 114[31m (6 FAILED)[39m (0 secs / 0.638 secs)
[1A[2KChrome 145.0.0.0 (Windows 10): Executed 30 of 114[31m (6 FAILED)[39m (0 secs / 0.64 secs)
[1A[2KChrome 145.0.0.0 (Windows 10): Executed 31 of 114[31m (6 FAILED)[39m (0 secs / 0.641 secs)
[1A[2KChrome 145.0.0.0 (Windows 10): Executed 32 of 114[31m (6 FAILED)[39m (0 secs / 0.642 secs)
[1A[2KChrome 145.0.0.0 (Windows 10): Executed 33 of 114[31m (6 FAILED)[39m (0 secs / 0.643 secs)
[1A[2KChrome 145.0.0.0 (Windows 10): Executed 34 of 114[31m (6 FAILED)[39m (0 secs / 0.644 secs)
[1A[2KChrome 145.0.0.0 (Windows 10): Executed 35 of 114[31m (6 FAILED)[39m (0 secs / 0.646 secs)
[1A[2KChrome 145.0.0.0 (Windows 10): Executed 36 of 114[31m (6 FAILED)[39m (0 secs / 0.647 secs)
[1A[2KChrome 145.0.0.0 (Windows 10): Executed 37 of 114[31m (6 FAILED)[39m (0 secs / 0.647 secs)
[1A[2KChrome 145.0.0.0 (Windows 10): Executed 38 of 114[31m (6 FAILED)[39m (0 secs / 0.648 secs)
[1A[2KChrome 145.0.0.0 (Windows 10): Executed 39 of 114[31m (6 FAILED)[39m (0 secs / 0.649 secs)
[1A[2K[31mChrome 145.0.0.0 (Windows 10) AdminPedidosComponent trackByPedidoId should return Id when present FAILED[39m
	NullInjectorError: R3InjectorError(DynamicTestModule)[MaestrosService -> HttpClient -> HttpClient]: 
	  NullInjectorError: No provider for HttpClient!
	error properties: Object({ ngTempTokenPath: null, ngTokenPath: [ 'MaestrosService', 'HttpClient', 'HttpClient' ] })
	    at NullInjector.get (node_modules/@angular/core/fesm2022/core.mjs:1663:27)
	    at R3Injector.get (node_modules/@angular/core/fesm2022/core.mjs:3109:33)
	    at R3Injector.get (node_modules/@angular/core/fesm2022/core.mjs:3109:33)
	    at injectInjectorOnly (node_modules/@angular/core/fesm2022/core.mjs:1107:40)
	    at ╔Á╔Áinject (node_modules/@angular/core/fesm2022/core.mjs:1113:60)
	    at Object.factory (ng:///MaestrosService/╔Áfac.js:4:59)
	    at callback (node_modules/@angular/core/fesm2022/core.mjs:3237:47)
	    at runInInjectorProfilerContext (node_modules/@angular/core/fesm2022/core.mjs:872:9)
	    at R3Injector.hydrate (node_modules/@angular/core/fesm2022/core.mjs:3236:21)
	    at R3Injector.get (node_modules/@angular/core/fesm2022/core.mjs:3099:33)
Chrome 145.0.0.0 (Windows 10): Executed 40 of 114[31m (7 FAILED)[39m (0 secs / 0.675 secs)
[1A[2K[31mChrome 145.0.0.0 (Windows 10) AdminPedidosComponent trackByPedidoId should fall back to id when Id is undefined FAILED[39m
	NullInjectorError: R3InjectorError(DynamicTestModule)[MaestrosService -> HttpClient -> HttpClient]: 
	  NullInjectorError: No provider for HttpClient!
	error properties: Object({ ngTempTokenPath: null, ngTokenPath: [ 'MaestrosService', 'HttpClient', 'HttpClient' ] })
	    at NullInjector.get (node_modules/@angular/core/fesm2022/core.mjs:1663:27)
	    at R3Injector.get (node_modules/@angular/core/fesm2022/core.mjs:3109:33)
	    at R3Injector.get (node_modules/@angular/core/fesm2022/core.mjs:3109:33)
	    at injectInjectorOnly (node_modules/@angular/core/fesm2022/core.mjs:1107:40)
	    at ╔Á╔Áinject (node_modules/@angular/core/fesm2022/core.mjs:1113:60)
	    at Object.factory (ng:///MaestrosService/╔Áfac.js:4:59)
	    at callback (node_modules/@angular/core/fesm2022/core.mjs:3237:47)
	    at runInInjectorProfilerContext (node_modules/@angular/core/fesm2022/core.mjs:872:9)
	    at R3Injector.hydrate (node_modules/@angular/core/fesm2022/core.mjs:3236:21)
	    at R3Injector.get (node_modules/@angular/core/fesm2022/core.mjs:3099:33)
Chrome 145.0.0.0 (Windows 10): Executed 41 of 114[31m (8 FAILED)[39m (0 secs / 0.678 secs)
[1A[2K[31mChrome 145.0.0.0 (Windows 10) AdminPedidosComponent should create FAILED[39m
	NullInjectorError: R3InjectorError(DynamicTestModule)[MaestrosService -> HttpClient -> HttpClient]: 
	  NullInjectorError: No provider for HttpClient!
	error properties: Object({ ngTempTokenPath: null, ngTokenPath: [ 'MaestrosService', 'HttpClient', 'HttpClient' ] })
	    at NullInjector.get (node_modules/@angular/core/fesm2022/core.mjs:1663:27)
	    at R3Injector.get (node_modules/@angular/core/fesm2022/core.mjs:3109:33)
	    at R3Injector.get (node_modules/@angular/core/fesm2022/core.mjs:3109:33)
	    at injectInjectorOnly (node_modules/@angular/core/fesm2022/core.mjs:1107:40)
	    at ╔Á╔Áinject (node_modules/@angular/core/fesm2022/core.mjs:1113:60)
	    at Object.factory (ng:///MaestrosService/╔Áfac.js:4:59)
	    at callback (node_modules/@angular/core/fesm2022/core.mjs:3237:47)
	    at runInInjectorProfilerContext (node_modules/@angular/core/fesm2022/core.mjs:872:9)
	    at R3Injector.hydrate (node_modules/@angular/core/fesm2022/core.mjs:3236:21)
	    at R3Injector.get (node_modules/@angular/core/fesm2022/core.mjs:3099:33)
Chrome 145.0.0.0 (Windows 10): Executed 42 of 114[31m (9 FAILED)[39m (0 secs / 0.681 secs)
[1A[2K[31mChrome 145.0.0.0 (Windows 10) AdminPedidosComponent should not call service when canceling FAILED[39m
	NullInjectorError: R3InjectorError(DynamicTestModule)[MaestrosService -> HttpClient -> HttpClient]: 
	  NullInjectorError: No provider for HttpClient!
	error properties: Object({ ngTempTokenPath: null, ngTokenPath: [ 'MaestrosService', 'HttpClient', 'HttpClient' ] })
	    at NullInjector.get (node_modules/@angular/core/fesm2022/core.mjs:1663:27)
	    at R3Injector.get (node_modules/@angular/core/fesm2022/core.mjs:3109:33)
	    at R3Injector.get (node_modules/@angular/core/fesm2022/core.mjs:3109:33)
	    at injectInjectorOnly (node_modules/@angular/core/fesm2022/core.mjs:1107:40)
	    at ╔Á╔Áinject (node_modules/@angular/core/fesm2022/core.mjs:1113:60)
	    at Object.factory (ng:///MaestrosService/╔Áfac.js:4:59)
	    at callback (node_modules/@angular/core/fesm2022/core.mjs:3237:47)
	    at runInInjectorProfilerContext (node_modules/@angular/core/fesm2022/core.mjs:872:9)
	    at R3Injector.hydrate (node_modules/@angular/core/fesm2022/core.mjs:3236:21)
	    at R3Injector.get (node_modules/@angular/core/fesm2022/core.mjs:3099:33)
Chrome 145.0.0.0 (Windows 10): Executed 43 of 114[31m (10 FAILED)[39m (0 secs / 0.684 secs)
[1A[2K[31mChrome 145.0.0.0 (Windows 10) AdminPedidosComponent should open dialog on rechazarPago and call service on confirm FAILED[39m
	NullInjectorError: R3InjectorError(DynamicTestModule)[MaestrosService -> HttpClient -> HttpClient]: 
	  NullInjectorError: No provider for HttpClient!
	error properties: Object({ ngTempTokenPath: null, ngTokenPath: [ 'MaestrosService', 'HttpClient', 'HttpClient' ] })
	    at NullInjector.get (node_modules/@angular/core/fesm2022/core.mjs:1663:27)
	    at R3Injector.get (node_modules/@angular/core/fesm2022/core.mjs:3109:33)
	    at R3Injector.get (node_modules/@angular/core/fesm2022/core.mjs:3109:33)
	    at injectInjectorOnly (node_modules/@angular/core/fesm2022/core.mjs:1107:40)
	    at ╔Á╔Áinject (node_modules/@angular/core/fesm2022/core.mjs:1113:60)
	    at Object.factory (ng:///MaestrosService/╔Áfac.js:4:59)
	    at callback (node_modules/@angular/core/fesm2022/core.mjs:3237:47)
	    at runInInjectorProfilerContext (node_modules/@angular/core/fesm2022/core.mjs:872:9)
	    at R3Injector.hydrate (node_modules/@angular/core/fesm2022/core.mjs:3236:21)
	    at R3Injector.get (node_modules/@angular/core/fesm2022/core.mjs:3099:33)
Chrome 145.0.0.0 (Windows 10): Executed 44 of 114[31m (11 FAILED)[39m (0 secs / 0.686 secs)
[1A[2K[31mChrome 145.0.0.0 (Windows 10) OrderDetailComponent Template Rendering should display general order information FAILED[39m
	NullInjectorError: R3InjectorError(Standalone[OrderDetailComponent])[MaestrosService -> MaestrosService -> HttpClient -> HttpClient]: 
	  NullInjectorError: No provider for HttpClient!
	error properties: Object({ ngTempTokenPath: null, ngTokenPath: [ 'MaestrosService', 'MaestrosService', 'HttpClient', 'HttpClient' ] })
	    at NullInjector.get (node_modules/@angular/core/fesm2022/core.mjs:1663:27)
	    at R3Injector.get (node_modules/@angular/core/fesm2022/core.mjs:3109:33)
	    at R3Injector.get (node_modules/@angular/core/fesm2022/core.mjs:3109:33)
	    at injectInjectorOnly (node_modules/@angular/core/fesm2022/core.mjs:1107:40)
	    at ╔Á╔Áinject (node_modules/@angular/core/fesm2022/core.mjs:1113:60)
	    at Object.factory (ng:///MaestrosService/╔Áfac.js:4:59)
	    at callback (node_modules/@angular/core/fesm2022/core.mjs:3237:47)
	    at runInInjectorProfilerContext (node_modules/@angular/core/fesm2022/core.mjs:872:9)
	    at R3Injector.hydrate (node_modules/@angular/core/fesm2022/core.mjs:3236:21)
	    at R3Injector.get (node_modules/@angular/core/fesm2022/core.mjs:3099:33)
Chrome 145.0.0.0 (Windows 10): Executed 45 of 114[31m (12 FAILED)[39m (0 secs / 0.704 secs)
[1A[2K[31mChrome 145.0.0.0 (Windows 10) OrderDetailComponent Template Rendering should display order items FAILED[39m
	NullInjectorError: R3InjectorError(Standalone[OrderDetailComponent])[MaestrosService -> MaestrosService -> HttpClient -> HttpClient]: 
	  NullInjectorError: No provider for HttpClient!
	error properties: Object({ ngTempTokenPath: null, ngTokenPath: [ 'MaestrosService', 'MaestrosService', 'HttpClient', 'HttpClient' ] })
	    at NullInjector.get (node_modules/@angular/core/fesm2022/core.mjs:1663:27)
	    at R3Injector.get (node_modules/@angular/core/fesm2022/core.mjs:3109:33)
	    at R3Injector.get (node_modules/@angular/core/fesm2022/core.mjs:3109:33)
	    at injectInjectorOnly (node_modules/@angular/core/fesm2022/core.mjs:1107:40)
	    at ╔Á╔Áinject (node_modules/@angular/core/fesm2022/core.mjs:1113:60)
	    at Object.factory (ng:///MaestrosService/╔Áfac.js:4:59)
	    at callback (node_modules/@angular/core/fesm2022/core.mjs:3237:47)
	    at runInInjectorProfilerContext (node_modules/@angular/core/fesm2022/core.mjs:872:9)
	    at R3Injector.hydrate (node_modules/@angular/core/fesm2022/core.mjs:3236:21)
	    at R3Injector.get (node_modules/@angular/core/fesm2022/core.mjs:3099:33)
Chrome 145.0.0.0 (Windows 10): Executed 46 of 114[31m (13 FAILED)[39m (0 secs / 0.706 secs)
[1A[2K[31mChrome 145.0.0.0 (Windows 10) OrderDetailComponent Template Rendering should display "Pagar ahora" button if order status is PAGO_PENDIENTE FAILED[39m
	NullInjectorError: R3InjectorError(Standalone[OrderDetailComponent])[MaestrosService -> MaestrosService -> HttpClient -> HttpClient]: 
	  NullInjectorError: No provider for HttpClient!
	error properties: Object({ ngTempTokenPath: null, ngTokenPath: [ 'MaestrosService', 'MaestrosService', 'HttpClient', 'HttpClient' ] })
	    at NullInjector.get (node_modules/@angular/core/fesm2022/core.mjs:1663:27)
	    at R3Injector.get (node_modules/@angular/core/fesm2022/core.mjs:3109:33)
	    at R3Injector.get (node_modules/@angular/core/fesm2022/core.mjs:3109:33)
	    at injectInjectorOnly (node_modules/@angular/core/fesm2022/core.mjs:1107:40)
	    at ╔Á╔Áinject (node_modules/@angular/core/fesm2022/core.mjs:1113:60)
	    at Object.factory (ng:///MaestrosService/╔Áfac.js:4:59)
	    at callback (node_modules/@angular/core/fesm2022/core.mjs:3237:47)
	    at runInInjectorProfilerContext (node_modules/@angular/core/fesm2022/core.mjs:872:9)
	    at R3Injector.hydrate (node_modules/@angular/core/fesm2022/core.mjs:3236:21)
	    at R3Injector.get (node_modules/@angular/core/fesm2022/core.mjs:3099:33)
Chrome 145.0.0.0 (Windows 10): Executed 47 of 114[31m (14 FAILED)[39m (0 secs / 0.708 secs)
[1A[2K[31mChrome 145.0.0.0 (Windows 10) OrderDetailComponent Template Rendering should display "Volver a mis pedidos" button and it should call volverAPedidos FAILED[39m
	NullInjectorError: R3InjectorError(Standalone[OrderDetailComponent])[MaestrosService -> MaestrosService -> HttpClient -> HttpClient]: 
	  NullInjectorError: No provider for HttpClient!
	error properties: Object({ ngTempTokenPath: null, ngTokenPath: [ 'MaestrosService', 'MaestrosService', 'HttpClient', 'HttpClient' ] })
	    at NullInjector.get (node_modules/@angular/core/fesm2022/core.mjs:1663:27)
	    at R3Injector.get (node_modules/@angular/core/fesm2022/core.mjs:3109:33)
	    at R3Injector.get (node_modules/@angular/core/fesm2022/core.mjs:3109:33)
	    at injectInjectorOnly (node_modules/@angular/core/fesm2022/core.mjs:1107:40)
	    at ╔Á╔Áinject (node_modules/@angular/core/fesm2022/core.mjs:1113:60)
	    at Object.factory (ng:///MaestrosService/╔Áfac.js:4:59)
	    at callback (node_modules/@angular/core/fesm2022/core.mjs:3237:47)
	    at runInInjectorProfilerContext (node_modules/@angular/core/fesm2022/core.mjs:872:9)
	    at R3Injector.hydrate (node_modules/@angular/core/fesm2022/core.mjs:3236:21)
	    at R3Injector.get (node_modules/@angular/core/fesm2022/core.mjs:3099:33)
Chrome 145.0.0.0 (Windows 10): Executed 48 of 114[31m (15 FAILED)[39m (0 secs / 0.71 secs)
[1A[2K[31mChrome 145.0.0.0 (Windows 10) OrderDetailComponent Template Rendering should display "Detalle del Pedido #ID" title FAILED[39m
	NullInjectorError: R3InjectorError(Standalone[OrderDetailComponent])[MaestrosService -> MaestrosService -> HttpClient -> HttpClient]: 
	  NullInjectorError: No provider for HttpClient!
	error properties: Object({ ngTempTokenPath: null, ngTokenPath: [ 'MaestrosService', 'MaestrosService', 'HttpClient', 'HttpClient' ] })
	    at NullInjector.get (node_modules/@angular/core/fesm2022/core.mjs:1663:27)
	    at R3Injector.get (node_modules/@angular/core/fesm2022/core.mjs:3109:33)
	    at R3Injector.get (node_modules/@angular/core/fesm2022/core.mjs:3109:33)
	    at injectInjectorOnly (node_modules/@angular/core/fesm2022/core.mjs:1107:40)
	    at ╔Á╔Áinject (node_modules/@angular/core/fesm2022/core.mjs:1113:60)
	    at Object.factory (ng:///MaestrosService/╔Áfac.js:4:59)
	    at callback (node_modules/@angular/core/fesm2022/core.mjs:3237:47)
	    at runInInjectorProfilerContext (node_modules/@angular/core/fesm2022/core.mjs:872:9)
	    at R3Injector.hydrate (node_modules/@angular/core/fesm2022/core.mjs:3236:21)
	    at R3Injector.get (node_modules/@angular/core/fesm2022/core.mjs:3099:33)
Chrome 145.0.0.0 (Windows 10): Executed 49 of 114[31m (16 FAILED)[39m (0 secs / 0.712 secs)
[1A[2K[31mChrome 145.0.0.0 (Windows 10) OrderDetailComponent Template Rendering should NOT display "Pagar ahora" button if order status is not PAGO_PENDIENTE FAILED[39m
	NullInjectorError: R3InjectorError(Standalone[OrderDetailComponent])[MaestrosService -> MaestrosService -> HttpClient -> HttpClient]: 
	  NullInjectorError: No provider for HttpClient!
	error properties: Object({ ngTempTokenPath: null, ngTokenPath: [ 'MaestrosService', 'MaestrosService', 'HttpClient', 'HttpClient' ] })
	    at NullInjector.get (node_modules/@angular/core/fesm2022/core.mjs:1663:27)
	    at R3Injector.get (node_modules/@angular/core/fesm2022/core.mjs:3109:33)
	    at R3Injector.get (node_modules/@angular/core/fesm2022/core.mjs:3109:33)
	    at injectInjectorOnly (node_modules/@angular/core/fesm2022/core.mjs:1107:40)
	    at ╔Á╔Áinject (node_modules/@angular/core/fesm2022/core.mjs:1113:60)
	    at Object.factory (ng:///MaestrosService/╔Áfac.js:4:59)
	    at callback (node_modules/@angular/core/fesm2022/core.mjs:3237:47)
	    at runInInjectorProfilerContext (node_modules/@angular/core/fesm2022/core.mjs:872:9)
	    at R3Injector.hydrate (node_modules/@angular/core/fesm2022/core.mjs:3236:21)
	    at R3Injector.get (node_modules/@angular/core/fesm2022/core.mjs:3099:33)
Chrome 145.0.0.0 (Windows 10): Executed 50 of 114[31m (17 FAILED)[39m (0 secs / 0.714 secs)
[1A[2K[31mChrome 145.0.0.0 (Windows 10) OrderDetailComponent Template Rendering should call pagarAhora when "Pagar ahora" button is clicked FAILED[39m
	NullInjectorError: R3InjectorError(Standalone[OrderDetailComponent])[MaestrosService -> MaestrosService -> HttpClient -> HttpClient]: 
	  NullInjectorError: No provider for HttpClient!
	error properties: Object({ ngTempTokenPath: null, ngTokenPath: [ 'MaestrosService', 'MaestrosService', 'HttpClient', 'HttpClient' ] })
	    at NullInjector.get (node_modules/@angular/core/fesm2022/core.mjs:1663:27)
	    at R3Injector.get (node_modules/@angular/core/fesm2022/core.mjs:3109:33)
	    at R3Injector.get (node_modules/@angular/core/fesm2022/core.mjs:3109:33)
	    at injectInjectorOnly (node_modules/@angular/core/fesm2022/core.mjs:1107:40)
	    at ╔Á╔Áinject (node_modules/@angular/core/fesm2022/core.mjs:1113:60)
	    at Object.factory (ng:///MaestrosService/╔Áfac.js:4:59)
	    at callback (node_modules/@angular/core/fesm2022/core.mjs:3237:47)
	    at runInInjectorProfilerContext (node_modules/@angular/core/fesm2022/core.mjs:872:9)
	    at R3Injector.hydrate (node_modules/@angular/core/fesm2022/core.mjs:3236:21)
	    at R3Injector.get (node_modules/@angular/core/fesm2022/core.mjs:3099:33)
Chrome 145.0.0.0 (Windows 10): Executed 51 of 114[31m (18 FAILED)[39m (0 secs / 0.716 secs)
[1A[2K[31mChrome 145.0.0.0 (Windows 10) OrderDetailComponent should create FAILED[39m
	NullInjectorError: R3InjectorError(Standalone[OrderDetailComponent])[MaestrosService -> MaestrosService -> HttpClient -> HttpClient]: 
	  NullInjectorError: No provider for HttpClient!
	error properties: Object({ ngTempTokenPath: null, ngTokenPath: [ 'MaestrosService', 'MaestrosService', 'HttpClient', 'HttpClient' ] })
	    at NullInjector.get (node_modules/@angular/core/fesm2022/core.mjs:1663:27)
	    at R3Injector.get (node_modules/@angular/core/fesm2022/core.mjs:3109:33)
	    at R3Injector.get (node_modules/@angular/core/fesm2022/core.mjs:3109:33)
	    at injectInjectorOnly (node_modules/@angular/core/fesm2022/core.mjs:1107:40)
	    at ╔Á╔Áinject (node_modules/@angular/core/fesm2022/core.mjs:1113:60)
	    at Object.factory (ng:///MaestrosService/╔Áfac.js:4:59)
	    at callback (node_modules/@angular/core/fesm2022/core.mjs:3237:47)
	    at runInInjectorProfilerContext (node_modules/@angular/core/fesm2022/core.mjs:872:9)
	    at R3Injector.hydrate (node_modules/@angular/core/fesm2022/core.mjs:3236:21)
	    at R3Injector.get (node_modules/@angular/core/fesm2022/core.mjs:3099:33)
Chrome 145.0.0.0 (Windows 10): Executed 52 of 114[31m (19 FAILED)[39m (0 secs / 0.718 secs)
[1A[2K[31mChrome 145.0.0.0 (Windows 10) OrderDetailComponent volverAPedidos should navigate to /pedidos FAILED[39m
	NullInjectorError: R3InjectorError(Standalone[OrderDetailComponent])[MaestrosService -> MaestrosService -> HttpClient -> HttpClient]: 
	  NullInjectorError: No provider for HttpClient!
	error properties: Object({ ngTempTokenPath: null, ngTokenPath: [ 'MaestrosService', 'MaestrosService', 'HttpClient', 'HttpClient' ] })
	    at NullInjector.get (node_modules/@angular/core/fesm2022/core.mjs:1663:27)
	    at R3Injector.get (node_modules/@angular/core/fesm2022/core.mjs:3109:33)
	    at R3Injector.get (node_modules/@angular/core/fesm2022/core.mjs:3109:33)
	    at injectInjectorOnly (node_modules/@angular/core/fesm2022/core.mjs:1107:40)
	    at ╔Á╔Áinject (node_modules/@angular/core/fesm2022/core.mjs:1113:60)
	    at Object.factory (ng:///MaestrosService/╔Áfac.js:4:59)
	    at callback (node_modules/@angular/core/fesm2022/core.mjs:3237:47)
	    at runInInjectorProfilerContext (node_modules/@angular/core/fesm2022/core.mjs:872:9)
	    at R3Injector.hydrate (node_modules/@angular/core/fesm2022/core.mjs:3236:21)
	    at R3Injector.get (node_modules/@angular/core/fesm2022/core.mjs:3099:33)
Chrome 145.0.0.0 (Windows 10): Executed 53 of 114[31m (20 FAILED)[39m (0 secs / 0.72 secs)
[1A[2K[31mChrome 145.0.0.0 (Windows 10) OrderDetailComponent ngOnInit should assign pedido data on successful fetch FAILED[39m
	NullInjectorError: R3InjectorError(Standalone[OrderDetailComponent])[MaestrosService -> MaestrosService -> HttpClient -> HttpClient]: 
	  NullInjectorError: No provider for HttpClient!
	error properties: Object({ ngTempTokenPath: null, ngTokenPath: [ 'MaestrosService', 'MaestrosService', 'HttpClient', 'HttpClient' ] })
	    at NullInjector.get (node_modules/@angular/core/fesm2022/core.mjs:1663:27)
	    at R3Injector.get (node_modules/@angular/core/fesm2022/core.mjs:3109:33)
	    at R3Injector.get (node_modules/@angular/core/fesm2022/core.mjs:3109:33)
	    at injectInjectorOnly (node_modules/@angular/core/fesm2022/core.mjs:1107:40)
	    at ╔Á╔Áinject (node_modules/@angular/core/fesm2022/core.mjs:1113:60)
	    at Object.factory (ng:///MaestrosService/╔Áfac.js:4:59)
	    at callback (node_modules/@angular/core/fesm2022/core.mjs:3237:47)
	    at runInInjectorProfilerContext (node_modules/@angular/core/fesm2022/core.mjs:872:9)
	    at R3Injector.hydrate (node_modules/@angular/core/fesm2022/core.mjs:3236:21)
	    at R3Injector.get (node_modules/@angular/core/fesm2022/core.mjs:3099:33)
Chrome 145.0.0.0 (Windows 10): Executed 54 of 114[31m (21 FAILED)[39m (0 secs / 0.722 secs)
[1A[2K[31mChrome 145.0.0.0 (Windows 10) OrderDetailComponent ngOnInit should set errorMensaje and isLoading to false if service call fails FAILED[39m
	NullInjectorError: R3InjectorError(Standalone[OrderDetailComponent])[MaestrosService -> MaestrosService -> HttpClient -> HttpClient]: 
	  NullInjectorError: No provider for HttpClient!
	error properties: Object({ ngTempTokenPath: null, ngTokenPath: [ 'MaestrosService', 'MaestrosService', 'HttpClient', 'HttpClient' ] })
	    at NullInjector.get (node_modules/@angular/core/fesm2022/core.mjs:1663:27)
	    at R3Injector.get (node_modules/@angular/core/fesm2022/core.mjs:3109:33)
	    at R3Injector.get (node_modules/@angular/core/fesm2022/core.mjs:3109:33)
	    at injectInjectorOnly (node_modules/@angular/core/fesm2022/core.mjs:1107:40)
	    at ╔Á╔Áinject (node_modules/@angular/core/fesm2022/core.mjs:1113:60)
	    at Object.factory (ng:///MaestrosService/╔Áfac.js:4:59)
	    at callback (node_modules/@angular/core/fesm2022/core.mjs:3237:47)
	    at runInInjectorProfilerContext (node_modules/@angular/core/fesm2022/core.mjs:872:9)
	    at R3Injector.hydrate (node_modules/@angular/core/fesm2022/core.mjs:3236:21)
	    at R3Injector.get (node_modules/@angular/core/fesm2022/core.mjs:3099:33)
Chrome 145.0.0.0 (Windows 10): Executed 55 of 114[31m (22 FAILED)[39m (0 secs / 0.724 secs)
[1A[2K[31mChrome 145.0.0.0 (Windows 10) OrderDetailComponent ngOnInit should set errorMensaje if idParam is not found in route FAILED[39m
	NullInjectorError: R3InjectorError(Standalone[OrderDetailComponent])[MaestrosService -> MaestrosService -> HttpClient -> HttpClient]: 
	  NullInjectorError: No provider for HttpClient!
	error properties: Object({ ngTempTokenPath: null, ngTokenPath: [ 'MaestrosService', 'MaestrosService', 'HttpClient', 'HttpClient' ] })
	    at NullInjector.get (node_modules/@angular/core/fesm2022/core.mjs:1663:27)
	    at R3Injector.get (node_modules/@angular/core/fesm2022/core.mjs:3109:33)
	    at R3Injector.get (node_modules/@angular/core/fesm2022/core.mjs:3109:33)
	    at injectInjectorOnly (node_modules/@angular/core/fesm2022/core.mjs:1107:40)
	    at ╔Á╔Áinject (node_modules/@angular/core/fesm2022/core.mjs:1113:60)
	    at Object.factory (ng:///MaestrosService/╔Áfac.js:4:59)
	    at callback (node_modules/@angular/core/fesm2022/core.mjs:3237:47)
	    at runInInjectorProfilerContext (node_modules/@angular/core/fesm2022/core.mjs:872:9)
	    at R3Injector.hydrate (node_modules/@angular/core/fesm2022/core.mjs:3236:21)
	    at R3Injector.get (node_modules/@angular/core/fesm2022/core.mjs:3099:33)
Chrome 145.0.0.0 (Windows 10): Executed 56 of 114[31m (23 FAILED)[39m (0 secs / 0.725 secs)
[1A[2K[31mChrome 145.0.0.0 (Windows 10) OrderDetailComponent ngOnInit should call pedidoService.getOrderById with correct ID and set isLoading correctly FAILED[39m
	NullInjectorError: R3InjectorError(Standalone[OrderDetailComponent])[MaestrosService -> MaestrosService -> HttpClient -> HttpClient]: 
	  NullInjectorError: No provider for HttpClient!
	error properties: Object({ ngTempTokenPath: null, ngTokenPath: [ 'MaestrosService', 'MaestrosService', 'HttpClient', 'HttpClient' ] })
	    at NullInjector.get (node_modules/@angular/core/fesm2022/core.mjs:1663:27)
	    at R3Injector.get (node_modules/@angular/core/fesm2022/core.mjs:3109:33)
	    at R3Injector.get (node_modules/@angular/core/fesm2022/core.mjs:3109:33)
	    at injectInjectorOnly (node_modules/@angular/core/fesm2022/core.mjs:1107:40)
	    at ╔Á╔Áinject (node_modules/@angular/core/fesm2022/core.mjs:1113:60)
	    at Object.factory (ng:///MaestrosService/╔Áfac.js:4:59)
	    at callback (node_modules/@angular/core/fesm2022/core.mjs:3237:47)
	    at runInInjectorProfilerContext (node_modules/@angular/core/fesm2022/core.mjs:872:9)
	    at R3Injector.hydrate (node_modules/@angular/core/fesm2022/core.mjs:3236:21)
	    at R3Injector.get (node_modules/@angular/core/fesm2022/core.mjs:3099:33)
Chrome 145.0.0.0 (Windows 10): Executed 57 of 114[31m (24 FAILED)[39m (0 secs / 0.726 secs)
[1A[2K[31mChrome 145.0.0.0 (Windows 10) OrderDetailComponent isPagoPendiente should return true if estado is PAGO_ENDIENTE FAILED[39m
	NullInjectorError: R3InjectorError(Standalone[OrderDetailComponent])[MaestrosService -> MaestrosService -> HttpClient -> HttpClient]: 
	  NullInjectorError: No provider for HttpClient!
	error properties: Object({ ngTempTokenPath: null, ngTokenPath: [ 'MaestrosService', 'MaestrosService', 'HttpClient', 'HttpClient' ] })
	    at NullInjector.get (node_modules/@angular/core/fesm2022/core.mjs:1663:27)
	    at R3Injector.get (node_modules/@angular/core/fesm2022/core.mjs:3109:33)
	    at R3Injector.get (node_modules/@angular/core/fesm2022/core.mjs:3109:33)
	    at injectInjectorOnly (node_modules/@angular/core/fesm2022/core.mjs:1107:40)
	    at ╔Á╔Áinject (node_modules/@angular/core/fesm2022/core.mjs:1113:60)
	    at Object.factory (ng:///MaestrosService/╔Áfac.js:4:59)
	    at callback (node_modules/@angular/core/fesm2022/core.mjs:3237:47)
	    at runInInjectorProfilerContext (node_modules/@angular/core/fesm2022/core.mjs:872:9)
	    at R3Injector.hydrate (node_modules/@angular/core/fesm2022/core.mjs:3236:21)
	    at R3Injector.get (node_modules/@angular/core/fesm2022/core.mjs:3099:33)
Chrome 145.0.0.0 (Windows 10): Executed 58 of 114[31m (25 FAILED)[39m (0 secs / 0.728 secs)
[1A[2K[31mChrome 145.0.0.0 (Windows 10) OrderDetailComponent isPagoPendiente should return false if estado is not PAGO_PENDIENTE FAILED[39m
	NullInjectorError: R3InjectorError(Standalone[OrderDetailComponent])[MaestrosService -> MaestrosService -> HttpClient -> HttpClient]: 
	  NullInjectorError: No provider for HttpClient!
	error properties: Object({ ngTempTokenPath: null, ngTokenPath: [ 'MaestrosService', 'MaestrosService', 'HttpClient', 'HttpClient' ] })
	    at NullInjector.get (node_modules/@angular/core/fesm2022/core.mjs:1663:27)
	    at R3Injector.get (node_modules/@angular/core/fesm2022/core.mjs:3109:33)
	    at R3Injector.get (node_modules/@angular/core/fesm2022/core.mjs:3109:33)
	    at injectInjectorOnly (node_modules/@angular/core/fesm2022/core.mjs:1107:40)
	    at ╔Á╔Áinject (node_modules/@angular/core/fesm2022/core.mjs:1113:60)
	    at Object.factory (ng:///MaestrosService/╔Áfac.js:4:59)
	    at callback (node_modules/@angular/core/fesm2022/core.mjs:3237:47)
	    at runInInjectorProfilerContext (node_modules/@angular/core/fesm2022/core.mjs:872:9)
	    at R3Injector.hydrate (node_modules/@angular/core/fesm2022/core.mjs:3236:21)
	    at R3Injector.get (node_modules/@angular/core/fesm2022/core.mjs:3099:33)
Chrome 145.0.0.0 (Windows 10): Executed 59 of 114[31m (26 FAILED)[39m (0 secs / 0.73 secs)
[1A[2K[31mChrome 145.0.0.0 (Windows 10) OrderDetailComponent isPagoPendiente should return false if pedido is undefined FAILED[39m
	NullInjectorError: R3InjectorError(Standalone[OrderDetailComponent])[MaestrosService -> MaestrosService -> HttpClient -> HttpClient]: 
	  NullInjectorError: No provider for HttpClient!
	error properties: Object({ ngTempTokenPath: null, ngTokenPath: [ 'MaestrosService', 'MaestrosService', 'HttpClient', 'HttpClient' ] })
	    at NullInjector.get (node_modules/@angular/core/fesm2022/core.mjs:1663:27)
	    at R3Injector.get (node_modules/@angular/core/fesm2022/core.mjs:3109:33)
	    at R3Injector.get (node_modules/@angular/core/fesm2022/core.mjs:3109:33)
	    at injectInjectorOnly (node_modules/@angular/core/fesm2022/core.mjs:1107:40)
	    at ╔Á╔Áinject (node_modules/@angular/core/fesm2022/core.mjs:1113:60)
	    at Object.factory (ng:///MaestrosService/╔Áfac.js:4:59)
	    at callback (node_modules/@angular/core/fesm2022/core.mjs:3237:47)
	    at runInInjectorProfilerContext (node_modules/@angular/core/fesm2022/core.mjs:872:9)
	    at R3Injector.hydrate (node_modules/@angular/core/fesm2022/core.mjs:3236:21)
	    at R3Injector.get (node_modules/@angular/core/fesm2022/core.mjs:3099:33)
Chrome 145.0.0.0 (Windows 10): Executed 60 of 114[31m (27 FAILED)[39m (0 secs / 0.732 secs)
[1A[2K[31mChrome 145.0.0.0 (Windows 10) OrderDetailComponent pagarAhora should do nothing if pedido is null FAILED[39m
	NullInjectorError: R3InjectorError(Standalone[OrderDetailComponent])[MaestrosService -> MaestrosService -> HttpClient -> HttpClient]: 
	  NullInjectorError: No provider for HttpClient!
	error properties: Object({ ngTempTokenPath: null, ngTokenPath: [ 'MaestrosService', 'MaestrosService', 'HttpClient', 'HttpClient' ] })
	    at NullInjector.get (node_modules/@angular/core/fesm2022/core.mjs:1663:27)
	    at R3Injector.get (node_modules/@angular/core/fesm2022/core.mjs:3109:33)
	    at R3Injector.get (node_modules/@angular/core/fesm2022/core.mjs:3109:33)
	    at injectInjectorOnly (node_modules/@angular/core/fesm2022/core.mjs:1107:40)
	    at ╔Á╔Áinject (node_modules/@angular/core/fesm2022/core.mjs:1113:60)
	    at Object.factory (ng:///MaestrosService/╔Áfac.js:4:59)
	    at callback (node_modules/@angular/core/fesm2022/core.mjs:3237:47)
	    at runInInjectorProfilerContext (node_modules/@angular/core/fesm2022/core.mjs:872:9)
	    at R3Injector.hydrate (node_modules/@angular/core/fesm2022/core.mjs:3236:21)
	    at R3Injector.get (node_modules/@angular/core/fesm2022/core.mjs:3099:33)
Chrome 145.0.0.0 (Windows 10): Executed 61 of 114[31m (28 FAILED)[39m (0 secs / 0.735 secs)
[1A[2K[31mChrome 145.0.0.0 (Windows 10) OrderDetailComponent pagarAhora should navigate to /pago/:id when pedido exists FAILED[39m
	NullInjectorError: R3InjectorError(Standalone[OrderDetailComponent])[MaestrosService -> MaestrosService -> HttpClient -> HttpClient]: 
	  NullInjectorError: No provider for HttpClient!
	error properties: Object({ ngTempTokenPath: null, ngTokenPath: [ 'MaestrosService', 'MaestrosService', 'HttpClient', 'HttpClient' ] })
	    at NullInjector.get (node_modules/@angular/core/fesm2022/core.mjs:1663:27)
	    at R3Injector.get (node_modules/@angular/core/fesm2022/core.mjs:3109:33)
	    at R3Injector.get (node_modules/@angular/core/fesm2022/core.mjs:3109:33)
	    at injectInjectorOnly (node_modules/@angular/core/fesm2022/core.mjs:1107:40)
	    at ╔Á╔Áinject (node_modules/@angular/core/fesm2022/core.mjs:1113:60)
	    at Object.factory (ng:///MaestrosService/╔Áfac.js:4:59)
	    at callback (node_modules/@angular/core/fesm2022/core.mjs:3237:47)
	    at runInInjectorProfilerContext (node_modules/@angular/core/fesm2022/core.mjs:872:9)
	    at R3Injector.hydrate (node_modules/@angular/core/fesm2022/core.mjs:3236:21)
	    at R3Injector.get (node_modules/@angular/core/fesm2022/core.mjs:3099:33)
Chrome 145.0.0.0 (Windows 10): Executed 62 of 114[31m (29 FAILED)[39m (0 secs / 0.74 secs)
[1A[2KChrome 145.0.0.0 (Windows 10): Executed 63 of 114[31m (29 FAILED)[39m (0 secs / 0.745 secs)
[1A[2KChrome 145.0.0.0 (Windows 10): Executed 64 of 114[31m (29 FAILED)[39m (0 secs / 0.758 secs)
[1A[2KChrome 145.0.0.0 (Windows 10): Executed 65 of 114[31m (29 FAILED)[39m (0 secs / 0.767 secs)
[1A[2KChrome 145.0.0.0 (Windows 10): Executed 66 of 114[31m (29 FAILED)[39m (0 secs / 0.768 secs)
[1A[2K[31mChrome 145.0.0.0 (Windows 10) PagoService confirmarPagoMercadoPago should handle HTTP errors correctly FAILED[39m
	Error: Expected one matching request for criteria "Match URL: http://localhost:8080/api/orders/456/confirmar-pago-mercadopago", found none. Requests received are: POST http://localhost:8080/api/v1/orders/456/confirmar-pago-mercadopago.
	    at HttpClientTestingBackend.expectOne (node_modules/@angular/common/fesm2022/http/testing.mjs:270:19)
	    at UserContext.apply (src/app/services/pago.service.spec.ts:55:28)
	    at _ZoneDelegate.invoke (node_modules/zone.js/fesm2015/zone.js:369:28)
	    at ProxyZoneSpec.onInvoke (node_modules/zone.js/fesm2015/zone-testing.js:2081:39)
	    at _ZoneDelegate.invoke (node_modules/zone.js/fesm2015/zone.js:368:34)
	    at ZoneImpl.run (node_modules/zone.js/fesm2015/zone.js:111:43)
	    at runInTestZone (node_modules/zone.js/fesm2015/zone-testing.js:216:38)
	    at UserContext.<anonymous> (node_modules/zone.js/fesm2015/zone-testing.js:234:32)
	    at <Jasmine>
	Error: Expected no open requests, found 1: POST http://localhost:8080/api/v1/orders/456/confirmar-pago-mercadopago
	    at HttpClientTestingBackend.verify (node_modules/@angular/common/fesm2022/http/testing.mjs:298:19)
	    at UserContext.apply (src/app/services/pago.service.spec.ts:20:14)
	    at _ZoneDelegate.invoke (node_modules/zone.js/fesm2015/zone.js:369:28)
	    at ProxyZoneSpec.onInvoke (node_modules/zone.js/fesm2015/zone-testing.js:2081:39)
	    at _ZoneDelegate.invoke (node_modules/zone.js/fesm2015/zone.js:368:34)
	    at ZoneImpl.run (node_modules/zone.js/fesm2015/zone.js:111:43)
	    at runInTestZone (node_modules/zone.js/fesm2015/zone-testing.js:216:38)
	    at UserContext.<anonymous> (node_modules/zone.js/fesm2015/zone-testing.js:234:32)
	    at <Jasmine>
Chrome 145.0.0.0 (Windows 10): Executed 67 of 114[31m (30 FAILED)[39m (0 secs / 0.77 secs)
[1A[2K[31mChrome 145.0.0.0 (Windows 10) PagoService confirmarPagoMercadoPago should make a POST request to the correct URL and return data on success FAILED[39m
	Error: Expected one matching request for criteria "Match URL: http://localhost:8080/api/orders/123/confirmar-pago-mercadopago", found none. Requests received are: POST http://localhost:8080/api/v1/orders/123/confirmar-pago-mercadopago.
	    at HttpClientTestingBackend.expectOne (node_modules/@angular/common/fesm2022/http/testing.mjs:270:19)
	    at UserContext.apply (src/app/services/pago.service.spec.ts:36:28)
	    at _ZoneDelegate.invoke (node_modules/zone.js/fesm2015/zone.js:369:28)
	    at ProxyZoneSpec.onInvoke (node_modules/zone.js/fesm2015/zone-testing.js:2081:39)
	    at _ZoneDelegate.invoke (node_modules/zone.js/fesm2015/zone.js:368:34)
	    at ZoneImpl.run (node_modules/zone.js/fesm2015/zone.js:111:43)
	    at runInTestZone (node_modules/zone.js/fesm2015/zone-testing.js:216:38)
	    at UserContext.<anonymous> (node_modules/zone.js/fesm2015/zone-testing.js:234:32)
	    at <Jasmine>
	Error: Expected no open requests, found 1: POST http://localhost:8080/api/v1/orders/123/confirmar-pago-mercadopago
	    at HttpClientTestingBackend.verify (node_modules/@angular/common/fesm2022/http/testing.mjs:298:19)
	    at UserContext.apply (src/app/services/pago.service.spec.ts:20:14)
	    at _ZoneDelegate.invoke (node_modules/zone.js/fesm2015/zone.js:369:28)
	    at ProxyZoneSpec.onInvoke (node_modules/zone.js/fesm2015/zone-testing.js:2081:39)
	    at _ZoneDelegate.invoke (node_modules/zone.js/fesm2015/zone.js:368:34)
	    at ZoneImpl.run (node_modules/zone.js/fesm2015/zone.js:111:43)
	    at runInTestZone (node_modules/zone.js/fesm2015/zone-testing.js:216:38)
	    at UserContext.<anonymous> (node_modules/zone.js/fesm2015/zone-testing.js:234:32)
	    at <Jasmine>
Chrome 145.0.0.0 (Windows 10): Executed 68 of 114[31m (31 FAILED)[39m (0 secs / 0.772 secs)
[1A[2KChrome 145.0.0.0 (Windows 10): Executed 69 of 114[31m (31 FAILED)[39m (0 secs / 0.779 secs)
[1A[2KChrome 145.0.0.0 (Windows 10): Executed 70 of 114[31m (31 FAILED)[39m (0 secs / 0.798 secs)
[1A[2KChrome 145.0.0.0 (Windows 10): Executed 71 of 114[31m (31 FAILED)[39m (0 secs / 0.804 secs)
[1A[2KChrome 145.0.0.0 (Windows 10): Executed 72 of 114[31m (31 FAILED)[39m (0 secs / 0.81 secs)
[1A[2KChrome 145.0.0.0 (Windows 10): Executed 73 of 114[31m (31 FAILED)[39m (0 secs / 0.815 secs)
[1A[2KChrome 145.0.0.0 (Windows 10): Executed 74 of 114[31m (31 FAILED)[39m (0 secs / 0.82 secs)
[1A[2KChrome 145.0.0.0 (Windows 10): Executed 75 of 114[31m (31 FAILED)[39m (0 secs / 0.824 secs)
[1A[2KChrome 145.0.0.0 (Windows 10): Executed 76 of 114[31m (31 FAILED)[39m (0 secs / 0.829 secs)
[1A[2KChrome 145.0.0.0 (Windows 10): Executed 77 of 114[31m (31 FAILED)[39m (0 secs / 0.833 secs)
[1A[2KChrome 145.0.0.0 (Windows 10): Executed 78 of 114[31m (31 FAILED)[39m (0 secs / 0.837 secs)
[1A[2KChrome 145.0.0.0 (Windows 10): Executed 79 of 114[31m (31 FAILED)[39m (0 secs / 0.841 secs)
[1A[2KChrome 145.0.0.0 (Windows 10): Executed 80 of 114[31m (31 FAILED)[39m (0 secs / 0.845 secs)
[1A[2KChrome 145.0.0.0 (Windows 10): Executed 81 of 114[31m (31 FAILED)[39m (0 secs / 0.847 secs)
[1A[2KChrome 145.0.0.0 (Windows 10): Executed 82 of 114[31m (31 FAILED)[39m (0 secs / 0.848 secs)
[1A[2KChrome 145.0.0.0 (Windows 10): Executed 83 of 114[31m (31 FAILED)[39m (0 secs / 0.849 secs)
[1A[2KChrome 145.0.0.0 (Windows 10): Executed 84 of 114[31m (31 FAILED)[39m (0 secs / 0.858 secs)
[1A[2K[31mChrome 145.0.0.0 (Windows 10) PedidoService getVoucherUrl should call GET /orders/:id/voucher-url (not /pedidos) FAILED[39m
	Error: Expected one matching request for criteria "Match URL: http://localhost:8080/api/orders/42/voucher-url", found none. Requests received are: GET http://localhost:8080/api/v1/orders/42/voucher-url.
	    at HttpClientTestingBackend.expectOne (node_modules/@angular/common/fesm2022/http/testing.mjs:270:19)
	    at UserContext.apply (src/app/services/pedido.service.spec.ts:96:28)
	    at _ZoneDelegate.invoke (node_modules/zone.js/fesm2015/zone.js:369:28)
	    at ProxyZoneSpec.onInvoke (node_modules/zone.js/fesm2015/zone-testing.js:2081:39)
	    at _ZoneDelegate.invoke (node_modules/zone.js/fesm2015/zone.js:368:34)
	    at ZoneImpl.run (node_modules/zone.js/fesm2015/zone.js:111:43)
	    at runInTestZone (node_modules/zone.js/fesm2015/zone-testing.js:216:38)
	    at UserContext.<anonymous> (node_modules/zone.js/fesm2015/zone-testing.js:234:32)
	    at <Jasmine>
	Error: Expected no open requests, found 1: GET http://localhost:8080/api/v1/orders/42/voucher-url
	    at HttpClientTestingBackend.verify (node_modules/@angular/common/fesm2022/http/testing.mjs:298:19)
	    at UserContext.apply (src/app/services/pedido.service.spec.ts:21:14)
	    at _ZoneDelegate.invoke (node_modules/zone.js/fesm2015/zone.js:369:28)
	    at ProxyZoneSpec.onInvoke (node_modules/zone.js/fesm2015/zone-testing.js:2081:39)
	    at _ZoneDelegate.invoke (node_modules/zone.js/fesm2015/zone.js:368:34)
	    at ZoneImpl.run (node_modules/zone.js/fesm2015/zone.js:111:43)
	    at runInTestZone (node_modules/zone.js/fesm2015/zone-testing.js:216:38)
	    at UserContext.<anonymous> (node_modules/zone.js/fesm2015/zone-testing.js:234:32)
	    at <Jasmine>
Chrome 145.0.0.0 (Windows 10): Executed 85 of 114[31m (32 FAILED)[39m (0 secs / 0.86 secs)
[1A[2KChrome 145.0.0.0 (Windows 10): Executed 86 of 114[31m (32 FAILED)[39m (0 secs / 0.861 secs)
[1A[2K[31mChrome 145.0.0.0 (Windows 10) PedidoService getOrderById should handle errors when fetching a single order FAILED[39m
	Error: Expected one matching request for criteria "Match URL: http://localhost:8080/api/orders/1", found none. Requests received are: GET http://localhost:8080/api/v1/orders/1.
	    at HttpClientTestingBackend.expectOne (node_modules/@angular/common/fesm2022/http/testing.mjs:270:19)
	    at UserContext.apply (src/app/services/pedido.service.spec.ts:86:28)
	    at _ZoneDelegate.invoke (node_modules/zone.js/fesm2015/zone.js:369:28)
	    at ProxyZoneSpec.onInvoke (node_modules/zone.js/fesm2015/zone-testing.js:2081:39)
	    at _ZoneDelegate.invoke (node_modules/zone.js/fesm2015/zone.js:368:34)
	    at ZoneImpl.run (node_modules/zone.js/fesm2015/zone.js:111:43)
	    at runInTestZone (node_modules/zone.js/fesm2015/zone-testing.js:216:38)
	    at UserContext.<anonymous> (node_modules/zone.js/fesm2015/zone-testing.js:234:32)
	    at <Jasmine>
	Error: Expected no open requests, found 1: GET http://localhost:8080/api/v1/orders/1
	    at HttpClientTestingBackend.verify (node_modules/@angular/common/fesm2022/http/testing.mjs:298:19)
	    at UserContext.apply (src/app/services/pedido.service.spec.ts:21:14)
	    at _ZoneDelegate.invoke (node_modules/zone.js/fesm2015/zone.js:369:28)
	    at ProxyZoneSpec.onInvoke (node_modules/zone.js/fesm2015/zone-testing.js:2081:39)
	    at _ZoneDelegate.invoke (node_modules/zone.js/fesm2015/zone.js:368:34)
	    at ZoneImpl.run (node_modules/zone.js/fesm2015/zone.js:111:43)
	    at runInTestZone (node_modules/zone.js/fesm2015/zone-testing.js:216:38)
	    at UserContext.<anonymous> (node_modules/zone.js/fesm2015/zone-testing.js:234:32)
	    at <Jasmine>
Chrome 145.0.0.0 (Windows 10): Executed 87 of 114[31m (33 FAILED)[39m (0 secs / 0.863 secs)
[1A[2K[31mChrome 145.0.0.0 (Windows 10) PedidoService getOrderById should return a single order on successful GET request FAILED[39m
	Error: Expected one matching request for criteria "Match URL: http://localhost:8080/api/orders/1", found none. Requests received are: GET http://localhost:8080/api/v1/orders/1.
	    at HttpClientTestingBackend.expectOne (node_modules/@angular/common/fesm2022/http/testing.mjs:270:19)
	    at UserContext.apply (src/app/services/pedido.service.spec.ts:70:28)
	    at _ZoneDelegate.invoke (node_modules/zone.js/fesm2015/zone.js:369:28)
	    at ProxyZoneSpec.onInvoke (node_modules/zone.js/fesm2015/zone-testing.js:2081:39)
	    at _ZoneDelegate.invoke (node_modules/zone.js/fesm2015/zone.js:368:34)
	    at ZoneImpl.run (node_modules/zone.js/fesm2015/zone.js:111:43)
	    at runInTestZone (node_modules/zone.js/fesm2015/zone-testing.js:216:38)
	    at UserContext.<anonymous> (node_modules/zone.js/fesm2015/zone-testing.js:234:32)
	    at <Jasmine>
	Error: Expected no open requests, found 1: GET http://localhost:8080/api/v1/orders/1
	    at HttpClientTestingBackend.verify (node_modules/@angular/common/fesm2022/http/testing.mjs:298:19)
	    at UserContext.apply (src/app/services/pedido.service.spec.ts:21:14)
	    at _ZoneDelegate.invoke (node_modules/zone.js/fesm2015/zone.js:369:28)
	    at ProxyZoneSpec.onInvoke (node_modules/zone.js/fesm2015/zone-testing.js:2081:39)
	    at _ZoneDelegate.invoke (node_modules/zone.js/fesm2015/zone.js:368:34)
	    at ZoneImpl.run (node_modules/zone.js/fesm2015/zone.js:111:43)
	    at runInTestZone (node_modules/zone.js/fesm2015/zone-testing.js:216:38)
	    at UserContext.<anonymous> (node_modules/zone.js/fesm2015/zone-testing.js:234:32)
	    at <Jasmine>
Chrome 145.0.0.0 (Windows 10): Executed 88 of 114[31m (34 FAILED)[39m (0 secs / 0.864 secs)
[1A[2K[31mChrome 145.0.0.0 (Windows 10) PedidoService getOrders should return a list of orders on successful GET request FAILED[39m
	Error: Expected one matching request for criteria "Match URL: http://localhost:8080/api/orders", found none. Requests received are: GET http://localhost:8080/api/v1/orders.
	    at HttpClientTestingBackend.expectOne (node_modules/@angular/common/fesm2022/http/testing.mjs:270:19)
	    at UserContext.apply (src/app/services/pedido.service.spec.ts:40:28)
	    at _ZoneDelegate.invoke (node_modules/zone.js/fesm2015/zone.js:369:28)
	    at ProxyZoneSpec.onInvoke (node_modules/zone.js/fesm2015/zone-testing.js:2081:39)
	    at _ZoneDelegate.invoke (node_modules/zone.js/fesm2015/zone.js:368:34)
	    at ZoneImpl.run (node_modules/zone.js/fesm2015/zone.js:111:43)
	    at runInTestZone (node_modules/zone.js/fesm2015/zone-testing.js:216:38)
	    at UserContext.<anonymous> (node_modules/zone.js/fesm2015/zone-testing.js:234:32)
	    at <Jasmine>
	Error: Expected no open requests, found 1: GET http://localhost:8080/api/v1/orders
	    at HttpClientTestingBackend.verify (node_modules/@angular/common/fesm2022/http/testing.mjs:298:19)
	    at UserContext.apply (src/app/services/pedido.service.spec.ts:21:14)
	    at _ZoneDelegate.invoke (node_modules/zone.js/fesm2015/zone.js:369:28)
	    at ProxyZoneSpec.onInvoke (node_modules/zone.js/fesm2015/zone-testing.js:2081:39)
	    at _ZoneDelegate.invoke (node_modules/zone.js/fesm2015/zone.js:368:34)
	    at ZoneImpl.run (node_modules/zone.js/fesm2015/zone.js:111:43)
	    at runInTestZone (node_modules/zone.js/fesm2015/zone-testing.js:216:38)
	    at UserContext.<anonymous> (node_modules/zone.js/fesm2015/zone-testing.js:234:32)
	    at <Jasmine>
Chrome 145.0.0.0 (Windows 10): Executed 89 of 114[31m (35 FAILED)[39m (0 secs / 0.865 secs)
[1A[2K[31mChrome 145.0.0.0 (Windows 10) PedidoService getOrders should handle errors when fetching orders FAILED[39m
	Error: Expected one matching request for criteria "Match URL: http://localhost:8080/api/orders", found none. Requests received are: GET http://localhost:8080/api/v1/orders.
	    at HttpClientTestingBackend.expectOne (node_modules/@angular/common/fesm2022/http/testing.mjs:270:19)
	    at UserContext.apply (src/app/services/pedido.service.spec.ts:55:28)
	    at _ZoneDelegate.invoke (node_modules/zone.js/fesm2015/zone.js:369:28)
	    at ProxyZoneSpec.onInvoke (node_modules/zone.js/fesm2015/zone-testing.js:2081:39)
	    at _ZoneDelegate.invoke (node_modules/zone.js/fesm2015/zone.js:368:34)
	    at ZoneImpl.run (node_modules/zone.js/fesm2015/zone.js:111:43)
	    at runInTestZone (node_modules/zone.js/fesm2015/zone-testing.js:216:38)
	    at UserContext.<anonymous> (node_modules/zone.js/fesm2015/zone-testing.js:234:32)
	    at <Jasmine>
	Error: Expected no open requests, found 1: GET http://localhost:8080/api/v1/orders
	    at HttpClientTestingBackend.verify (node_modules/@angular/common/fesm2022/http/testing.mjs:298:19)
	    at UserContext.apply (src/app/services/pedido.service.spec.ts:21:14)
	    at _ZoneDelegate.invoke (node_modules/zone.js/fesm2015/zone.js:369:28)
	    at ProxyZoneSpec.onInvoke (node_modules/zone.js/fesm2015/zone-testing.js:2081:39)
	    at _ZoneDelegate.invoke (node_modules/zone.js/fesm2015/zone.js:368:34)
	    at ZoneImpl.run (node_modules/zone.js/fesm2015/zone.js:111:43)
	    at runInTestZone (node_modules/zone.js/fesm2015/zone-testing.js:216:38)
	    at UserContext.<anonymous> (node_modules/zone.js/fesm2015/zone-testing.js:234:32)
	    at <Jasmine>
Chrome 145.0.0.0 (Windows 10): Executed 90 of 114[31m (36 FAILED)[39m (0 secs / 0.866 secs)
[1A[2KChrome 145.0.0.0 (Windows 10): Executed 91 of 114[31m (36 FAILED)[39m (0 secs / 0.867 secs)
[1A[2KChrome 145.0.0.0 (Windows 10): Executed 92 of 114[31m (36 FAILED)[39m (0 secs / 0.868 secs)
[1A[2KChrome 145.0.0.0 (Windows 10): Executed 93 of 114[31m (36 FAILED)[39m (0 secs / 0.894 secs)
[1A[2KChrome 145.0.0.0 (Windows 10): Executed 94 of 114[31m (36 FAILED)[39m (0 secs / 0.897 secs)
[1A[2KChrome 145.0.0.0 (Windows 10): Executed 95 of 114[31m (36 FAILED)[39m (0 secs / 0.92 secs)
[1A[2KChrome 145.0.0.0 (Windows 10): Executed 96 of 114[31m (36 FAILED)[39m (0 secs / 0.944 secs)
[1A[2K[31mChrome 145.0.0.0 (Windows 10) BottomNavComponent should create FAILED[39m
	NullInjectorError: R3InjectorError(Standalone[BottomNavComponent])[ActivatedRoute -> ActivatedRoute -> ActivatedRoute]: 
	  NullInjectorError: No provider for ActivatedRoute!
	error properties: Object({ ngTempTokenPath: null, ngTokenPath: [ 'ActivatedRoute', 'ActivatedRoute', 'ActivatedRoute' ] })
	    at NullInjector.get (node_modules/@angular/core/fesm2022/core.mjs:1663:27)
	    at R3Injector.get (node_modules/@angular/core/fesm2022/core.mjs:3109:33)
	    at R3Injector.get (node_modules/@angular/core/fesm2022/core.mjs:3109:33)
	    at R3Injector.get (node_modules/@angular/core/fesm2022/core.mjs:3109:33)
	    at ChainedInjector.get (node_modules/@angular/core/fesm2022/core.mjs:5454:36)
	    at lookupTokenUsingModuleInjector (node_modules/@angular/core/fesm2022/core.mjs:5807:39)
	    at getOrCreateInjectable (node_modules/@angular/core/fesm2022/core.mjs:5855:12)
	    at Module.╔Á╔ÁdirectiveInject (node_modules/@angular/core/fesm2022/core.mjs:11933:19)
	    at NodeInjectorFactory.factory (node_modules/@angular/router/fesm2022/router.mjs:424:104)
	    at getNodeInjectable (node_modules/@angular/core/fesm2022/core.mjs:6067:44)
Chrome 145.0.0.0 (Windows 10): Executed 97 of 114[31m (37 FAILED)[39m (0 secs / 0.948 secs)
[1A[2KChrome 145.0.0.0 (Windows 10): Executed 98 of 114[31m (37 FAILED)[39m (0 secs / 0.956 secs)
[1A[2KChrome 145.0.0.0 (Windows 10): Executed 99 of 114[31m (37 FAILED)[39m (0 secs / 0.96 secs)
[1A[2KChrome 145.0.0.0 (Windows 10): Executed 100 of 114[31m (37 FAILED)[39m (0 secs / 0.963 secs)
[1A[2KChrome 145.0.0.0 (Windows 10): Executed 101 of 114[31m (37 FAILED)[39m (0 secs / 0.965 secs)
[1A[2KChrome 145.0.0.0 (Windows 10): Executed 102 of 114[31m (37 FAILED)[39m (0 secs / 0.97 secs)
[1A[2K[31mChrome 145.0.0.0 (Windows 10) PagoComponent should fetch order status on init FAILED[39m
	NullInjectorError: R3InjectorError(Standalone[PagoComponent])[MaestrosService -> MaestrosService -> HttpClient -> HttpClient]: 
	  NullInjectorError: No provider for HttpClient!
	error properties: Object({ ngTempTokenPath: null, ngTokenPath: [ 'MaestrosService', 'MaestrosService', 'HttpClient', 'HttpClient' ] })
	    at NullInjector.get (node_modules/@angular/core/fesm2022/core.mjs:1663:27)
	    at R3Injector.get (node_modules/@angular/core/fesm2022/core.mjs:3109:33)
	    at R3Injector.get (node_modules/@angular/core/fesm2022/core.mjs:3109:33)
	    at injectInjectorOnly (node_modules/@angular/core/fesm2022/core.mjs:1107:40)
	    at ╔Á╔Áinject (node_modules/@angular/core/fesm2022/core.mjs:1113:60)
	    at Object.factory (ng:///MaestrosService/╔Áfac.js:4:59)
	    at callback (node_modules/@angular/core/fesm2022/core.mjs:3237:47)
	    at runInInjectorProfilerContext (node_modules/@angular/core/fesm2022/core.mjs:872:9)
	    at R3Injector.hydrate (node_modules/@angular/core/fesm2022/core.mjs:3236:21)
	    at R3Injector.get (node_modules/@angular/core/fesm2022/core.mjs:3099:33)
Chrome 145.0.0.0 (Windows 10): Executed 103 of 114[31m (38 FAILED)[39m (0 secs / 0.99 secs)
[1A[2K[31mChrome 145.0.0.0 (Windows 10) PagoComponent ngOnInit - Mercado Pago Callback should NOT confirm payment if collection_status is not "approved" FAILED[39m
	NullInjectorError: R3InjectorError(Standalone[PagoComponent])[MaestrosService -> MaestrosService -> HttpClient -> HttpClient]: 
	  NullInjectorError: No provider for HttpClient!
	error properties: Object({ ngTempTokenPath: null, ngTokenPath: [ 'MaestrosService', 'MaestrosService', 'HttpClient', 'HttpClient' ] })
	    at NullInjector.get (node_modules/@angular/core/fesm2022/core.mjs:1663:27)
	    at R3Injector.get (node_modules/@angular/core/fesm2022/core.mjs:3109:33)
	    at R3Injector.get (node_modules/@angular/core/fesm2022/core.mjs:3109:33)
	    at injectInjectorOnly (node_modules/@angular/core/fesm2022/core.mjs:1107:40)
	    at ╔Á╔Áinject (node_modules/@angular/core/fesm2022/core.mjs:1113:60)
	    at Object.factory (ng:///MaestrosService/╔Áfac.js:4:59)
	    at callback (node_modules/@angular/core/fesm2022/core.mjs:3237:47)
	    at runInInjectorProfilerContext (node_modules/@angular/core/fesm2022/core.mjs:872:9)
	    at R3Injector.hydrate (node_modules/@angular/core/fesm2022/core.mjs:3236:21)
	    at R3Injector.get (node_modules/@angular/core/fesm2022/core.mjs:3099:33)
Chrome 145.0.0.0 (Windows 10): Executed 104 of 114[31m (39 FAILED)[39m (0 secs / 0.992 secs)
[1A[2K[31mChrome 145.0.0.0 (Windows 10) PagoComponent ngOnInit - Mercado Pago Callback should handle error if confirmarPagoMercadoPago fails FAILED[39m
	NullInjectorError: R3InjectorError(Standalone[PagoComponent])[MaestrosService -> MaestrosService -> HttpClient -> HttpClient]: 
	  NullInjectorError: No provider for HttpClient!
	error properties: Object({ ngTempTokenPath: null, ngTokenPath: [ 'MaestrosService', 'MaestrosService', 'HttpClient', 'HttpClient' ] })
	    at NullInjector.get (node_modules/@angular/core/fesm2022/core.mjs:1663:27)
	    at R3Injector.get (node_modules/@angular/core/fesm2022/core.mjs:3109:33)
	    at R3Injector.get (node_modules/@angular/core/fesm2022/core.mjs:3109:33)
	    at injectInjectorOnly (node_modules/@angular/core/fesm2022/core.mjs:1107:40)
	    at ╔Á╔Áinject (node_modules/@angular/core/fesm2022/core.mjs:1113:60)
	    at Object.factory (ng:///MaestrosService/╔Áfac.js:4:59)
	    at callback (node_modules/@angular/core/fesm2022/core.mjs:3237:47)
	    at runInInjectorProfilerContext (node_modules/@angular/core/fesm2022/core.mjs:872:9)
	    at R3Injector.hydrate (node_modules/@angular/core/fesm2022/core.mjs:3236:21)
	    at R3Injector.get (node_modules/@angular/core/fesm2022/core.mjs:3099:33)
Chrome 145.0.0.0 (Windows 10): Executed 105 of 114[31m (40 FAILED)[39m (0 secs / 0.994 secs)
[1A[2K[31mChrome 145.0.0.0 (Windows 10) PagoComponent ngOnInit - Mercado Pago Callback should NOT confirm payment if external_reference does not match pedidoId FAILED[39m
	NullInjectorError: R3InjectorError(Standalone[PagoComponent])[MaestrosService -> MaestrosService -> HttpClient -> HttpClient]: 
	  NullInjectorError: No provider for HttpClient!
	error properties: Object({ ngTempTokenPath: null, ngTokenPath: [ 'MaestrosService', 'MaestrosService', 'HttpClient', 'HttpClient' ] })
	    at NullInjector.get (node_modules/@angular/core/fesm2022/core.mjs:1663:27)
	    at R3Injector.get (node_modules/@angular/core/fesm2022/core.mjs:3109:33)
	    at R3Injector.get (node_modules/@angular/core/fesm2022/core.mjs:3109:33)
	    at injectInjectorOnly (node_modules/@angular/core/fesm2022/core.mjs:1107:40)
	    at ╔Á╔Áinject (node_modules/@angular/core/fesm2022/core.mjs:1113:60)
	    at Object.factory (ng:///MaestrosService/╔Áfac.js:4:59)
	    at callback (node_modules/@angular/core/fesm2022/core.mjs:3237:47)
	    at runInInjectorProfilerContext (node_modules/@angular/core/fesm2022/core.mjs:872:9)
	    at R3Injector.hydrate (node_modules/@angular/core/fesm2022/core.mjs:3236:21)
	    at R3Injector.get (node_modules/@angular/core/fesm2022/core.mjs:3099:33)
Chrome 145.0.0.0 (Windows 10): Executed 106 of 114[31m (41 FAILED)[39m (0 secs / 0.996 secs)
[1A[2K[31mChrome 145.0.0.0 (Windows 10) PagoComponent ngOnInit - Mercado Pago Callback should confirm payment if collection_status is "approved" and external_reference matches pedidoId FAILED[39m
	NullInjectorError: R3InjectorError(Standalone[PagoComponent])[MaestrosService -> MaestrosService -> HttpClient -> HttpClient]: 
	  NullInjectorError: No provider for HttpClient!
	error properties: Object({ ngTempTokenPath: null, ngTokenPath: [ 'MaestrosService', 'MaestrosService', 'HttpClient', 'HttpClient' ] })
	    at NullInjector.get (node_modules/@angular/core/fesm2022/core.mjs:1663:27)
	    at R3Injector.get (node_modules/@angular/core/fesm2022/core.mjs:3109:33)
	    at R3Injector.get (node_modules/@angular/core/fesm2022/core.mjs:3109:33)
	    at injectInjectorOnly (node_modules/@angular/core/fesm2022/core.mjs:1107:40)
	    at ╔Á╔Áinject (node_modules/@angular/core/fesm2022/core.mjs:1113:60)
	    at Object.factory (ng:///MaestrosService/╔Áfac.js:4:59)
	    at callback (node_modules/@angular/core/fesm2022/core.mjs:3237:47)
	    at runInInjectorProfilerContext (node_modules/@angular/core/fesm2022/core.mjs:872:9)
	    at R3Injector.hydrate (node_modules/@angular/core/fesm2022/core.mjs:3236:21)
	    at R3Injector.get (node_modules/@angular/core/fesm2022/core.mjs:3099:33)
Chrome 145.0.0.0 (Windows 10): Executed 107 of 114[31m (42 FAILED)[39m (0 secs / 0.998 secs)
[1A[2K[31mChrome 145.0.0.0 (Windows 10) PagoComponent ngOnInit - Mercado Pago Callback should not call confirmarPagoMercadoPago if no relevant query params are present FAILED[39m
	NullInjectorError: R3InjectorError(Standalone[PagoComponent])[MaestrosService -> MaestrosService -> HttpClient -> HttpClient]: 
	  NullInjectorError: No provider for HttpClient!
	error properties: Object({ ngTempTokenPath: null, ngTokenPath: [ 'MaestrosService', 'MaestrosService', 'HttpClient', 'HttpClient' ] })
	    at NullInjector.get (node_modules/@angular/core/fesm2022/core.mjs:1663:27)
	    at R3Injector.get (node_modules/@angular/core/fesm2022/core.mjs:3109:33)
	    at R3Injector.get (node_modules/@angular/core/fesm2022/core.mjs:3109:33)
	    at injectInjectorOnly (node_modules/@angular/core/fesm2022/core.mjs:1107:40)
	    at ╔Á╔Áinject (node_modules/@angular/core/fesm2022/core.mjs:1113:60)
	    at Object.factory (ng:///MaestrosService/╔Áfac.js:4:59)
	    at callback (node_modules/@angular/core/fesm2022/core.mjs:3237:47)
	    at runInInjectorProfilerContext (node_modules/@angular/core/fesm2022/core.mjs:872:9)
	    at R3Injector.hydrate (node_modules/@angular/core/fesm2022/core.mjs:3236:21)
	    at R3Injector.get (node_modules/@angular/core/fesm2022/core.mjs:3099:33)
Chrome 145.0.0.0 (Windows 10): Executed 108 of 114[31m (43 FAILED)[39m (0 secs / 1 sec)
[1A[2K[31mChrome 145.0.0.0 (Windows 10) PagoComponent ngOnInit - Mercado Pago Callback should show info message if payment status is not "approved" but external_reference matches FAILED[39m
	NullInjectorError: R3InjectorError(Standalone[PagoComponent])[MaestrosService -> MaestrosService -> HttpClient -> HttpClient]: 
	  NullInjectorError: No provider for HttpClient!
	error properties: Object({ ngTempTokenPath: null, ngTokenPath: [ 'MaestrosService', 'MaestrosService', 'HttpClient', 'HttpClient' ] })
	    at NullInjector.get (node_modules/@angular/core/fesm2022/core.mjs:1663:27)
	    at R3Injector.get (node_modules/@angular/core/fesm2022/core.mjs:3109:33)
	    at R3Injector.get (node_modules/@angular/core/fesm2022/core.mjs:3109:33)
	    at injectInjectorOnly (node_modules/@angular/core/fesm2022/core.mjs:1107:40)
	    at ╔Á╔Áinject (node_modules/@angular/core/fesm2022/core.mjs:1113:60)
	    at Object.factory (ng:///MaestrosService/╔Áfac.js:4:59)
	    at callback (node_modules/@angular/core/fesm2022/core.mjs:3237:47)
	    at runInInjectorProfilerContext (node_modules/@angular/core/fesm2022/core.mjs:872:9)
	    at R3Injector.hydrate (node_modules/@angular/core/fesm2022/core.mjs:3236:21)
	    at R3Injector.get (node_modules/@angular/core/fesm2022/core.mjs:3099:33)
Chrome 145.0.0.0 (Windows 10): Executed 109 of 114[31m (44 FAILED)[39m (0 secs / 1.002 secs)
[1A[2K[31mChrome 145.0.0.0 (Windows 10) PagoComponent pagarConMercadoPagoConfirmado should redirect to the correct Mercado Pago URL FAILED[39m
	NullInjectorError: R3InjectorError(Standalone[PagoComponent])[MaestrosService -> MaestrosService -> HttpClient -> HttpClient]: 
	  NullInjectorError: No provider for HttpClient!
	error properties: Object({ ngTempTokenPath: null, ngTokenPath: [ 'MaestrosService', 'MaestrosService', 'HttpClient', 'HttpClient' ] })
	    at NullInjector.get (node_modules/@angular/core/fesm2022/core.mjs:1663:27)
	    at R3Injector.get (node_modules/@angular/core/fesm2022/core.mjs:3109:33)
	    at R3Injector.get (node_modules/@angular/core/fesm2022/core.mjs:3109:33)
	    at injectInjectorOnly (node_modules/@angular/core/fesm2022/core.mjs:1107:40)
	    at ╔Á╔Áinject (node_modules/@angular/core/fesm2022/core.mjs:1113:60)
	    at Object.factory (ng:///MaestrosService/╔Áfac.js:4:59)
	    at callback (node_modules/@angular/core/fesm2022/core.mjs:3237:47)
	    at runInInjectorProfilerContext (node_modules/@angular/core/fesm2022/core.mjs:872:9)
	    at R3Injector.hydrate (node_modules/@angular/core/fesm2022/core.mjs:3236:21)
	    at R3Injector.get (node_modules/@angular/core/fesm2022/core.mjs:3099:33)
Chrome 145.0.0.0 (Windows 10): Executed 110 of 114[31m (45 FAILED)[39m (0 secs / 1.004 secs)
[1A[2K[31mChrome 145.0.0.0 (Windows 10) PagoComponent should create FAILED[39m
	NullInjectorError: R3InjectorError(Standalone[PagoComponent])[MaestrosService -> MaestrosService -> HttpClient -> HttpClient]: 
	  NullInjectorError: No provider for HttpClient!
	error properties: Object({ ngTempTokenPath: null, ngTokenPath: [ 'MaestrosService', 'MaestrosService', 'HttpClient', 'HttpClient' ] })
	    at NullInjector.get (node_modules/@angular/core/fesm2022/core.mjs:1663:27)
	    at R3Injector.get (node_modules/@angular/core/fesm2022/core.mjs:3109:33)
	    at R3Injector.get (node_modules/@angular/core/fesm2022/core.mjs:3109:33)
	    at injectInjectorOnly (node_modules/@angular/core/fesm2022/core.mjs:1107:40)
	    at ╔Á╔Áinject (node_modules/@angular/core/fesm2022/core.mjs:1113:60)
	    at Object.factory (ng:///MaestrosService/╔Áfac.js:4:59)
	    at callback (node_modules/@angular/core/fesm2022/core.mjs:3237:47)
	    at runInInjectorProfilerContext (node_modules/@angular/core/fesm2022/core.mjs:872:9)
	    at R3Injector.hydrate (node_modules/@angular/core/fesm2022/core.mjs:3236:21)
	    at R3Injector.get (node_modules/@angular/core/fesm2022/core.mjs:3099:33)
Chrome 145.0.0.0 (Windows 10): Executed 111 of 114[31m (46 FAILED)[39m (0 secs / 1.006 secs)
[1A[2KChrome 145.0.0.0 (Windows 10): Executed 112 of 114[31m (46 FAILED)[39m (0 secs / 1.009 secs)
[1A[2KChrome 145.0.0.0 (Windows 10): Executed 113 of 114[31m (46 FAILED)[39m (0 secs / 1.05 secs)
[1A[2KChrome 145.0.0.0 (Windows 10): Executed 114 of 114[31m (46 FAILED)[39m (0 secs / 1.068 secs)
[1A[2KChrome 145.0.0.0 (Windows 10): Executed 114 of 114[31m (46 FAILED)[39m (1.153 secs / 1.068 secs)
[31mTOTAL: 46 FAILED, 68 SUCCESS[39m
Ô£ö Browser application bundle generation 
complete.
Chrome 145.0.0.0 (Windows 10): Executed 0 of 114[32m SUCCESS[39m (0 secs / 0 secs)
[1A[2KChrome 145.0.0.0 (Windows 10): Executed 1 of 114[32m SUCCESS[39m (0 secs / 0.09 secs)
[1A[2KChrome 145.0.0.0 (Windows 10): Executed 2 of 114[32m SUCCESS[39m (0 secs / 0.093 secs)
[1A[2KChrome 145.0.0.0 (Windows 10): Executed 3 of 114[32m SUCCESS[39m (0 secs / 0.095 secs)
[1A[2KChrome 145.0.0.0 (Windows 10): Executed 4 of 114[32m SUCCESS[39m (0 secs / 0.097 secs)
[1A[2KChrome 145.0.0.0 (Windows 10): Executed 5 of 114[32m SUCCESS[39m (0 secs / 0.099 secs)
[1A[2KChrome 145.0.0.0 (Windows 10): Executed 6 of 114[32m SUCCESS[39m (0 secs / 0.114 secs)
[1A[2KChrome 145.0.0.0 (Windows 10): Executed 7 of 114[32m SUCCESS[39m (0 secs / 0.116 secs)
[1A[2KChrome 145.0.0.0 (Windows 10): Executed 8 of 114[32m SUCCESS[39m (0 secs / 0.118 secs)
[1A[2KChrome 145.0.0.0 (Windows 10): Executed 9 of 114[32m SUCCESS[39m (0 secs / 0.12 secs)
[1A[2KChrome 145.0.0.0 (Windows 10): Executed 10 of 114[32m SUCCESS[39m (0 secs / 0.121 secs)
[1A[2KChrome 145.0.0.0 (Windows 10): Executed 11 of 114[32m SUCCESS[39m (0 secs / 0.122 secs)
[1A[2KChrome 145.0.0.0 (Windows 10): Executed 12 of 114[32m SUCCESS[39m (0 secs / 0.123 secs)
[1A[2KChrome 145.0.0.0 (Windows 10): Executed 13 of 114[32m SUCCESS[39m (0 secs / 0.125 secs)
[1A[2KChrome 145.0.0.0 (Windows 10): Executed 14 of 114[32m SUCCESS[39m (0 secs / 0.126 secs)
[1A[2KChrome 145.0.0.0 (Windows 10): Executed 15 of 114[32m SUCCESS[39m (0 secs / 0.128 secs)
[1A[2KChrome 145.0.0.0 (Windows 10): Executed 16 of 114[32m SUCCESS[39m (0 secs / 0.129 secs)
[1A[2KChrome 145.0.0.0 (Windows 10): Executed 17 of 114[32m SUCCESS[39m (0 secs / 0.13 secs)
[1A[2KChrome 145.0.0.0 (Windows 10): Executed 18 of 114[32m SUCCESS[39m (0 secs / 0.131 secs)
[1A[2KChrome 145.0.0.0 (Windows 10): Executed 19 of 114[32m SUCCESS[39m (0 secs / 0.133 secs)
[1A[2KChrome 145.0.0.0 (Windows 10): Executed 20 of 114[32m SUCCESS[39m (0 secs / 0.134 secs)
[1A[2K[31mChrome 145.0.0.0 (Windows 10) BottomNavComponent should create FAILED[39m
	NullInjectorError: R3InjectorError(Standalone[BottomNavComponent])[ActivatedRoute -> ActivatedRoute -> ActivatedRoute]: 
	  NullInjectorError: No provider for ActivatedRoute!
	error properties: Object({ ngTempTokenPath: null, ngTokenPath: [ 'ActivatedRoute', 'ActivatedRoute', 'ActivatedRoute' ] })
	    at NullInjector.get (node_modules/@angular/core/fesm2022/core.mjs:1663:27)
	    at R3Injector.get (node_modules/@angular/core/fesm2022/core.mjs:3109:33)
	    at R3Injector.get (node_modules/@angular/core/fesm2022/core.mjs:3109:33)
	    at R3Injector.get (node_modules/@angular/core/fesm2022/core.mjs:3109:33)
	    at ChainedInjector.get (node_modules/@angular/core/fesm2022/core.mjs:5454:36)
	    at lookupTokenUsingModuleInjector (node_modules/@angular/core/fesm2022/core.mjs:5807:39)
	    at getOrCreateInjectable (node_modules/@angular/core/fesm2022/core.mjs:5855:12)
	    at Module.╔Á╔ÁdirectiveInject (node_modules/@angular/core/fesm2022/core.mjs:11933:19)
	    at NodeInjectorFactory.factory (node_modules/@angular/router/fesm2022/router.mjs:424:104)
	    at getNodeInjectable (node_modules/@angular/core/fesm2022/core.mjs:6067:44)
Chrome 145.0.0.0 (Windows 10): Executed 21 of 114[31m (1 FAILED)[39m (0 secs / 0.138 secs)
[1A[2KChrome 145.0.0.0 (Windows 10): Executed 22 of 114[31m (1 FAILED)[39m (0 secs / 0.174 secs)
[1A[2KChrome 145.0.0.0 (Windows 10): Executed 23 of 114[31m (1 FAILED)[39m (0 secs / 0.184 secs)
[1A[2KChrome 145.0.0.0 (Windows 10): Executed 24 of 114[31m (1 FAILED)[39m (0 secs / 0.192 secs)
[1A[2KChrome 145.0.0.0 (Windows 10): Executed 25 of 114[31m (1 FAILED)[39m (0 secs / 0.199 secs)
[1A[2KChrome 145.0.0.0 (Windows 10): Executed 26 of 114[31m (1 FAILED)[39m (0 secs / 0.207 secs)
[1A[2KChrome 145.0.0.0 (Windows 10): Executed 27 of 114[31m (1 FAILED)[39m (0 secs / 0.214 secs)
[1A[2KChrome 145.0.0.0 (Windows 10): Executed 28 of 114[31m (1 FAILED)[39m (0 secs / 0.222 secs)
[1A[2KChrome 145.0.0.0 (Windows 10): Executed 29 of 114[31m (1 FAILED)[39m (0 secs / 0.229 secs)
[1A[2KChrome 145.0.0.0 (Windows 10): Executed 30 of 114[31m (1 FAILED)[39m (0 secs / 0.235 secs)
[1A[2KChrome 145.0.0.0 (Windows 10): Executed 31 of 114[31m (1 FAILED)[39m (0 secs / 0.241 secs)
[1A[2KChrome 145.0.0.0 (Windows 10): Executed 32 of 114[31m (1 FAILED)[39m (0 secs / 0.251 secs)
[1A[2KChrome 145.0.0.0 (Windows 10): Executed 33 of 114[31m (1 FAILED)[39m (0 secs / 0.254 secs)
[1A[2KChrome 145.0.0.0 (Windows 10): Executed 34 of 114[31m (1 FAILED)[39m (0 secs / 0.256 secs)
[1A[2KChrome 145.0.0.0 (Windows 10): Executed 35 of 114[31m (1 FAILED)[39m (0 secs / 0.297 secs)
[1A[2KChrome 145.0.0.0 (Windows 10): Executed 36 of 114[31m (1 FAILED)[39m (0 secs / 0.33 secs)
[1A[2KChrome 145.0.0.0 (Windows 10): Executed 37 of 114[31m (1 FAILED)[39m (0 secs / 0.333 secs)
[1A[2KChrome 145.0.0.0 (Windows 10): Executed 38 of 114[31m (1 FAILED)[39m (0 secs / 0.336 secs)
[1A[2K[31mChrome 145.0.0.0 (Windows 10) OrderDetailComponent Template Rendering should display "Pagar ahora" button if order status is PAGO_PENDIENTE FAILED[39m
	TypeError: this.pedidoService.getOrders is not a function
	    at OrderDetailComponent.ngOnInit (src/app/components/pages/order-detail/order-detail.component.ts:47:34)
	    at UserContext.apply (src/app/components/pages/order-detail/order-detail.component.spec.ts:153:17)
	    at UserContext.apply (node_modules/zone.js/fesm2015/zone-testing.js:1702:26)
	    at _ZoneDelegate.invoke (node_modules/zone.js/fesm2015/zone.js:369:28)
	    at ProxyZoneSpec.onInvoke (node_modules/zone.js/fesm2015/zone-testing.js:2081:39)
	    at _ZoneDelegate.invoke (node_modules/zone.js/fesm2015/zone.js:368:34)
	    at ZoneImpl.run (node_modules/zone.js/fesm2015/zone.js:111:43)
	    at runInTestZone (node_modules/zone.js/fesm2015/zone-testing.js:216:38)
	    at UserContext.<anonymous> (node_modules/zone.js/fesm2015/zone-testing.js:234:32)
	    at <Jasmine>
Chrome 145.0.0.0 (Windows 10): Executed 39 of 114[31m (2 FAILED)[39m (0 secs / 0.339 secs)
[1A[2K[31mChrome 145.0.0.0 (Windows 10) OrderDetailComponent Template Rendering should NOT display "Pagar ahora" button if order status is not PAGO_PENDIENTE FAILED[39m
	TypeError: this.pedidoService.getOrders is not a function
	    at OrderDetailComponent.ngOnInit (src/app/components/pages/order-detail/order-detail.component.ts:47:34)
	    at UserContext.apply (src/app/components/pages/order-detail/order-detail.component.spec.ts:153:17)
	    at UserContext.apply (node_modules/zone.js/fesm2015/zone-testing.js:1702:26)
	    at _ZoneDelegate.invoke (node_modules/zone.js/fesm2015/zone.js:369:28)
	    at ProxyZoneSpec.onInvoke (node_modules/zone.js/fesm2015/zone-testing.js:2081:39)
	    at _ZoneDelegate.invoke (node_modules/zone.js/fesm2015/zone.js:368:34)
	    at ZoneImpl.run (node_modules/zone.js/fesm2015/zone.js:111:43)
	    at runInTestZone (node_modules/zone.js/fesm2015/zone-testing.js:216:38)
	    at UserContext.<anonymous> (node_modules/zone.js/fesm2015/zone-testing.js:234:32)
	    at <Jasmine>
Chrome 145.0.0.0 (Windows 10): Executed 40 of 114[31m (3 FAILED)[39m (0 secs / 0.341 secs)
[1A[2K[31mChrome 145.0.0.0 (Windows 10) OrderDetailComponent Template Rendering should display general order information FAILED[39m
	TypeError: this.pedidoService.getOrders is not a function
	    at OrderDetailComponent.ngOnInit (src/app/components/pages/order-detail/order-detail.component.ts:47:34)
	    at UserContext.apply (src/app/components/pages/order-detail/order-detail.component.spec.ts:153:17)
	    at UserContext.apply (node_modules/zone.js/fesm2015/zone-testing.js:1702:26)
	    at _ZoneDelegate.invoke (node_modules/zone.js/fesm2015/zone.js:369:28)
	    at ProxyZoneSpec.onInvoke (node_modules/zone.js/fesm2015/zone-testing.js:2081:39)
	    at _ZoneDelegate.invoke (node_modules/zone.js/fesm2015/zone.js:368:34)
	    at ZoneImpl.run (node_modules/zone.js/fesm2015/zone.js:111:43)
	    at runInTestZone (node_modules/zone.js/fesm2015/zone-testing.js:216:38)
	    at UserContext.<anonymous> (node_modules/zone.js/fesm2015/zone-testing.js:234:32)
	    at <Jasmine>
Chrome 145.0.0.0 (Windows 10): Executed 41 of 114[31m (4 FAILED)[39m (0 secs / 0.344 secs)
[1A[2K[31mChrome 145.0.0.0 (Windows 10) OrderDetailComponent Template Rendering should display order items FAILED[39m
	TypeError: this.pedidoService.getOrders is not a function
	    at OrderDetailComponent.ngOnInit (src/app/components/pages/order-detail/order-detail.component.ts:47:34)
	    at UserContext.apply (src/app/components/pages/order-detail/order-detail.component.spec.ts:153:17)
	    at UserContext.apply (node_modules/zone.js/fesm2015/zone-testing.js:1702:26)
	    at _ZoneDelegate.invoke (node_modules/zone.js/fesm2015/zone.js:369:28)
	    at ProxyZoneSpec.onInvoke (node_modules/zone.js/fesm2015/zone-testing.js:2081:39)
	    at _ZoneDelegate.invoke (node_modules/zone.js/fesm2015/zone.js:368:34)
	    at ZoneImpl.run (node_modules/zone.js/fesm2015/zone.js:111:43)
	    at runInTestZone (node_modules/zone.js/fesm2015/zone-testing.js:216:38)
	    at UserContext.<anonymous> (node_modules/zone.js/fesm2015/zone-testing.js:234:32)
	    at <Jasmine>
Chrome 145.0.0.0 (Windows 10): Executed 42 of 114[31m (5 FAILED)[39m (0 secs / 0.347 secs)
[1A[2K[31mChrome 145.0.0.0 (Windows 10) OrderDetailComponent Template Rendering should call pagarAhora when "Pagar ahora" button is clicked FAILED[39m
	TypeError: this.pedidoService.getOrders is not a function
	    at OrderDetailComponent.ngOnInit (src/app/components/pages/order-detail/order-detail.component.ts:47:34)
	    at UserContext.apply (src/app/components/pages/order-detail/order-detail.component.spec.ts:153:17)
	    at UserContext.apply (node_modules/zone.js/fesm2015/zone-testing.js:1702:26)
	    at _ZoneDelegate.invoke (node_modules/zone.js/fesm2015/zone.js:369:28)
	    at ProxyZoneSpec.onInvoke (node_modules/zone.js/fesm2015/zone-testing.js:2081:39)
	    at _ZoneDelegate.invoke (node_modules/zone.js/fesm2015/zone.js:368:34)
	    at ZoneImpl.run (node_modules/zone.js/fesm2015/zone.js:111:43)
	    at runInTestZone (node_modules/zone.js/fesm2015/zone-testing.js:216:38)
	    at UserContext.<anonymous> (node_modules/zone.js/fesm2015/zone-testing.js:234:32)
	    at <Jasmine>
Chrome 145.0.0.0 (Windows 10): Executed 43 of 114[31m (6 FAILED)[39m (0 secs / 0.35 secs)
[1A[2K[31mChrome 145.0.0.0 (Windows 10) OrderDetailComponent Template Rendering should display "Volver a mis pedidos" button and it should call volverAPedidos FAILED[39m
	TypeError: this.pedidoService.getOrders is not a function
	    at OrderDetailComponent.ngOnInit (src/app/components/pages/order-detail/order-detail.component.ts:47:34)
	    at UserContext.apply (src/app/components/pages/order-detail/order-detail.component.spec.ts:153:17)
	    at UserContext.apply (node_modules/zone.js/fesm2015/zone-testing.js:1702:26)
	    at _ZoneDelegate.invoke (node_modules/zone.js/fesm2015/zone.js:369:28)
	    at ProxyZoneSpec.onInvoke (node_modules/zone.js/fesm2015/zone-testing.js:2081:39)
	    at _ZoneDelegate.invoke (node_modules/zone.js/fesm2015/zone.js:368:34)
	    at ZoneImpl.run (node_modules/zone.js/fesm2015/zone.js:111:43)
	    at runInTestZone (node_modules/zone.js/fesm2015/zone-testing.js:216:38)
	    at UserContext.<anonymous> (node_modules/zone.js/fesm2015/zone-testing.js:234:32)
	    at <Jasmine>
Chrome 145.0.0.0 (Windows 10): Executed 44 of 114[31m (7 FAILED)[39m (0 secs / 0.353 secs)
[1A[2K[31mChrome 145.0.0.0 (Windows 10) OrderDetailComponent Template Rendering should display "Detalle del Pedido #ID" title FAILED[39m
	TypeError: this.pedidoService.getOrders is not a function
	    at OrderDetailComponent.ngOnInit (src/app/components/pages/order-detail/order-detail.component.ts:47:34)
	    at UserContext.apply (src/app/components/pages/order-detail/order-detail.component.spec.ts:153:17)
	    at UserContext.apply (node_modules/zone.js/fesm2015/zone-testing.js:1702:26)
	    at _ZoneDelegate.invoke (node_modules/zone.js/fesm2015/zone.js:369:28)
	    at ProxyZoneSpec.onInvoke (node_modules/zone.js/fesm2015/zone-testing.js:2081:39)
	    at _ZoneDelegate.invoke (node_modules/zone.js/fesm2015/zone.js:368:34)
	    at ZoneImpl.run (node_modules/zone.js/fesm2015/zone.js:111:43)
	    at runInTestZone (node_modules/zone.js/fesm2015/zone-testing.js:216:38)
	    at UserContext.<anonymous> (node_modules/zone.js/fesm2015/zone-testing.js:234:32)
	    at <Jasmine>
Chrome 145.0.0.0 (Windows 10): Executed 45 of 114[31m (8 FAILED)[39m (0 secs / 0.356 secs)
[1A[2K[31mChrome 145.0.0.0 (Windows 10) OrderDetailComponent ngOnInit should assign pedido data on successful fetch FAILED[39m
	TypeError: this.pedidoService.getOrders is not a function
	    at OrderDetailComponent.ngOnInit (src/app/components/pages/order-detail/order-detail.component.ts:47:34)
	    at UserContext.apply (src/app/components/pages/order-detail/order-detail.component.spec.ts:87:17)
	    at UserContext.apply (node_modules/zone.js/fesm2015/zone-testing.js:1702:26)
	    at _ZoneDelegate.invoke (node_modules/zone.js/fesm2015/zone.js:369:28)
	    at ProxyZoneSpec.onInvoke (node_modules/zone.js/fesm2015/zone-testing.js:2081:39)
	    at _ZoneDelegate.invoke (node_modules/zone.js/fesm2015/zone.js:368:34)
	    at ZoneImpl.run (node_modules/zone.js/fesm2015/zone.js:111:43)
	    at runInTestZone (node_modules/zone.js/fesm2015/zone-testing.js:216:38)
	    at UserContext.<anonymous> (node_modules/zone.js/fesm2015/zone-testing.js:234:32)
	    at <Jasmine>
Chrome 145.0.0.0 (Windows 10): Executed 46 of 114[31m (9 FAILED)[39m (0 secs / 0.358 secs)
[1A[2K[31mChrome 145.0.0.0 (Windows 10) OrderDetailComponent ngOnInit should set errorMensaje and isLoading to false if service call fails FAILED[39m
	TypeError: this.pedidoService.getOrders is not a function
	    at OrderDetailComponent.ngOnInit (src/app/components/pages/order-detail/order-detail.component.ts:47:34)
	    at UserContext.apply (src/app/components/pages/order-detail/order-detail.component.spec.ts:96:17)
	    at UserContext.apply (node_modules/zone.js/fesm2015/zone-testing.js:1702:26)
	    at _ZoneDelegate.invoke (node_modules/zone.js/fesm2015/zone.js:369:28)
	    at ProxyZoneSpec.onInvoke (node_modules/zone.js/fesm2015/zone-testing.js:2081:39)
	    at _ZoneDelegate.invoke (node_modules/zone.js/fesm2015/zone.js:368:34)
	    at ZoneImpl.run (node_modules/zone.js/fesm2015/zone.js:111:43)
	    at runInTestZone (node_modules/zone.js/fesm2015/zone-testing.js:216:38)
	    at UserContext.<anonymous> (node_modules/zone.js/fesm2015/zone-testing.js:234:32)
	    at <Jasmine>
Chrome 145.0.0.0 (Windows 10): Executed 47 of 114[31m (10 FAILED)[39m (0 secs / 0.362 secs)
[1A[2K[31mChrome 145.0.0.0 (Windows 10) OrderDetailComponent ngOnInit should call pedidoService.getOrderById with correct ID and set isLoading correctly FAILED[39m
	TypeError: this.pedidoService.getOrders is not a function
	    at OrderDetailComponent.ngOnInit (src/app/components/pages/order-detail/order-detail.component.ts:47:34)
	    at UserContext.apply (src/app/components/pages/order-detail/order-detail.component.spec.ts:79:17)
	    at UserContext.apply (node_modules/zone.js/fesm2015/zone-testing.js:1702:26)
	    at _ZoneDelegate.invoke (node_modules/zone.js/fesm2015/zone.js:369:28)
	    at ProxyZoneSpec.onInvoke (node_modules/zone.js/fesm2015/zone-testing.js:2081:39)
	    at _ZoneDelegate.invoke (node_modules/zone.js/fesm2015/zone.js:368:34)
	    at ZoneImpl.run (node_modules/zone.js/fesm2015/zone.js:111:43)
	    at runInTestZone (node_modules/zone.js/fesm2015/zone-testing.js:216:38)
	    at UserContext.<anonymous> (node_modules/zone.js/fesm2015/zone-testing.js:234:32)
	    at <Jasmine>
Chrome 145.0.0.0 (Windows 10): Executed 48 of 114[31m (11 FAILED)[39m (0 secs / 0.365 secs)
[1A[2KChrome 145.0.0.0 (Windows 10): Executed 49 of 114[31m (11 FAILED)[39m (0 secs / 0.367 secs)
[1A[2KChrome 145.0.0.0 (Windows 10): Executed 50 of 114[31m (11 FAILED)[39m (0 secs / 0.369 secs)
[1A[2KChrome 145.0.0.0 (Windows 10): Executed 51 of 114[31m (11 FAILED)[39m (0 secs / 0.371 secs)
[1A[2KChrome 145.0.0.0 (Windows 10): Executed 52 of 114[31m (11 FAILED)[39m (0 secs / 0.373 secs)
[1A[2KChrome 145.0.0.0 (Windows 10): Executed 53 of 114[31m (11 FAILED)[39m (0 secs / 0.375 secs)
[1A[2KChrome 145.0.0.0 (Windows 10): Executed 54 of 114[31m (11 FAILED)[39m (0 secs / 0.377 secs)
[1A[2KChrome 145.0.0.0 (Windows 10): Executed 55 of 114[31m (11 FAILED)[39m (0 secs / 0.379 secs)
[1A[2KChrome 145.0.0.0 (Windows 10): Executed 56 of 114[31m (11 FAILED)[39m (0 secs / 0.395 secs)
[1A[2KChrome 145.0.0.0 (Windows 10): Executed 57 of 114[31m (11 FAILED)[39m (0 secs / 0.429 secs)
[1A[2KChrome 145.0.0.0 (Windows 10): Executed 58 of 114[31m (11 FAILED)[39m (0 secs / 0.431 secs)
[1A[2K[31mChrome 145.0.0.0 (Windows 10) PedidoService getOrders should return a list of orders on successful GET request FAILED[39m
	Error: Expected one matching request for criteria "Match URL: http://localhost:8080/api/orders", found none. Requests received are: GET http://localhost:8080/api/v1/orders.
	    at HttpClientTestingBackend.expectOne (node_modules/@angular/common/fesm2022/http/testing.mjs:270:19)
	    at UserContext.apply (src/app/services/pedido.service.spec.ts:40:28)
	    at _ZoneDelegate.invoke (node_modules/zone.js/fesm2015/zone.js:369:28)
	    at ProxyZoneSpec.onInvoke (node_modules/zone.js/fesm2015/zone-testing.js:2081:39)
	    at _ZoneDelegate.invoke (node_modules/zone.js/fesm2015/zone.js:368:34)
	    at ZoneImpl.run (node_modules/zone.js/fesm2015/zone.js:111:43)
	    at runInTestZone (node_modules/zone.js/fesm2015/zone-testing.js:216:38)
	    at UserContext.<anonymous> (node_modules/zone.js/fesm2015/zone-testing.js:234:32)
	    at <Jasmine>
	Error: Expected no open requests, found 1: GET http://localhost:8080/api/v1/orders
	    at HttpClientTestingBackend.verify (node_modules/@angular/common/fesm2022/http/testing.mjs:298:19)
	    at UserContext.apply (src/app/services/pedido.service.spec.ts:21:14)
	    at _ZoneDelegate.invoke (node_modules/zone.js/fesm2015/zone.js:369:28)
	    at ProxyZoneSpec.onInvoke (node_modules/zone.js/fesm2015/zone-testing.js:2081:39)
	    at _ZoneDelegate.invoke (node_modules/zone.js/fesm2015/zone.js:368:34)
	    at ZoneImpl.run (node_modules/zone.js/fesm2015/zone.js:111:43)
	    at runInTestZone (node_modules/zone.js/fesm2015/zone-testing.js:216:38)
	    at UserContext.<anonymous> (node_modules/zone.js/fesm2015/zone-testing.js:234:32)
	    at <Jasmine>
Chrome 145.0.0.0 (Windows 10): Executed 59 of 114[31m (12 FAILED)[39m (0 secs / 0.433 secs)
[1A[2K[31mChrome 145.0.0.0 (Windows 10) PedidoService getOrders should handle errors when fetching orders FAILED[39m
	Error: Expected one matching request for criteria "Match URL: http://localhost:8080/api/orders", found none. Requests received are: GET http://localhost:8080/api/v1/orders.
	    at HttpClientTestingBackend.expectOne (node_modules/@angular/common/fesm2022/http/testing.mjs:270:19)
	    at UserContext.apply (src/app/services/pedido.service.spec.ts:55:28)
	    at _ZoneDelegate.invoke (node_modules/zone.js/fesm2015/zone.js:369:28)
	    at ProxyZoneSpec.onInvoke (node_modules/zone.js/fesm2015/zone-testing.js:2081:39)
	    at _ZoneDelegate.invoke (node_modules/zone.js/fesm2015/zone.js:368:34)
	    at ZoneImpl.run (node_modules/zone.js/fesm2015/zone.js:111:43)
	    at runInTestZone (node_modules/zone.js/fesm2015/zone-testing.js:216:38)
	    at UserContext.<anonymous> (node_modules/zone.js/fesm2015/zone-testing.js:234:32)
	    at <Jasmine>
	Error: Expected no open requests, found 1: GET http://localhost:8080/api/v1/orders
	    at HttpClientTestingBackend.verify (node_modules/@angular/common/fesm2022/http/testing.mjs:298:19)
	    at UserContext.apply (src/app/services/pedido.service.spec.ts:21:14)
	    at _ZoneDelegate.invoke (node_modules/zone.js/fesm2015/zone.js:369:28)
	    at ProxyZoneSpec.onInvoke (node_modules/zone.js/fesm2015/zone-testing.js:2081:39)
	    at _ZoneDelegate.invoke (node_modules/zone.js/fesm2015/zone.js:368:34)
	    at ZoneImpl.run (node_modules/zone.js/fesm2015/zone.js:111:43)
	    at runInTestZone (node_modules/zone.js/fesm2015/zone-testing.js:216:38)
	    at UserContext.<anonymous> (node_modules/zone.js/fesm2015/zone-testing.js:234:32)
	    at <Jasmine>
Chrome 145.0.0.0 (Windows 10): Executed 60 of 114[31m (13 FAILED)[39m (0 secs / 0.434 secs)
[1A[2K[31mChrome 145.0.0.0 (Windows 10) PedidoService getOrderById should return a single order on successful GET request FAILED[39m
	Error: Expected one matching request for criteria "Match URL: http://localhost:8080/api/orders/1", found none. Requests received are: GET http://localhost:8080/api/v1/orders/1.
	    at HttpClientTestingBackend.expectOne (node_modules/@angular/common/fesm2022/http/testing.mjs:270:19)
	    at UserContext.apply (src/app/services/pedido.service.spec.ts:70:28)
	    at _ZoneDelegate.invoke (node_modules/zone.js/fesm2015/zone.js:369:28)
	    at ProxyZoneSpec.onInvoke (node_modules/zone.js/fesm2015/zone-testing.js:2081:39)
	    at _ZoneDelegate.invoke (node_modules/zone.js/fesm2015/zone.js:368:34)
	    at ZoneImpl.run (node_modules/zone.js/fesm2015/zone.js:111:43)
	    at runInTestZone (node_modules/zone.js/fesm2015/zone-testing.js:216:38)
	    at UserContext.<anonymous> (node_modules/zone.js/fesm2015/zone-testing.js:234:32)
	    at <Jasmine>
	Error: Expected no open requests, found 1: GET http://localhost:8080/api/v1/orders/1
	    at HttpClientTestingBackend.verify (node_modules/@angular/common/fesm2022/http/testing.mjs:298:19)
	    at UserContext.apply (src/app/services/pedido.service.spec.ts:21:14)
	    at _ZoneDelegate.invoke (node_modules/zone.js/fesm2015/zone.js:369:28)
	    at ProxyZoneSpec.onInvoke (node_modules/zone.js/fesm2015/zone-testing.js:2081:39)
	    at _ZoneDelegate.invoke (node_modules/zone.js/fesm2015/zone.js:368:34)
	    at ZoneImpl.run (node_modules/zone.js/fesm2015/zone.js:111:43)
	    at runInTestZone (node_modules/zone.js/fesm2015/zone-testing.js:216:38)
	    at UserContext.<anonymous> (node_modules/zone.js/fesm2015/zone-testing.js:234:32)
	    at <Jasmine>
Chrome 145.0.0.0 (Windows 10): Executed 61 of 114[31m (14 FAILED)[39m (0 secs / 0.435 secs)
[1A[2K[31mChrome 145.0.0.0 (Windows 10) PedidoService getOrderById should handle errors when fetching a single order FAILED[39m
	Error: Expected one matching request for criteria "Match URL: http://localhost:8080/api/orders/1", found none. Requests received are: GET http://localhost:8080/api/v1/orders/1.
	    at HttpClientTestingBackend.expectOne (node_modules/@angular/common/fesm2022/http/testing.mjs:270:19)
	    at UserContext.apply (src/app/services/pedido.service.spec.ts:86:28)
	    at _ZoneDelegate.invoke (node_modules/zone.js/fesm2015/zone.js:369:28)
	    at ProxyZoneSpec.onInvoke (node_modules/zone.js/fesm2015/zone-testing.js:2081:39)
	    at _ZoneDelegate.invoke (node_modules/zone.js/fesm2015/zone.js:368:34)
	    at ZoneImpl.run (node_modules/zone.js/fesm2015/zone.js:111:43)
	    at runInTestZone (node_modules/zone.js/fesm2015/zone-testing.js:216:38)
	    at UserContext.<anonymous> (node_modules/zone.js/fesm2015/zone-testing.js:234:32)
	    at <Jasmine>
	Error: Expected no open requests, found 1: GET http://localhost:8080/api/v1/orders/1
	    at HttpClientTestingBackend.verify (node_modules/@angular/common/fesm2022/http/testing.mjs:298:19)
	    at UserContext.apply (src/app/services/pedido.service.spec.ts:21:14)
	    at _ZoneDelegate.invoke (node_modules/zone.js/fesm2015/zone.js:369:28)
	    at ProxyZoneSpec.onInvoke (node_modules/zone.js/fesm2015/zone-testing.js:2081:39)
	    at _ZoneDelegate.invoke (node_modules/zone.js/fesm2015/zone.js:368:34)
	    at ZoneImpl.run (node_modules/zone.js/fesm2015/zone.js:111:43)
	    at runInTestZone (node_modules/zone.js/fesm2015/zone-testing.js:216:38)
	    at UserContext.<anonymous> (node_modules/zone.js/fesm2015/zone-testing.js:234:32)
	    at <Jasmine>
Chrome 145.0.0.0 (Windows 10): Executed 62 of 114[31m (15 FAILED)[39m (0 secs / 0.437 secs)
[1A[2K[31mChrome 145.0.0.0 (Windows 10) PedidoService getVoucherUrl should call GET /orders/:id/voucher-url (not /pedidos) FAILED[39m
	Error: Expected one matching request for criteria "Match URL: http://localhost:8080/api/orders/42/voucher-url", found none. Requests received are: GET http://localhost:8080/api/v1/orders/42/voucher-url.
	    at HttpClientTestingBackend.expectOne (node_modules/@angular/common/fesm2022/http/testing.mjs:270:19)
	    at UserContext.apply (src/app/services/pedido.service.spec.ts:96:28)
	    at _ZoneDelegate.invoke (node_modules/zone.js/fesm2015/zone.js:369:28)
	    at ProxyZoneSpec.onInvoke (node_modules/zone.js/fesm2015/zone-testing.js:2081:39)
	    at _ZoneDelegate.invoke (node_modules/zone.js/fesm2015/zone.js:368:34)
	    at ZoneImpl.run (node_modules/zone.js/fesm2015/zone.js:111:43)
	    at runInTestZone (node_modules/zone.js/fesm2015/zone-testing.js:216:38)
	    at UserContext.<anonymous> (node_modules/zone.js/fesm2015/zone-testing.js:234:32)
	    at <Jasmine>
	Error: Expected no open requests, found 1: GET http://localhost:8080/api/v1/orders/42/voucher-url
	    at HttpClientTestingBackend.verify (node_modules/@angular/common/fesm2022/http/testing.mjs:298:19)
	    at UserContext.apply (src/app/services/pedido.service.spec.ts:21:14)
	    at _ZoneDelegate.invoke (node_modules/zone.js/fesm2015/zone.js:369:28)
	    at ProxyZoneSpec.onInvoke (node_modules/zone.js/fesm2015/zone-testing.js:2081:39)
	    at _ZoneDelegate.invoke (node_modules/zone.js/fesm2015/zone.js:368:34)
	    at ZoneImpl.run (node_modules/zone.js/fesm2015/zone.js:111:43)
	    at runInTestZone (node_modules/zone.js/fesm2015/zone-testing.js:216:38)
	    at UserContext.<anonymous> (node_modules/zone.js/fesm2015/zone-testing.js:234:32)
	    at <Jasmine>
Chrome 145.0.0.0 (Windows 10): Executed 63 of 114[31m (16 FAILED)[39m (0 secs / 0.439 secs)
[1A[2KChrome 145.0.0.0 (Windows 10): Executed 64 of 114[31m (16 FAILED)[39m (0 secs / 0.448 secs)
[1A[2KChrome 145.0.0.0 (Windows 10): Executed 65 of 114[31m (16 FAILED)[39m (0 secs / 0.45 secs)
[1A[2K[31mChrome 145.0.0.0 (Windows 10) PagoComponent pagarConMercadoPagoConfirmado should redirect to the correct Mercado Pago URL FAILED[39m
	NullInjectorError: R3InjectorError(Standalone[PagoComponent])[MaestrosService -> MaestrosService -> HttpClient -> HttpClient]: 
	  NullInjectorError: No provider for HttpClient!
	error properties: Object({ ngTempTokenPath: null, ngTokenPath: [ 'MaestrosService', 'MaestrosService', 'HttpClient', 'HttpClient' ] })
	    at NullInjector.get (node_modules/@angular/core/fesm2022/core.mjs:1663:27)
	    at R3Injector.get (node_modules/@angular/core/fesm2022/core.mjs:3109:33)
	    at R3Injector.get (node_modules/@angular/core/fesm2022/core.mjs:3109:33)
	    at injectInjectorOnly (node_modules/@angular/core/fesm2022/core.mjs:1107:40)
	    at ╔Á╔Áinject (node_modules/@angular/core/fesm2022/core.mjs:1113:60)
	    at Object.factory (ng:///MaestrosService/╔Áfac.js:4:59)
	    at callback (node_modules/@angular/core/fesm2022/core.mjs:3237:47)
	    at runInInjectorProfilerContext (node_modules/@angular/core/fesm2022/core.mjs:872:9)
	    at R3Injector.hydrate (node_modules/@angular/core/fesm2022/core.mjs:3236:21)
	    at R3Injector.get (node_modules/@angular/core/fesm2022/core.mjs:3099:33)
Chrome 145.0.0.0 (Windows 10): Executed 66 of 114[31m (17 FAILED)[39m (0 secs / 0.476 secs)
[1A[2K[31mChrome 145.0.0.0 (Windows 10) PagoComponent ngOnInit - Mercado Pago Callback should NOT confirm payment if external_reference does not match pedidoId FAILED[39m
	NullInjectorError: R3InjectorError(Standalone[PagoComponent])[MaestrosService -> MaestrosService -> HttpClient -> HttpClient]: 
	  NullInjectorError: No provider for HttpClient!
	error properties: Object({ ngTempTokenPath: null, ngTokenPath: [ 'MaestrosService', 'MaestrosService', 'HttpClient', 'HttpClient' ] })
	    at NullInjector.get (node_modules/@angular/core/fesm2022/core.mjs:1663:27)
	    at R3Injector.get (node_modules/@angular/core/fesm2022/core.mjs:3109:33)
	    at R3Injector.get (node_modules/@angular/core/fesm2022/core.mjs:3109:33)
	    at injectInjectorOnly (node_modules/@angular/core/fesm2022/core.mjs:1107:40)
	    at ╔Á╔Áinject (node_modules/@angular/core/fesm2022/core.mjs:1113:60)
	    at Object.factory (ng:///MaestrosService/╔Áfac.js:4:59)
	    at callback (node_modules/@angular/core/fesm2022/core.mjs:3237:47)
	    at runInInjectorProfilerContext (node_modules/@angular/core/fesm2022/core.mjs:872:9)
	    at R3Injector.hydrate (node_modules/@angular/core/fesm2022/core.mjs:3236:21)
	    at R3Injector.get (node_modules/@angular/core/fesm2022/core.mjs:3099:33)
Chrome 145.0.0.0 (Windows 10): Executed 67 of 114[31m (18 FAILED)[39m (0 secs / 0.48 secs)
[1A[2K[31mChrome 145.0.0.0 (Windows 10) PagoComponent ngOnInit - Mercado Pago Callback should confirm payment if collection_status is "approved" and external_reference matches pedidoId FAILED[39m
	NullInjectorError: R3InjectorError(Standalone[PagoComponent])[MaestrosService -> MaestrosService -> HttpClient -> HttpClient]: 
	  NullInjectorError: No provider for HttpClient!
	error properties: Object({ ngTempTokenPath: null, ngTokenPath: [ 'MaestrosService', 'MaestrosService', 'HttpClient', 'HttpClient' ] })
	    at NullInjector.get (node_modules/@angular/core/fesm2022/core.mjs:1663:27)
	    at R3Injector.get (node_modules/@angular/core/fesm2022/core.mjs:3109:33)
	    at R3Injector.get (node_modules/@angular/core/fesm2022/core.mjs:3109:33)
	    at injectInjectorOnly (node_modules/@angular/core/fesm2022/core.mjs:1107:40)
	    at ╔Á╔Áinject (node_modules/@angular/core/fesm2022/core.mjs:1113:60)
	    at Object.factory (ng:///MaestrosService/╔Áfac.js:4:59)
	    at callback (node_modules/@angular/core/fesm2022/core.mjs:3237:47)
	    at runInInjectorProfilerContext (node_modules/@angular/core/fesm2022/core.mjs:872:9)
	    at R3Injector.hydrate (node_modules/@angular/core/fesm2022/core.mjs:3236:21)
	    at R3Injector.get (node_modules/@angular/core/fesm2022/core.mjs:3099:33)
Chrome 145.0.0.0 (Windows 10): Executed 68 of 114[31m (19 FAILED)[39m (0 secs / 0.482 secs)
[1A[2K[31mChrome 145.0.0.0 (Windows 10) PagoComponent ngOnInit - Mercado Pago Callback should not call confirmarPagoMercadoPago if no relevant query params are present FAILED[39m
	NullInjectorError: R3InjectorError(Standalone[PagoComponent])[MaestrosService -> MaestrosService -> HttpClient -> HttpClient]: 
	  NullInjectorError: No provider for HttpClient!
	error properties: Object({ ngTempTokenPath: null, ngTokenPath: [ 'MaestrosService', 'MaestrosService', 'HttpClient', 'HttpClient' ] })
	    at NullInjector.get (node_modules/@angular/core/fesm2022/core.mjs:1663:27)
	    at R3Injector.get (node_modules/@angular/core/fesm2022/core.mjs:3109:33)
	    at R3Injector.get (node_modules/@angular/core/fesm2022/core.mjs:3109:33)
	    at injectInjectorOnly (node_modules/@angular/core/fesm2022/core.mjs:1107:40)
	    at ╔Á╔Áinject (node_modules/@angular/core/fesm2022/core.mjs:1113:60)
	    at Object.factory (ng:///MaestrosService/╔Áfac.js:4:59)
	    at callback (node_modules/@angular/core/fesm2022/core.mjs:3237:47)
	    at runInInjectorProfilerContext (node_modules/@angular/core/fesm2022/core.mjs:872:9)
	    at R3Injector.hydrate (node_modules/@angular/core/fesm2022/core.mjs:3236:21)
	    at R3Injector.get (node_modules/@angular/core/fesm2022/core.mjs:3099:33)
Chrome 145.0.0.0 (Windows 10): Executed 69 of 114[31m (20 FAILED)[39m (0 secs / 0.485 secs)
[1A[2K[31mChrome 145.0.0.0 (Windows 10) PagoComponent ngOnInit - Mercado Pago Callback should show info message if payment status is not "approved" but external_reference matches FAILED[39m
	NullInjectorError: R3InjectorError(Standalone[PagoComponent])[MaestrosService -> MaestrosService -> HttpClient -> HttpClient]: 
	  NullInjectorError: No provider for HttpClient!
	error properties: Object({ ngTempTokenPath: null, ngTokenPath: [ 'MaestrosService', 'MaestrosService', 'HttpClient', 'HttpClient' ] })
	    at NullInjector.get (node_modules/@angular/core/fesm2022/core.mjs:1663:27)
	    at R3Injector.get (node_modules/@angular/core/fesm2022/core.mjs:3109:33)
	    at R3Injector.get (node_modules/@angular/core/fesm2022/core.mjs:3109:33)
	    at injectInjectorOnly (node_modules/@angular/core/fesm2022/core.mjs:1107:40)
	    at ╔Á╔Áinject (node_modules/@angular/core/fesm2022/core.mjs:1113:60)
	    at Object.factory (ng:///MaestrosService/╔Áfac.js:4:59)
	    at callback (node_modules/@angular/core/fesm2022/core.mjs:3237:47)
	    at runInInjectorProfilerContext (node_modules/@angular/core/fesm2022/core.mjs:872:9)
	    at R3Injector.hydrate (node_modules/@angular/core/fesm2022/core.mjs:3236:21)
	    at R3Injector.get (node_modules/@angular/core/fesm2022/core.mjs:3099:33)
Chrome 145.0.0.0 (Windows 10): Executed 70 of 114[31m (21 FAILED)[39m (0 secs / 0.488 secs)
[1A[2K[31mChrome 145.0.0.0 (Windows 10) PagoComponent ngOnInit - Mercado Pago Callback should NOT confirm payment if collection_status is not "approved" FAILED[39m
	NullInjectorError: R3InjectorError(Standalone[PagoComponent])[MaestrosService -> MaestrosService -> HttpClient -> HttpClient]: 
	  NullInjectorError: No provider for HttpClient!
	error properties: Object({ ngTempTokenPath: null, ngTokenPath: [ 'MaestrosService', 'MaestrosService', 'HttpClient', 'HttpClient' ] })
	    at NullInjector.get (node_modules/@angular/core/fesm2022/core.mjs:1663:27)
	    at R3Injector.get (node_modules/@angular/core/fesm2022/core.mjs:3109:33)
	    at R3Injector.get (node_modules/@angular/core/fesm2022/core.mjs:3109:33)
	    at injectInjectorOnly (node_modules/@angular/core/fesm2022/core.mjs:1107:40)
	    at ╔Á╔Áinject (node_modules/@angular/core/fesm2022/core.mjs:1113:60)
	    at Object.factory (ng:///MaestrosService/╔Áfac.js:4:59)
	    at callback (node_modules/@angular/core/fesm2022/core.mjs:3237:47)
	    at runInInjectorProfilerContext (node_modules/@angular/core/fesm2022/core.mjs:872:9)
	    at R3Injector.hydrate (node_modules/@angular/core/fesm2022/core.mjs:3236:21)
	    at R3Injector.get (node_modules/@angular/core/fesm2022/core.mjs:3099:33)
Chrome 145.0.0.0 (Windows 10): Executed 71 of 114[31m (22 FAILED)[39m (0 secs / 0.49 secs)
[1A[2K[31mChrome 145.0.0.0 (Windows 10) PagoComponent ngOnInit - Mercado Pago Callback should handle error if confirmarPagoMercadoPago fails FAILED[39m
	NullInjectorError: R3InjectorError(Standalone[PagoComponent])[MaestrosService -> MaestrosService -> HttpClient -> HttpClient]: 
	  NullInjectorError: No provider for HttpClient!
	error properties: Object({ ngTempTokenPath: null, ngTokenPath: [ 'MaestrosService', 'MaestrosService', 'HttpClient', 'HttpClient' ] })
	    at NullInjector.get (node_modules/@angular/core/fesm2022/core.mjs:1663:27)
	    at R3Injector.get (node_modules/@angular/core/fesm2022/core.mjs:3109:33)
	    at R3Injector.get (node_modules/@angular/core/fesm2022/core.mjs:3109:33)
	    at injectInjectorOnly (node_modules/@angular/core/fesm2022/core.mjs:1107:40)
	    at ╔Á╔Áinject (node_modules/@angular/core/fesm2022/core.mjs:1113:60)
	    at Object.factory (ng:///MaestrosService/╔Áfac.js:4:59)
	    at callback (node_modules/@angular/core/fesm2022/core.mjs:3237:47)
	    at runInInjectorProfilerContext (node_modules/@angular/core/fesm2022/core.mjs:872:9)
	    at R3Injector.hydrate (node_modules/@angular/core/fesm2022/core.mjs:3236:21)
	    at R3Injector.get (node_modules/@angular/core/fesm2022/core.mjs:3099:33)
Chrome 145.0.0.0 (Windows 10): Executed 72 of 114[31m (23 FAILED)[39m (0 secs / 0.493 secs)
[1A[2K[31mChrome 145.0.0.0 (Windows 10) PagoComponent should fetch order status on init FAILED[39m
	NullInjectorError: R3InjectorError(Standalone[PagoComponent])[MaestrosService -> MaestrosService -> HttpClient -> HttpClient]: 
	  NullInjectorError: No provider for HttpClient!
	error properties: Object({ ngTempTokenPath: null, ngTokenPath: [ 'MaestrosService', 'MaestrosService', 'HttpClient', 'HttpClient' ] })
	    at NullInjector.get (node_modules/@angular/core/fesm2022/core.mjs:1663:27)
	    at R3Injector.get (node_modules/@angular/core/fesm2022/core.mjs:3109:33)
	    at R3Injector.get (node_modules/@angular/core/fesm2022/core.mjs:3109:33)
	    at injectInjectorOnly (node_modules/@angular/core/fesm2022/core.mjs:1107:40)
	    at ╔Á╔Áinject (node_modules/@angular/core/fesm2022/core.mjs:1113:60)
	    at Object.factory (ng:///MaestrosService/╔Áfac.js:4:59)
	    at callback (node_modules/@angular/core/fesm2022/core.mjs:3237:47)
	    at runInInjectorProfilerContext (node_modules/@angular/core/fesm2022/core.mjs:872:9)
	    at R3Injector.hydrate (node_modules/@angular/core/fesm2022/core.mjs:3236:21)
	    at R3Injector.get (node_modules/@angular/core/fesm2022/core.mjs:3099:33)
Chrome 145.0.0.0 (Windows 10): Executed 73 of 114[31m (24 FAILED)[39m (0 secs / 0.496 secs)
[1A[2K[31mChrome 145.0.0.0 (Windows 10) PagoComponent should create FAILED[39m
	NullInjectorError: R3InjectorError(Standalone[PagoComponent])[MaestrosService -> MaestrosService -> HttpClient -> HttpClient]: 
	  NullInjectorError: No provider for HttpClient!
	error properties: Object({ ngTempTokenPath: null, ngTokenPath: [ 'MaestrosService', 'MaestrosService', 'HttpClient', 'HttpClient' ] })
	    at NullInjector.get (node_modules/@angular/core/fesm2022/core.mjs:1663:27)
	    at R3Injector.get (node_modules/@angular/core/fesm2022/core.mjs:3109:33)
	    at R3Injector.get (node_modules/@angular/core/fesm2022/core.mjs:3109:33)
	    at injectInjectorOnly (node_modules/@angular/core/fesm2022/core.mjs:1107:40)
	    at ╔Á╔Áinject (node_modules/@angular/core/fesm2022/core.mjs:1113:60)
	    at Object.factory (ng:///MaestrosService/╔Áfac.js:4:59)
	    at callback (node_modules/@angular/core/fesm2022/core.mjs:3237:47)
	    at runInInjectorProfilerContext (node_modules/@angular/core/fesm2022/core.mjs:872:9)
	    at R3Injector.hydrate (node_modules/@angular/core/fesm2022/core.mjs:3236:21)
	    at R3Injector.get (node_modules/@angular/core/fesm2022/core.mjs:3099:33)
Chrome 145.0.0.0 (Windows 10): Executed 74 of 114[31m (25 FAILED)[39m (0 secs / 0.499 secs)
[1A[2KChrome 145.0.0.0 (Windows 10): Executed 75 of 114[31m (25 FAILED)[39m (0 secs / 0.505 secs)
[1A[2KChrome 145.0.0.0 (Windows 10): Executed 76 of 114[31m (25 FAILED)[39m (0 secs / 0.531 secs)
[1A[2KChrome 145.0.0.0 (Windows 10): Executed 77 of 114[31m (25 FAILED)[39m (0 secs / 0.536 secs)
[1A[2KChrome 145.0.0.0 (Windows 10): Executed 78 of 114[31m (25 FAILED)[39m (0 secs / 0.549 secs)
[1A[2K[31mChrome 145.0.0.0 (Windows 10) AdminPedidosComponent trackByPedidoId should fall back to id when Id is undefined FAILED[39m
	NullInjectorError: R3InjectorError(DynamicTestModule)[MaestrosService -> HttpClient -> HttpClient]: 
	  NullInjectorError: No provider for HttpClient!
	error properties: Object({ ngTempTokenPath: null, ngTokenPath: [ 'MaestrosService', 'HttpClient', 'HttpClient' ] })
	    at NullInjector.get (node_modules/@angular/core/fesm2022/core.mjs:1663:27)
	    at R3Injector.get (node_modules/@angular/core/fesm2022/core.mjs:3109:33)
	    at R3Injector.get (node_modules/@angular/core/fesm2022/core.mjs:3109:33)
	    at injectInjectorOnly (node_modules/@angular/core/fesm2022/core.mjs:1107:40)
	    at ╔Á╔Áinject (node_modules/@angular/core/fesm2022/core.mjs:1113:60)
	    at Object.factory (ng:///MaestrosService/╔Áfac.js:4:59)
	    at callback (node_modules/@angular/core/fesm2022/core.mjs:3237:47)
	    at runInInjectorProfilerContext (node_modules/@angular/core/fesm2022/core.mjs:872:9)
	    at R3Injector.hydrate (node_modules/@angular/core/fesm2022/core.mjs:3236:21)
	    at R3Injector.get (node_modules/@angular/core/fesm2022/core.mjs:3099:33)
Chrome 145.0.0.0 (Windows 10): Executed 79 of 114[31m (26 FAILED)[39m (0 secs / 0.575 secs)
[1A[2K[31mChrome 145.0.0.0 (Windows 10) AdminPedidosComponent trackByPedidoId should return Id when present FAILED[39m
	NullInjectorError: R3InjectorError(DynamicTestModule)[MaestrosService -> HttpClient -> HttpClient]: 
	  NullInjectorError: No provider for HttpClient!
	error properties: Object({ ngTempTokenPath: null, ngTokenPath: [ 'MaestrosService', 'HttpClient', 'HttpClient' ] })
	    at NullInjector.get (node_modules/@angular/core/fesm2022/core.mjs:1663:27)
	    at R3Injector.get (node_modules/@angular/core/fesm2022/core.mjs:3109:33)
	    at R3Injector.get (node_modules/@angular/core/fesm2022/core.mjs:3109:33)
	    at injectInjectorOnly (node_modules/@angular/core/fesm2022/core.mjs:1107:40)
	    at ╔Á╔Áinject (node_modules/@angular/core/fesm2022/core.mjs:1113:60)
	    at Object.factory (ng:///MaestrosService/╔Áfac.js:4:59)
	    at callback (node_modules/@angular/core/fesm2022/core.mjs:3237:47)
	    at runInInjectorProfilerContext (node_modules/@angular/core/fesm2022/core.mjs:872:9)
	    at R3Injector.hydrate (node_modules/@angular/core/fesm2022/core.mjs:3236:21)
	    at R3Injector.get (node_modules/@angular/core/fesm2022/core.mjs:3099:33)
Chrome 145.0.0.0 (Windows 10): Executed 80 of 114[31m (27 FAILED)[39m (0 secs / 0.582 secs)
[1A[2K[31mChrome 145.0.0.0 (Windows 10) AdminPedidosComponent should not call service when canceling FAILED[39m
	NullInjectorError: R3InjectorError(DynamicTestModule)[MaestrosService -> HttpClient -> HttpClient]: 
	  NullInjectorError: No provider for HttpClient!
	error properties: Object({ ngTempTokenPath: null, ngTokenPath: [ 'MaestrosService', 'HttpClient', 'HttpClient' ] })
	    at NullInjector.get (node_modules/@angular/core/fesm2022/core.mjs:1663:27)
	    at R3Injector.get (node_modules/@angular/core/fesm2022/core.mjs:3109:33)
	    at R3Injector.get (node_modules/@angular/core/fesm2022/core.mjs:3109:33)
	    at injectInjectorOnly (node_modules/@angular/core/fesm2022/core.mjs:1107:40)
	    at ╔Á╔Áinject (node_modules/@angular/core/fesm2022/core.mjs:1113:60)
	    at Object.factory (ng:///MaestrosService/╔Áfac.js:4:59)
	    at callback (node_modules/@angular/core/fesm2022/core.mjs:3237:47)
	    at runInInjectorProfilerContext (node_modules/@angular/core/fesm2022/core.mjs:872:9)
	    at R3Injector.hydrate (node_modules/@angular/core/fesm2022/core.mjs:3236:21)
	    at R3Injector.get (node_modules/@angular/core/fesm2022/core.mjs:3099:33)
Chrome 145.0.0.0 (Windows 10): Executed 81 of 114[31m (28 FAILED)[39m (0 secs / 0.585 secs)
[1A[2K[31mChrome 145.0.0.0 (Windows 10) AdminPedidosComponent should create FAILED[39m
	NullInjectorError: R3InjectorError(DynamicTestModule)[MaestrosService -> HttpClient -> HttpClient]: 
	  NullInjectorError: No provider for HttpClient!
	error properties: Object({ ngTempTokenPath: null, ngTokenPath: [ 'MaestrosService', 'HttpClient', 'HttpClient' ] })
	    at NullInjector.get (node_modules/@angular/core/fesm2022/core.mjs:1663:27)
	    at R3Injector.get (node_modules/@angular/core/fesm2022/core.mjs:3109:33)
	    at R3Injector.get (node_modules/@angular/core/fesm2022/core.mjs:3109:33)
	    at injectInjectorOnly (node_modules/@angular/core/fesm2022/core.mjs:1107:40)
	    at ╔Á╔Áinject (node_modules/@angular/core/fesm2022/core.mjs:1113:60)
	    at Object.factory (ng:///MaestrosService/╔Áfac.js:4:59)
	    at callback (node_modules/@angular/core/fesm2022/core.mjs:3237:47)
	    at runInInjectorProfilerContext (node_modules/@angular/core/fesm2022/core.mjs:872:9)
	    at R3Injector.hydrate (node_modules/@angular/core/fesm2022/core.mjs:3236:21)
	    at R3Injector.get (node_modules/@angular/core/fesm2022/core.mjs:3099:33)
Chrome 145.0.0.0 (Windows 10): Executed 82 of 114[31m (29 FAILED)[39m (0 secs / 0.588 secs)
[1A[2K[31mChrome 145.0.0.0 (Windows 10) AdminPedidosComponent should open dialog on rechazarPago and call service on confirm FAILED[39m
	NullInjectorError: R3InjectorError(DynamicTestModule)[MaestrosService -> HttpClient -> HttpClient]: 
	  NullInjectorError: No provider for HttpClient!
	error properties: Object({ ngTempTokenPath: null, ngTokenPath: [ 'MaestrosService', 'HttpClient', 'HttpClient' ] })
	    at NullInjector.get (node_modules/@angular/core/fesm2022/core.mjs:1663:27)
	    at R3Injector.get (node_modules/@angular/core/fesm2022/core.mjs:3109:33)
	    at R3Injector.get (node_modules/@angular/core/fesm2022/core.mjs:3109:33)
	    at injectInjectorOnly (node_modules/@angular/core/fesm2022/core.mjs:1107:40)
	    at ╔Á╔Áinject (node_modules/@angular/core/fesm2022/core.mjs:1113:60)
	    at Object.factory (ng:///MaestrosService/╔Áfac.js:4:59)
	    at callback (node_modules/@angular/core/fesm2022/core.mjs:3237:47)
	    at runInInjectorProfilerContext (node_modules/@angular/core/fesm2022/core.mjs:872:9)
	    at R3Injector.hydrate (node_modules/@angular/core/fesm2022/core.mjs:3236:21)
	    at R3Injector.get (node_modules/@angular/core/fesm2022/core.mjs:3099:33)
Chrome 145.0.0.0 (Windows 10): Executed 83 of 114[31m (30 FAILED)[39m (0 secs / 0.59 secs)
[1A[2KChrome 145.0.0.0 (Windows 10): Executed 84 of 114[31m (30 FAILED)[39m (0 secs / 0.59 secs)
[1A[2K[31mChrome 145.0.0.0 (Windows 10) PagoService confirmarPagoMercadoPago should handle HTTP errors correctly FAILED[39m
	Error: Expected one matching request for criteria "Match URL: http://localhost:8080/api/orders/456/confirmar-pago-mercadopago", found none. Requests received are: POST http://localhost:8080/api/v1/orders/456/confirmar-pago-mercadopago.
	    at HttpClientTestingBackend.expectOne (node_modules/@angular/common/fesm2022/http/testing.mjs:270:19)
	    at UserContext.apply (src/app/services/pago.service.spec.ts:55:28)
	    at _ZoneDelegate.invoke (node_modules/zone.js/fesm2015/zone.js:369:28)
	    at ProxyZoneSpec.onInvoke (node_modules/zone.js/fesm2015/zone-testing.js:2081:39)
	    at _ZoneDelegate.invoke (node_modules/zone.js/fesm2015/zone.js:368:34)
	    at ZoneImpl.run (node_modules/zone.js/fesm2015/zone.js:111:43)
	    at runInTestZone (node_modules/zone.js/fesm2015/zone-testing.js:216:38)
	    at UserContext.<anonymous> (node_modules/zone.js/fesm2015/zone-testing.js:234:32)
	    at <Jasmine>
	Error: Expected no open requests, found 1: POST http://localhost:8080/api/v1/orders/456/confirmar-pago-mercadopago
	    at HttpClientTestingBackend.verify (node_modules/@angular/common/fesm2022/http/testing.mjs:298:19)
	    at UserContext.apply (src/app/services/pago.service.spec.ts:20:14)
	    at _ZoneDelegate.invoke (node_modules/zone.js/fesm2015/zone.js:369:28)
	    at ProxyZoneSpec.onInvoke (node_modules/zone.js/fesm2015/zone-testing.js:2081:39)
	    at _ZoneDelegate.invoke (node_modules/zone.js/fesm2015/zone.js:368:34)
	    at ZoneImpl.run (node_modules/zone.js/fesm2015/zone.js:111:43)
	    at runInTestZone (node_modules/zone.js/fesm2015/zone-testing.js:216:38)
	    at UserContext.<anonymous> (node_modules/zone.js/fesm2015/zone-testing.js:234:32)
	    at <Jasmine>
Chrome 145.0.0.0 (Windows 10): Executed 85 of 114[31m (31 FAILED)[39m (0 secs / 0.592 secs)
[1A[2K[31mChrome 145.0.0.0 (Windows 10) PagoService confirmarPagoMercadoPago should make a POST request to the correct URL and return data on success FAILED[39m
	Error: Expected one matching request for criteria "Match URL: http://localhost:8080/api/orders/123/confirmar-pago-mercadopago", found none. Requests received are: POST http://localhost:8080/api/v1/orders/123/confirmar-pago-mercadopago.
	    at HttpClientTestingBackend.expectOne (node_modules/@angular/common/fesm2022/http/testing.mjs:270:19)
	    at UserContext.apply (src/app/services/pago.service.spec.ts:36:28)
	    at _ZoneDelegate.invoke (node_modules/zone.js/fesm2015/zone.js:369:28)
	    at ProxyZoneSpec.onInvoke (node_modules/zone.js/fesm2015/zone-testing.js:2081:39)
	    at _ZoneDelegate.invoke (node_modules/zone.js/fesm2015/zone.js:368:34)
	    at ZoneImpl.run (node_modules/zone.js/fesm2015/zone.js:111:43)
	    at runInTestZone (node_modules/zone.js/fesm2015/zone-testing.js:216:38)
	    at UserContext.<anonymous> (node_modules/zone.js/fesm2015/zone-testing.js:234:32)
	    at <Jasmine>
	Error: Expected no open requests, found 1: POST http://localhost:8080/api/v1/orders/123/confirmar-pago-mercadopago
	    at HttpClientTestingBackend.verify (node_modules/@angular/common/fesm2022/http/testing.mjs:298:19)
	    at UserContext.apply (src/app/services/pago.service.spec.ts:20:14)
	    at _ZoneDelegate.invoke (node_modules/zone.js/fesm2015/zone.js:369:28)
	    at ProxyZoneSpec.onInvoke (node_modules/zone.js/fesm2015/zone-testing.js:2081:39)
	    at _ZoneDelegate.invoke (node_modules/zone.js/fesm2015/zone.js:368:34)
	    at ZoneImpl.run (node_modules/zone.js/fesm2015/zone.js:111:43)
	    at runInTestZone (node_modules/zone.js/fesm2015/zone-testing.js:216:38)
	    at UserContext.<anonymous> (node_modules/zone.js/fesm2015/zone-testing.js:234:32)
	    at <Jasmine>
Chrome 145.0.0.0 (Windows 10): Executed 86 of 114[31m (32 FAILED)[39m (0 secs / 0.594 secs)
[1A[2KChrome 145.0.0.0 (Windows 10): Executed 87 of 114[31m (32 FAILED)[39m (0 secs / 0.606 secs)
[1A[2KChrome 145.0.0.0 (Windows 10): Executed 88 of 114[31m (32 FAILED)[39m (0 secs / 0.633 secs)
[1A[2K[31mChrome 145.0.0.0 (Windows 10) OrderListComponent Template Rendering should display "Cargando pedidos..." when isLoading is true FAILED[39m
	TypeError: Cannot read properties of null (reading 'nativeElement')
	    at UserContext.apply (src/app/components/pages/order-list/order-list.component.spec.ts:105:29)
	    at _ZoneDelegate.invoke (node_modules/zone.js/fesm2015/zone.js:369:28)
	    at ProxyZoneSpec.onInvoke (node_modules/zone.js/fesm2015/zone-testing.js:2081:39)
	    at _ZoneDelegate.invoke (node_modules/zone.js/fesm2015/zone.js:368:34)
	    at ZoneImpl.run (node_modules/zone.js/fesm2015/zone.js:111:43)
	    at runInTestZone (node_modules/zone.js/fesm2015/zone-testing.js:216:38)
	    at UserContext.<anonymous> (node_modules/zone.js/fesm2015/zone-testing.js:234:32)
	    at <Jasmine>
Chrome 145.0.0.0 (Windows 10): Executed 89 of 114[31m (33 FAILED)[39m (0 secs / 0.636 secs)
[1A[2K[31mChrome 145.0.0.0 (Windows 10) OrderListComponent Template Rendering should call irAPago when primary action button is clicked FAILED[39m
	TypeError: Cannot read properties of null (reading 'triggerEventHandler')
	    at UserContext.apply (src/app/components/pages/order-list/order-list.component.spec.ts:161:14)
	    at UserContext.apply (node_modules/zone.js/fesm2015/zone-testing.js:1702:26)
	    at _ZoneDelegate.invoke (node_modules/zone.js/fesm2015/zone.js:369:28)
	    at ProxyZoneSpec.onInvoke (node_modules/zone.js/fesm2015/zone-testing.js:2081:39)
	    at _ZoneDelegate.invoke (node_modules/zone.js/fesm2015/zone.js:368:34)
	    at ZoneImpl.run (node_modules/zone.js/fesm2015/zone.js:111:43)
	    at runInTestZone (node_modules/zone.js/fesm2015/zone-testing.js:216:38)
	    at UserContext.<anonymous> (node_modules/zone.js/fesm2015/zone-testing.js:234:32)
	    at <Jasmine>
Chrome 145.0.0.0 (Windows 10): Executed 90 of 114[31m (34 FAILED)[39m (0 secs / 0.641 secs)
[1A[2K[31mChrome 145.0.0.0 (Windows 10) OrderListComponent Template Rendering should display error message when errorMensaje is set FAILED[39m
	TypeError: Cannot read properties of null (reading 'nativeElement')
	    at UserContext.apply (src/app/components/pages/order-list/order-list.component.spec.ts:113:27)
	    at _ZoneDelegate.invoke (node_modules/zone.js/fesm2015/zone.js:369:28)
	    at ProxyZoneSpec.onInvoke (node_modules/zone.js/fesm2015/zone-testing.js:2081:39)
	    at _ZoneDelegate.invoke (node_modules/zone.js/fesm2015/zone.js:368:34)
	    at ZoneImpl.run (node_modules/zone.js/fesm2015/zone.js:111:43)
	    at runInTestZone (node_modules/zone.js/fesm2015/zone-testing.js:216:38)
	    at UserContext.<anonymous> (node_modules/zone.js/fesm2015/zone-testing.js:234:32)
	    at <Jasmine>
Chrome 145.0.0.0 (Windows 10): Executed 91 of 114[31m (35 FAILED)[39m (0 secs / 0.646 secs)
[1A[2K[31mChrome 145.0.0.0 (Windows 10) OrderListComponent Template Rendering should render order cards when pedidos has data FAILED[39m
	Expected 0 to be 2.
	    at <Jasmine>
	    at UserContext.apply (src/app/components/pages/order-list/order-list.component.spec.ts:135:32)
	    at UserContext.apply (node_modules/zone.js/fesm2015/zone-testing.js:1702:26)
	    at _ZoneDelegate.invoke (node_modules/zone.js/fesm2015/zone.js:369:28)
	    at ProxyZoneSpec.onInvoke (node_modules/zone.js/fesm2015/zone-testing.js:2081:39)
	TypeError: Cannot read properties of undefined (reading 'query')
	    at UserContext.apply (src/app/components/pages/order-list/order-list.component.spec.ts:138:23)
	    at UserContext.apply (node_modules/zone.js/fesm2015/zone-testing.js:1702:26)
	    at _ZoneDelegate.invoke (node_modules/zone.js/fesm2015/zone.js:369:28)
	    at ProxyZoneSpec.onInvoke (node_modules/zone.js/fesm2015/zone-testing.js:2081:39)
	    at _ZoneDelegate.invoke (node_modules/zone.js/fesm2015/zone.js:368:34)
	    at ZoneImpl.run (node_modules/zone.js/fesm2015/zone.js:111:43)
	    at runInTestZone (node_modules/zone.js/fesm2015/zone-testing.js:216:38)
	    at UserContext.<anonymous> (node_modules/zone.js/fesm2015/zone-testing.js:234:32)
	    at <Jasmine>
Chrome 145.0.0.0 (Windows 10): Executed 92 of 114[31m (36 FAILED)[39m (0 secs / 0.652 secs)
[1A[2KChrome 145.0.0.0 (Windows 10): Executed 93 of 114[31m (36 FAILED)[39m (0 secs / 0.656 secs)
[1A[2K[31mChrome 145.0.0.0 (Windows 10) OrderListComponent ngOnInit should assign pedidos on successful data fetch FAILED[39m
	Expected 0 to be 2.
	    at <Jasmine>
	    at UserContext.apply (src/app/components/pages/order-list/order-list.component.spec.ts:70:40)
	    at UserContext.apply (node_modules/zone.js/fesm2015/zone-testing.js:1702:26)
	    at _ZoneDelegate.invoke (node_modules/zone.js/fesm2015/zone.js:369:28)
	    at ProxyZoneSpec.onInvoke (node_modules/zone.js/fesm2015/zone-testing.js:2081:39)
	Expected $.length = 0 to equal 2.
	Expected $[0] = undefined to equal Object({ id: 1, fecha: '2023-01-15T10:00:00Z', nombre: 'Cliente A', correo: 'a@a.com', direccion: 'Dir A', telefono: '123', items: [  ], total: 100, estado: 'ENTREGADO', userId: 1, correoUsuario: 'a@a.com' }).
	Expected $[1] = undefined to equal Object({ id: 2, fecha: '2023-01-16T11:00:00Z', nombre: 'Cliente B', correo: 'b@b.com', direccion: 'Dir B', telefono: '456', items: [  ], total: 200, estado: 'PAGO_PENDIENTE', userId: 2, correoUsuario: 'b@b.com' }).
	    at <Jasmine>
	    at UserContext.apply (src/app/components/pages/order-list/order-list.component.spec.ts:71:33)
	    at UserContext.apply (node_modules/zone.js/fesm2015/zone-testing.js:1702:26)
	    at _ZoneDelegate.invoke (node_modules/zone.js/fesm2015/zone.js:369:28)
	    at ProxyZoneSpec.onInvoke (node_modules/zone.js/fesm2015/zone-testing.js:2081:39)
Chrome 145.0.0.0 (Windows 10): Executed 94 of 114[31m (37 FAILED)[39m (0 secs / 0.66 secs)
[1A[2KChrome 145.0.0.0 (Windows 10): Executed 95 of 114[31m (37 FAILED)[39m (0 secs / 0.662 secs)
[1A[2KERROR: [36m'Error fetching orders:', Object{status: 500, message: 'Server Error'}[39m
Chrome 145.0.0.0 (Windows 10): Executed 95 of 114[31m (37 FAILED)[39m (0 secs / 0.662 secs)
ERROR: 'Error fetching orders:', Object{status: 500, message: 'Server Error'}
[1A[2KChrome 145.0.0.0 (Windows 10): Executed 96 of 114[31m (37 FAILED)[39m (0 secs / 0.665 secs)
[1A[2KChrome 145.0.0.0 (Windows 10): Executed 97 of 114[31m (37 FAILED)[39m (0 secs / 0.668 secs)
[1A[2KChrome 145.0.0.0 (Windows 10): Executed 98 of 114[31m (37 FAILED)[39m (0 secs / 0.67 secs)
[1A[2KChrome 145.0.0.0 (Windows 10): Executed 99 of 114[31m (37 FAILED)[39m (0 secs / 0.673 secs)
[1A[2KChrome 145.0.0.0 (Windows 10): Executed 100 of 114[31m (37 FAILED)[39m (0 secs / 0.676 secs)
[1A[2KChrome 145.0.0.0 (Windows 10): Executed 101 of 114[31m (37 FAILED)[39m (0 secs / 0.679 secs)
[1A[2KChrome 145.0.0.0 (Windows 10): Executed 102 of 114[31m (37 FAILED)[39m (0 secs / 0.707 secs)
[1A[2KChrome 145.0.0.0 (Windows 10): Executed 103 of 114[31m (37 FAILED)[39m (0 secs / 0.711 secs)
[1A[2KChrome 145.0.0.0 (Windows 10): Executed 104 of 114[31m (37 FAILED)[39m (0 secs / 0.723 secs)
[1A[2KChrome 145.0.0.0 (Windows 10): Executed 105 of 114[31m (37 FAILED)[39m (0 secs / 0.75 secs)
[1A[2KChrome 145.0.0.0 (Windows 10): Executed 106 of 114[31m (37 FAILED)[39m (0 secs / 0.754 secs)
[1A[2KChrome 145.0.0.0 (Windows 10): Executed 107 of 114[31m (37 FAILED)[39m (0 secs / 0.774 secs)
[1A[2KChrome 145.0.0.0 (Windows 10): Executed 108 of 114[31m (37 FAILED)[39m (0 secs / 0.783 secs)
[1A[2KChrome 145.0.0.0 (Windows 10): Executed 109 of 114[31m (37 FAILED)[39m (0 secs / 0.788 secs)
[1A[2KChrome 145.0.0.0 (Windows 10): Executed 110 of 114[31m (37 FAILED)[39m (0 secs / 0.829 secs)
[1A[2KChrome 145.0.0.0 (Windows 10): Executed 111 of 114[31m (37 FAILED)[39m (0 secs / 0.84 secs)
[1A[2KChrome 145.0.0.0 (Windows 10): Executed 112 of 114[31m (37 FAILED)[39m (0 secs / 0.853 secs)
[1A[2KChrome 145.0.0.0 (Windows 10): Executed 113 of 114[31m (37 FAILED)[39m (0 secs / 0.865 secs)
[1A[2K[31mChrome 145.0.0.0 (Windows 10) CheckoutComponent should autocompletar documento cuando user llega con alias de campos FAILED[39m
	Expected 'DNI' to be 'CEDULA'.
	    at <Jasmine>
	    at UserContext.apply (src/app/components/pages/checkout/checkout.component.spec.ts:149:64)
	    at _ZoneDelegate.invoke (node_modules/zone.js/fesm2015/zone.js:369:28)
	    at ProxyZoneSpec.onInvoke (node_modules/zone.js/fesm2015/zone-testing.js:2081:39)
	    at _ZoneDelegate.invoke (node_modules/zone.js/fesm2015/zone.js:368:34)
Chrome 145.0.0.0 (Windows 10): Executed 114 of 114[31m (38 FAILED)[39m (0 secs / 0.881 secs)
[1A[2KChrome 145.0.0.0 (Windows 10): Executed 114 of 114[31m (38 FAILED)[39m (0.962 secs / 0.881 secs)
[31mTOTAL: 38 FAILED, 76 SUCCESS[39m
Ô£ö Browser application bundle generation 
complete.
[1m[31m
Error: [96msrc/app/components/pages/cuentos/cuen
tos.component.spec.ts[0m:[93m65[0m:[93m7[0m 
- [91merror[0m[90m TS2352: [0mConversion of 
type '{ id: number; titulo: string; autor: 
string; precio: number; fechaIngreso: string; 
categoria: string; edadRecomendada: string; 
descripcion: string; imagenUrl: string; }' to 
type 'Cuento' may be a mistake because neither 
type sufficiently overlaps with the other. If 
this was intentional, convert the expression to 
'unknown' first.
  Type '{ id: number; titulo: string; autor: 
string; precio: number; fechaIngreso: string; 
categoria: string; edadRecomendada: string; 
descripcion: string; imagenUrl: string; }' is 
missing the following properties from type 
'Cuento': descripcionCorta, editorial, 
tipoEdicion, nroPaginas, and 2 more.

[7m65[0m       { id: 1, titulo: 'Cuento 1', 
autor: 'Autor 1', precio: 10, fechaIngreso: 
'2024-01-01', categoria: 'A', edadRecomendada: 
'5-7', descripcion: '', imagenUrl: '' } as Cuento
[7m  [0m [91m      ~~~~~~~~~~~~~~~~~~~~~~~~~~~
~~~~~~~~~~~~~~~~~~~~~~~~~~~~~~~~~~~~~~~~~~~~~~~~~
~~~~~~~~~~~~~~~~~~~~~~~~~~~~~~~~~~~~~~~~~~~~~~~~~
~~~~~~~~~~~~~~~~~~~~~~~~~~~~~~~~~~~~~~~~~~~~[0m


Error: [96msrc/app/components/pages/cuentos/cuen
tos.component.spec.ts[0m:[93m83[0m:[93m7[0m 
- [91merror[0m[90m TS2352: [0mConversion of 
type '{ id: number; titulo: string; autor: 
string; precio: number; fechaIngreso: string; 
categoria: string; edadRecomendada: string; 
descripcion: string; imagenUrl: string; }' to 
type 'Cuento' may be a mistake because neither 
type sufficiently overlaps with the other. If 
this was intentional, convert the expression to 
'unknown' first.
  Type '{ id: number; titulo: string; autor: 
string; precio: number; fechaIngreso: string; 
categoria: string; edadRecomendada: string; 
descripcion: string; imagenUrl: string; }' is 
missing the following properties from type 
'Cuento': descripcionCorta, editorial, 
tipoEdicion, nroPaginas, and 2 more.

[7m83[0m       { id: 1, titulo: 'Sin Rating', 
autor: 'Autor 1', precio: 10, fechaIngreso: 
'2024-01-01', categoria: 'A', edadRecomendada: 
'5-7', descripcion: '', imagenUrl: '' } as Cuento
[7m  [0m [91m      ~~~~~~~~~~~~~~~~~~~~~~~~~~~
~~~~~~~~~~~~~~~~~~~~~~~~~~~~~~~~~~~~~~~~~~~~~~~~~
~~~~~~~~~~~~~~~~~~~~~~~~~~~~~~~~~~~~~~~~~~~~~~~~~
~~~~~~~~~~~~~~~~~~~~~~~~~~~~~~~~~~~~~~~~~~~~~~[0
m


[39m[22m
Ô£ö Browser application bundle generation 
complete.
Chrome 145.0.0.0 (Windows 10): Executed 0 of 114[32m SUCCESS[39m (0 secs / 0 secs)
[1A[2KChrome 145.0.0.0 (Windows 10): Executed 1 of 114[32m SUCCESS[39m (0 secs / 0.076 secs)
[1A[2KChrome 145.0.0.0 (Windows 10): Executed 2 of 114[32m SUCCESS[39m (0 secs / 0.078 secs)
[1A[2KChrome 145.0.0.0 (Windows 10): Executed 3 of 114[32m SUCCESS[39m (0 secs / 0.081 secs)
[1A[2KChrome 145.0.0.0 (Windows 10): Executed 4 of 114[32m SUCCESS[39m (0 secs / 0.083 secs)
[1A[2KChrome 145.0.0.0 (Windows 10): Executed 5 of 114[32m SUCCESS[39m (0 secs / 0.085 secs)
[1A[2KChrome 145.0.0.0 (Windows 10): Executed 6 of 114[32m SUCCESS[39m (0 secs / 0.087 secs)
[1A[2KChrome 145.0.0.0 (Windows 10): Executed 7 of 114[32m SUCCESS[39m (0 secs / 0.089 secs)
[1A[2KChrome 145.0.0.0 (Windows 10): Executed 8 of 114[32m SUCCESS[39m (0 secs / 0.091 secs)
[1A[2KChrome 145.0.0.0 (Windows 10): Executed 9 of 114[32m SUCCESS[39m (0 secs / 0.093 secs)
[1A[2KChrome 145.0.0.0 (Windows 10): Executed 10 of 114[32m SUCCESS[39m (0 secs / 0.094 secs)
[1A[2KChrome 145.0.0.0 (Windows 10): Executed 11 of 114[32m SUCCESS[39m (0 secs / 0.096 secs)
[1A[2KChrome 145.0.0.0 (Windows 10): Executed 12 of 114[32m SUCCESS[39m (0 secs / 0.097 secs)
[1A[2KChrome 145.0.0.0 (Windows 10): Executed 13 of 114[32m SUCCESS[39m (0 secs / 0.098 secs)
[1A[2KChrome 145.0.0.0 (Windows 10): Executed 14 of 114[32m SUCCESS[39m (0 secs / 0.1 secs)
[1A[2KChrome 145.0.0.0 (Windows 10): Executed 15 of 114[32m SUCCESS[39m (0 secs / 0.102 secs)
[1A[2KChrome 145.0.0.0 (Windows 10): Executed 16 of 114[32m SUCCESS[39m (0 secs / 0.103 secs)
[1A[2KChrome 145.0.0.0 (Windows 10): Executed 17 of 114[32m SUCCESS[39m (0 secs / 0.104 secs)
[1A[2KChrome 145.0.0.0 (Windows 10): Executed 18 of 114[32m SUCCESS[39m (0 secs / 0.106 secs)
[1A[2KChrome 145.0.0.0 (Windows 10): Executed 19 of 114[32m SUCCESS[39m (0 secs / 0.107 secs)
[1A[2KChrome 145.0.0.0 (Windows 10): Executed 20 of 114[32m SUCCESS[39m (0 secs / 0.109 secs)
[1A[2KChrome 145.0.0.0 (Windows 10): Executed 21 of 114[32m SUCCESS[39m (0 secs / 0.11 secs)
[1A[2KChrome 145.0.0.0 (Windows 10): Executed 22 of 114[32m SUCCESS[39m (0 secs / 0.116 secs)
[1A[2KChrome 145.0.0.0 (Windows 10): Executed 23 of 114[32m SUCCESS[39m (0 secs / 0.155 secs)
[1A[2KChrome 145.0.0.0 (Windows 10): Executed 24 of 114[32m SUCCESS[39m (0 secs / 0.172 secs)
[1A[2KChrome 145.0.0.0 (Windows 10): Executed 25 of 114[32m SUCCESS[39m (0 secs / 0.208 secs)
[1A[2KChrome 145.0.0.0 (Windows 10): Executed 26 of 114[32m SUCCESS[39m (0 secs / 0.22 secs)
[1A[2KChrome 145.0.0.0 (Windows 10): Executed 27 of 114[32m SUCCESS[39m (0 secs / 0.319 secs)
[1A[2K[31mChrome 145.0.0.0 (Windows 10) CheckoutComponent should autocompletar documento cuando user llega con alias de campos FAILED[39m
	Expected 'DNI' to be 'CEDULA'.
	    at <Jasmine>
	    at UserContext.apply (src/app/components/pages/checkout/checkout.component.spec.ts:149:64)
	    at _ZoneDelegate.invoke (node_modules/zone.js/fesm2015/zone.js:369:28)
	    at ProxyZoneSpec.onInvoke (node_modules/zone.js/fesm2015/zone-testing.js:2081:39)
	    at _ZoneDelegate.invoke (node_modules/zone.js/fesm2015/zone.js:368:34)
Chrome 145.0.0.0 (Windows 10): Executed 28 of 114[31m (1 FAILED)[39m (0 secs / 0.336 secs)
[1A[2KChrome 145.0.0.0 (Windows 10): Executed 29 of 114[31m (1 FAILED)[39m (0 secs / 0.349 secs)
[1A[2KChrome 145.0.0.0 (Windows 10): Executed 30 of 114[31m (1 FAILED)[39m (0 secs / 0.363 secs)
[1A[2KChrome 145.0.0.0 (Windows 10): Executed 31 of 114[31m (1 FAILED)[39m (0 secs / 0.377 secs)
[1A[2KChrome 145.0.0.0 (Windows 10): Executed 32 of 114[31m (1 FAILED)[39m (0 secs / 0.381 secs)
[1A[2KChrome 145.0.0.0 (Windows 10): Executed 33 of 114[31m (1 FAILED)[39m (0 secs / 0.383 secs)
[1A[2KChrome 145.0.0.0 (Windows 10): Executed 34 of 114[31m (1 FAILED)[39m (0 secs / 0.384 secs)
[1A[2K[31mChrome 145.0.0.0 (Windows 10) PagoComponent ngOnInit - Mercado Pago Callback should show info message if payment status is not "approved" but external_reference matches FAILED[39m
	NullInjectorError: R3InjectorError(Standalone[PagoComponent])[MaestrosService -> MaestrosService -> HttpClient -> HttpClient]: 
	  NullInjectorError: No provider for HttpClient!
	error properties: Object({ ngTempTokenPath: null, ngTokenPath: [ 'MaestrosService', 'MaestrosService', 'HttpClient', 'HttpClient' ] })
	    at NullInjector.get (node_modules/@angular/core/fesm2022/core.mjs:1663:27)
	    at R3Injector.get (node_modules/@angular/core/fesm2022/core.mjs:3109:33)
	    at R3Injector.get (node_modules/@angular/core/fesm2022/core.mjs:3109:33)
	    at injectInjectorOnly (node_modules/@angular/core/fesm2022/core.mjs:1107:40)
	    at ╔Á╔Áinject (node_modules/@angular/core/fesm2022/core.mjs:1113:60)
	    at Object.factory (ng:///MaestrosService/╔Áfac.js:4:59)
	    at callback (node_modules/@angular/core/fesm2022/core.mjs:3237:47)
	    at runInInjectorProfilerContext (node_modules/@angular/core/fesm2022/core.mjs:872:9)
	    at R3Injector.hydrate (node_modules/@angular/core/fesm2022/core.mjs:3236:21)
	    at R3Injector.get (node_modules/@angular/core/fesm2022/core.mjs:3099:33)
Chrome 145.0.0.0 (Windows 10): Executed 35 of 114[31m (2 FAILED)[39m (0 secs / 0.443 secs)
[1A[2K[31mChrome 145.0.0.0 (Windows 10) PagoComponent ngOnInit - Mercado Pago Callback should NOT confirm payment if external_reference does not match pedidoId FAILED[39m
	NullInjectorError: R3InjectorError(Standalone[PagoComponent])[MaestrosService -> MaestrosService -> HttpClient -> HttpClient]: 
	  NullInjectorError: No provider for HttpClient!
	error properties: Object({ ngTempTokenPath: null, ngTokenPath: [ 'MaestrosService', 'MaestrosService', 'HttpClient', 'HttpClient' ] })
	    at NullInjector.get (node_modules/@angular/core/fesm2022/core.mjs:1663:27)
	    at R3Injector.get (node_modules/@angular/core/fesm2022/core.mjs:3109:33)
	    at R3Injector.get (node_modules/@angular/core/fesm2022/core.mjs:3109:33)
	    at injectInjectorOnly (node_modules/@angular/core/fesm2022/core.mjs:1107:40)
	    at ╔Á╔Áinject (node_modules/@angular/core/fesm2022/core.mjs:1113:60)
	    at Object.factory (ng:///MaestrosService/╔Áfac.js:4:59)
	    at callback (node_modules/@angular/core/fesm2022/core.mjs:3237:47)
	    at runInInjectorProfilerContext (node_modules/@angular/core/fesm2022/core.mjs:872:9)
	    at R3Injector.hydrate (node_modules/@angular/core/fesm2022/core.mjs:3236:21)
	    at R3Injector.get (node_modules/@angular/core/fesm2022/core.mjs:3099:33)
Chrome 145.0.0.0 (Windows 10): Executed 36 of 114[31m (3 FAILED)[39m (0 secs / 0.447 secs)
[1A[2K[31mChrome 145.0.0.0 (Windows 10) PagoComponent ngOnInit - Mercado Pago Callback should confirm payment if collection_status is "approved" and external_reference matches pedidoId FAILED[39m
	NullInjectorError: R3InjectorError(Standalone[PagoComponent])[MaestrosService -> MaestrosService -> HttpClient -> HttpClient]: 
	  NullInjectorError: No provider for HttpClient!
	error properties: Object({ ngTempTokenPath: null, ngTokenPath: [ 'MaestrosService', 'MaestrosService', 'HttpClient', 'HttpClient' ] })
	    at NullInjector.get (node_modules/@angular/core/fesm2022/core.mjs:1663:27)
	    at R3Injector.get (node_modules/@angular/core/fesm2022/core.mjs:3109:33)
	    at R3Injector.get (node_modules/@angular/core/fesm2022/core.mjs:3109:33)
	    at injectInjectorOnly (node_modules/@angular/core/fesm2022/core.mjs:1107:40)
	    at ╔Á╔Áinject (node_modules/@angular/core/fesm2022/core.mjs:1113:60)
	    at Object.factory (ng:///MaestrosService/╔Áfac.js:4:59)
	    at callback (node_modules/@angular/core/fesm2022/core.mjs:3237:47)
	    at runInInjectorProfilerContext (node_modules/@angular/core/fesm2022/core.mjs:872:9)
	    at R3Injector.hydrate (node_modules/@angular/core/fesm2022/core.mjs:3236:21)
	    at R3Injector.get (node_modules/@angular/core/fesm2022/core.mjs:3099:33)
Chrome 145.0.0.0 (Windows 10): Executed 37 of 114[31m (4 FAILED)[39m (0 secs / 0.452 secs)
[1A[2K[31mChrome 145.0.0.0 (Windows 10) PagoComponent ngOnInit - Mercado Pago Callback should handle error if confirmarPagoMercadoPago fails FAILED[39m
	NullInjectorError: R3InjectorError(Standalone[PagoComponent])[MaestrosService -> MaestrosService -> HttpClient -> HttpClient]: 
	  NullInjectorError: No provider for HttpClient!
	error properties: Object({ ngTempTokenPath: null, ngTokenPath: [ 'MaestrosService', 'MaestrosService', 'HttpClient', 'HttpClient' ] })
	    at NullInjector.get (node_modules/@angular/core/fesm2022/core.mjs:1663:27)
	    at R3Injector.get (node_modules/@angular/core/fesm2022/core.mjs:3109:33)
	    at R3Injector.get (node_modules/@angular/core/fesm2022/core.mjs:3109:33)
	    at injectInjectorOnly (node_modules/@angular/core/fesm2022/core.mjs:1107:40)
	    at ╔Á╔Áinject (node_modules/@angular/core/fesm2022/core.mjs:1113:60)
	    at Object.factory (ng:///MaestrosService/╔Áfac.js:4:59)
	    at callback (node_modules/@angular/core/fesm2022/core.mjs:3237:47)
	    at runInInjectorProfilerContext (node_modules/@angular/core/fesm2022/core.mjs:872:9)
	    at R3Injector.hydrate (node_modules/@angular/core/fesm2022/core.mjs:3236:21)
	    at R3Injector.get (node_modules/@angular/core/fesm2022/core.mjs:3099:33)
Chrome 145.0.0.0 (Windows 10): Executed 38 of 114[31m (5 FAILED)[39m (0 secs / 0.456 secs)
[1A[2K[31mChrome 145.0.0.0 (Windows 10) PagoComponent ngOnInit - Mercado Pago Callback should NOT confirm payment if collection_status is not "approved" FAILED[39m
	NullInjectorError: R3InjectorError(Standalone[PagoComponent])[MaestrosService -> MaestrosService -> HttpClient -> HttpClient]: 
	  NullInjectorError: No provider for HttpClient!
	error properties: Object({ ngTempTokenPath: null, ngTokenPath: [ 'MaestrosService', 'MaestrosService', 'HttpClient', 'HttpClient' ] })
	    at NullInjector.get (node_modules/@angular/core/fesm2022/core.mjs:1663:27)
	    at R3Injector.get (node_modules/@angular/core/fesm2022/core.mjs:3109:33)
	    at R3Injector.get (node_modules/@angular/core/fesm2022/core.mjs:3109:33)
	    at injectInjectorOnly (node_modules/@angular/core/fesm2022/core.mjs:1107:40)
	    at ╔Á╔Áinject (node_modules/@angular/core/fesm2022/core.mjs:1113:60)
	    at Object.factory (ng:///MaestrosService/╔Áfac.js:4:59)
	    at callback (node_modules/@angular/core/fesm2022/core.mjs:3237:47)
	    at runInInjectorProfilerContext (node_modules/@angular/core/fesm2022/core.mjs:872:9)
	    at R3Injector.hydrate (node_modules/@angular/core/fesm2022/core.mjs:3236:21)
	    at R3Injector.get (node_modules/@angular/core/fesm2022/core.mjs:3099:33)
Chrome 145.0.0.0 (Windows 10): Executed 39 of 114[31m (6 FAILED)[39m (0 secs / 0.459 secs)
[1A[2K[31mChrome 145.0.0.0 (Windows 10) PagoComponent ngOnInit - Mercado Pago Callback should not call confirmarPagoMercadoPago if no relevant query params are present FAILED[39m
	NullInjectorError: R3InjectorError(Standalone[PagoComponent])[MaestrosService -> MaestrosService -> HttpClient -> HttpClient]: 
	  NullInjectorError: No provider for HttpClient!
	error properties: Object({ ngTempTokenPath: null, ngTokenPath: [ 'MaestrosService', 'MaestrosService', 'HttpClient', 'HttpClient' ] })
	    at NullInjector.get (node_modules/@angular/core/fesm2022/core.mjs:1663:27)
	    at R3Injector.get (node_modules/@angular/core/fesm2022/core.mjs:3109:33)
	    at R3Injector.get (node_modules/@angular/core/fesm2022/core.mjs:3109:33)
	    at injectInjectorOnly (node_modules/@angular/core/fesm2022/core.mjs:1107:40)
	    at ╔Á╔Áinject (node_modules/@angular/core/fesm2022/core.mjs:1113:60)
	    at Object.factory (ng:///MaestrosService/╔Áfac.js:4:59)
	    at callback (node_modules/@angular/core/fesm2022/core.mjs:3237:47)
	    at runInInjectorProfilerContext (node_modules/@angular/core/fesm2022/core.mjs:872:9)
	    at R3Injector.hydrate (node_modules/@angular/core/fesm2022/core.mjs:3236:21)
	    at R3Injector.get (node_modules/@angular/core/fesm2022/core.mjs:3099:33)
Chrome 145.0.0.0 (Windows 10): Executed 40 of 114[31m (7 FAILED)[39m (0 secs / 0.463 secs)
[1A[2K[31mChrome 145.0.0.0 (Windows 10) PagoComponent should fetch order status on init FAILED[39m
	NullInjectorError: R3InjectorError(Standalone[PagoComponent])[MaestrosService -> MaestrosService -> HttpClient -> HttpClient]: 
	  NullInjectorError: No provider for HttpClient!
	error properties: Object({ ngTempTokenPath: null, ngTokenPath: [ 'MaestrosService', 'MaestrosService', 'HttpClient', 'HttpClient' ] })
	    at NullInjector.get (node_modules/@angular/core/fesm2022/core.mjs:1663:27)
	    at R3Injector.get (node_modules/@angular/core/fesm2022/core.mjs:3109:33)
	    at R3Injector.get (node_modules/@angular/core/fesm2022/core.mjs:3109:33)
	    at injectInjectorOnly (node_modules/@angular/core/fesm2022/core.mjs:1107:40)
	    at ╔Á╔Áinject (node_modules/@angular/core/fesm2022/core.mjs:1113:60)
	    at Object.factory (ng:///MaestrosService/╔Áfac.js:4:59)
	    at callback (node_modules/@angular/core/fesm2022/core.mjs:3237:47)
	    at runInInjectorProfilerContext (node_modules/@angular/core/fesm2022/core.mjs:872:9)
	    at R3Injector.hydrate (node_modules/@angular/core/fesm2022/core.mjs:3236:21)
	    at R3Injector.get (node_modules/@angular/core/fesm2022/core.mjs:3099:33)
Chrome 145.0.0.0 (Windows 10): Executed 41 of 114[31m (8 FAILED)[39m (0 secs / 0.473 secs)
[1A[2K[31mChrome 145.0.0.0 (Windows 10) PagoComponent should create FAILED[39m
	NullInjectorError: R3InjectorError(Standalone[PagoComponent])[MaestrosService -> MaestrosService -> HttpClient -> HttpClient]: 
	  NullInjectorError: No provider for HttpClient!
	error properties: Object({ ngTempTokenPath: null, ngTokenPath: [ 'MaestrosService', 'MaestrosService', 'HttpClient', 'HttpClient' ] })
	    at NullInjector.get (node_modules/@angular/core/fesm2022/core.mjs:1663:27)
	    at R3Injector.get (node_modules/@angular/core/fesm2022/core.mjs:3109:33)
	    at R3Injector.get (node_modules/@angular/core/fesm2022/core.mjs:3109:33)
	    at injectInjectorOnly (node_modules/@angular/core/fesm2022/core.mjs:1107:40)
	    at ╔Á╔Áinject (node_modules/@angular/core/fesm2022/core.mjs:1113:60)
	    at Object.factory (ng:///MaestrosService/╔Áfac.js:4:59)
	    at callback (node_modules/@angular/core/fesm2022/core.mjs:3237:47)
	    at runInInjectorProfilerContext (node_modules/@angular/core/fesm2022/core.mjs:872:9)
	    at R3Injector.hydrate (node_modules/@angular/core/fesm2022/core.mjs:3236:21)
	    at R3Injector.get (node_modules/@angular/core/fesm2022/core.mjs:3099:33)
Chrome 145.0.0.0 (Windows 10): Executed 42 of 114[31m (9 FAILED)[39m (0 secs / 0.477 secs)
[1A[2K[31mChrome 145.0.0.0 (Windows 10) PagoComponent pagarConMercadoPagoConfirmado should redirect to the correct Mercado Pago URL FAILED[39m
	NullInjectorError: R3InjectorError(Standalone[PagoComponent])[MaestrosService -> MaestrosService -> HttpClient -> HttpClient]: 
	  NullInjectorError: No provider for HttpClient!
	error properties: Object({ ngTempTokenPath: null, ngTokenPath: [ 'MaestrosService', 'MaestrosService', 'HttpClient', 'HttpClient' ] })
	    at NullInjector.get (node_modules/@angular/core/fesm2022/core.mjs:1663:27)
	    at R3Injector.get (node_modules/@angular/core/fesm2022/core.mjs:3109:33)
	    at R3Injector.get (node_modules/@angular/core/fesm2022/core.mjs:3109:33)
	    at injectInjectorOnly (node_modules/@angular/core/fesm2022/core.mjs:1107:40)
	    at ╔Á╔Áinject (node_modules/@angular/core/fesm2022/core.mjs:1113:60)
	    at Object.factory (ng:///MaestrosService/╔Áfac.js:4:59)
	    at callback (node_modules/@angular/core/fesm2022/core.mjs:3237:47)
	    at runInInjectorProfilerContext (node_modules/@angular/core/fesm2022/core.mjs:872:9)
	    at R3Injector.hydrate (node_modules/@angular/core/fesm2022/core.mjs:3236:21)
	    at R3Injector.get (node_modules/@angular/core/fesm2022/core.mjs:3099:33)
Chrome 145.0.0.0 (Windows 10): Executed 43 of 114[31m (10 FAILED)[39m (0 secs / 0.481 secs)
[1A[2KChrome 145.0.0.0 (Windows 10): Executed 44 of 114[31m (10 FAILED)[39m (0 secs / 0.484 secs)
[1A[2KChrome 145.0.0.0 (Windows 10): Executed 45 of 114[31m (10 FAILED)[39m (0 secs / 0.508 secs)
[1A[2KChrome 145.0.0.0 (Windows 10): Executed 46 of 114[31m (10 FAILED)[39m (0 secs / 0.517 secs)
[1A[2KChrome 145.0.0.0 (Windows 10): Executed 47 of 114[31m (10 FAILED)[39m (0 secs / 0.525 secs)
[1A[2KChrome 145.0.0.0 (Windows 10): Executed 48 of 114[31m (10 FAILED)[39m (0 secs / 0.533 secs)
[1A[2KChrome 145.0.0.0 (Windows 10): Executed 49 of 114[31m (10 FAILED)[39m (0 secs / 0.54 secs)
[1A[2KChrome 145.0.0.0 (Windows 10): Executed 50 of 114[31m (10 FAILED)[39m (0 secs / 0.547 secs)
[1A[2KChrome 145.0.0.0 (Windows 10): Executed 51 of 114[31m (10 FAILED)[39m (0 secs / 0.554 secs)
[1A[2KChrome 145.0.0.0 (Windows 10): Executed 52 of 114[31m (10 FAILED)[39m (0 secs / 0.563 secs)
[1A[2KChrome 145.0.0.0 (Windows 10): Executed 53 of 114[31m (10 FAILED)[39m (0 secs / 0.572 secs)
[1A[2KChrome 145.0.0.0 (Windows 10): Executed 54 of 114[31m (10 FAILED)[39m (0 secs / 0.58 secs)
[1A[2KChrome 145.0.0.0 (Windows 10): Executed 55 of 114[31m (10 FAILED)[39m (0 secs / 0.587 secs)
[1A[2KChrome 145.0.0.0 (Windows 10): Executed 56 of 114[31m (10 FAILED)[39m (0 secs / 0.618 secs)
[1A[2K[31mChrome 145.0.0.0 (Windows 10) OrderListComponent ngOnInit should assign pedidos on successful data fetch FAILED[39m
	Expected 0 to be 2.
	    at <Jasmine>
	    at UserContext.apply (src/app/components/pages/order-list/order-list.component.spec.ts:70:40)
	    at UserContext.apply (node_modules/zone.js/fesm2015/zone-testing.js:1702:26)
	    at _ZoneDelegate.invoke (node_modules/zone.js/fesm2015/zone.js:369:28)
	    at ProxyZoneSpec.onInvoke (node_modules/zone.js/fesm2015/zone-testing.js:2081:39)
	Expected $.length = 0 to equal 2.
	Expected $[0] = undefined to equal Object({ id: 1, fecha: '2023-01-15T10:00:00Z', nombre: 'Cliente A', correo: 'a@a.com', direccion: 'Dir A', telefono: '123', items: [  ], total: 100, estado: 'ENTREGADO', userId: 1, correoUsuario: 'a@a.com' }).
	Expected $[1] = undefined to equal Object({ id: 2, fecha: '2023-01-16T11:00:00Z', nombre: 'Cliente B', correo: 'b@b.com', direccion: 'Dir B', telefono: '456', items: [  ], total: 200, estado: 'PAGO_PENDIENTE', userId: 2, correoUsuario: 'b@b.com' }).
	    at <Jasmine>
	    at UserContext.apply (src/app/components/pages/order-list/order-list.component.spec.ts:71:33)
	    at UserContext.apply (node_modules/zone.js/fesm2015/zone-testing.js:1702:26)
	    at _ZoneDelegate.invoke (node_modules/zone.js/fesm2015/zone.js:369:28)
	    at ProxyZoneSpec.onInvoke (node_modules/zone.js/fesm2015/zone-testing.js:2081:39)
Chrome 145.0.0.0 (Windows 10): Executed 57 of 114[31m (11 FAILED)[39m (0 secs / 0.625 secs)
[1A[2KERROR: [36m'Error fetching orders:', Object{status: 500, message: 'Server Error'}[39m
Chrome 145.0.0.0 (Windows 10): Executed 57 of 114[31m (11 FAILED)[39m (0 secs / 0.625 secs)
ERROR: 'Error fetching orders:', Object{status: 500, message: 'Server Error'}
[1A[2KChrome 145.0.0.0 (Windows 10): Executed 58 of 114[31m (11 FAILED)[39m (0 secs / 0.634 secs)
[1A[2K[31mChrome 145.0.0.0 (Windows 10) OrderListComponent Template Rendering should display error message when errorMensaje is set FAILED[39m
	TypeError: Cannot read properties of null (reading 'nativeElement')
	    at UserContext.apply (src/app/components/pages/order-list/order-list.component.spec.ts:113:27)
	    at _ZoneDelegate.invoke (node_modules/zone.js/fesm2015/zone.js:369:28)
	    at ProxyZoneSpec.onInvoke (node_modules/zone.js/fesm2015/zone-testing.js:2081:39)
	    at _ZoneDelegate.invoke (node_modules/zone.js/fesm2015/zone.js:368:34)
	    at ZoneImpl.run (node_modules/zone.js/fesm2015/zone.js:111:43)
	    at runInTestZone (node_modules/zone.js/fesm2015/zone-testing.js:216:38)
	    at UserContext.<anonymous> (node_modules/zone.js/fesm2015/zone-testing.js:234:32)
	    at <Jasmine>
Chrome 145.0.0.0 (Windows 10): Executed 59 of 114[31m (12 FAILED)[39m (0 secs / 0.642 secs)
[1A[2K[31mChrome 145.0.0.0 (Windows 10) OrderListComponent Template Rendering should display "Cargando pedidos..." when isLoading is true FAILED[39m
	TypeError: Cannot read properties of null (reading 'nativeElement')
	    at UserContext.apply (src/app/components/pages/order-list/order-list.component.spec.ts:105:29)
	    at _ZoneDelegate.invoke (node_modules/zone.js/fesm2015/zone.js:369:28)
	    at ProxyZoneSpec.onInvoke (node_modules/zone.js/fesm2015/zone-testing.js:2081:39)
	    at _ZoneDelegate.invoke (node_modules/zone.js/fesm2015/zone.js:368:34)
	    at ZoneImpl.run (node_modules/zone.js/fesm2015/zone.js:111:43)
	    at runInTestZone (node_modules/zone.js/fesm2015/zone-testing.js:216:38)
	    at UserContext.<anonymous> (node_modules/zone.js/fesm2015/zone-testing.js:234:32)
	    at <Jasmine>
Chrome 145.0.0.0 (Windows 10): Executed 60 of 114[31m (13 FAILED)[39m (0 secs / 0.664 secs)
[1A[2KChrome 145.0.0.0 (Windows 10): Executed 61 of 114[31m (13 FAILED)[39m (0 secs / 0.672 secs)
[1A[2K[31mChrome 145.0.0.0 (Windows 10) OrderListComponent Template Rendering should call irAPago when primary action button is clicked FAILED[39m
	TypeError: Cannot read properties of null (reading 'triggerEventHandler')
	    at UserContext.apply (src/app/components/pages/order-list/order-list.component.spec.ts:161:14)
	    at UserContext.apply (node_modules/zone.js/fesm2015/zone-testing.js:1702:26)
	    at _ZoneDelegate.invoke (node_modules/zone.js/fesm2015/zone.js:369:28)
	    at ProxyZoneSpec.onInvoke (node_modules/zone.js/fesm2015/zone-testing.js:2081:39)
	    at _ZoneDelegate.invoke (node_modules/zone.js/fesm2015/zone.js:368:34)
	    at ZoneImpl.run (node_modules/zone.js/fesm2015/zone.js:111:43)
	    at runInTestZone (node_modules/zone.js/fesm2015/zone-testing.js:216:38)
	    at UserContext.<anonymous> (node_modules/zone.js/fesm2015/zone-testing.js:234:32)
	    at <Jasmine>
Chrome 145.0.0.0 (Windows 10): Executed 62 of 114[31m (14 FAILED)[39m (0 secs / 0.683 secs)
[1A[2K[31mChrome 145.0.0.0 (Windows 10) OrderListComponent Template Rendering should render order cards when pedidos has data FAILED[39m
	Expected 0 to be 2.
	    at <Jasmine>
	    at UserContext.apply (src/app/components/pages/order-list/order-list.component.spec.ts:135:32)
	    at UserContext.apply (node_modules/zone.js/fesm2015/zone-testing.js:1702:26)
	    at _ZoneDelegate.invoke (node_modules/zone.js/fesm2015/zone.js:369:28)
	    at ProxyZoneSpec.onInvoke (node_modules/zone.js/fesm2015/zone-testing.js:2081:39)
	TypeError: Cannot read properties of undefined (reading 'query')
	    at UserContext.apply (src/app/components/pages/order-list/order-list.component.spec.ts:138:23)
	    at UserContext.apply (node_modules/zone.js/fesm2015/zone-testing.js:1702:26)
	    at _ZoneDelegate.invoke (node_modules/zone.js/fesm2015/zone.js:369:28)
	    at ProxyZoneSpec.onInvoke (node_modules/zone.js/fesm2015/zone-testing.js:2081:39)
	    at _ZoneDelegate.invoke (node_modules/zone.js/fesm2015/zone.js:368:34)
	    at ZoneImpl.run (node_modules/zone.js/fesm2015/zone.js:111:43)
	    at runInTestZone (node_modules/zone.js/fesm2015/zone-testing.js:216:38)
	    at UserContext.<anonymous> (node_modules/zone.js/fesm2015/zone-testing.js:234:32)
	    at <Jasmine>
Chrome 145.0.0.0 (Windows 10): Executed 63 of 114[31m (15 FAILED)[39m (0 secs / 0.7 secs)
[1A[2KChrome 145.0.0.0 (Windows 10): Executed 64 of 114[31m (15 FAILED)[39m (0 secs / 0.709 secs)
[1A[2KChrome 145.0.0.0 (Windows 10): Executed 65 of 114[31m (15 FAILED)[39m (0 secs / 0.728 secs)
[1A[2KChrome 145.0.0.0 (Windows 10): Executed 66 of 114[31m (15 FAILED)[39m (0 secs / 0.737 secs)
[1A[2KChrome 145.0.0.0 (Windows 10): Executed 67 of 114[31m (15 FAILED)[39m (0 secs / 0.739 secs)
[1A[2K[31mChrome 145.0.0.0 (Windows 10) PagoService confirmarPagoMercadoPago should make a POST request to the correct URL and return data on success FAILED[39m
	Error: Expected one matching request for criteria "Match URL: http://localhost:8080/api/orders/123/confirmar-pago-mercadopago", found none. Requests received are: POST http://localhost:8080/api/v1/orders/123/confirmar-pago-mercadopago.
	    at HttpClientTestingBackend.expectOne (node_modules/@angular/common/fesm2022/http/testing.mjs:270:19)
	    at UserContext.apply (src/app/services/pago.service.spec.ts:36:28)
	    at _ZoneDelegate.invoke (node_modules/zone.js/fesm2015/zone.js:369:28)
	    at ProxyZoneSpec.onInvoke (node_modules/zone.js/fesm2015/zone-testing.js:2081:39)
	    at _ZoneDelegate.invoke (node_modules/zone.js/fesm2015/zone.js:368:34)
	    at ZoneImpl.run (node_modules/zone.js/fesm2015/zone.js:111:43)
	    at runInTestZone (node_modules/zone.js/fesm2015/zone-testing.js:216:38)
	    at UserContext.<anonymous> (node_modules/zone.js/fesm2015/zone-testing.js:234:32)
	    at <Jasmine>
	Error: Expected no open requests, found 1: POST http://localhost:8080/api/v1/orders/123/confirmar-pago-mercadopago
	    at HttpClientTestingBackend.verify (node_modules/@angular/common/fesm2022/http/testing.mjs:298:19)
	    at UserContext.apply (src/app/services/pago.service.spec.ts:20:14)
	    at _ZoneDelegate.invoke (node_modules/zone.js/fesm2015/zone.js:369:28)
	    at ProxyZoneSpec.onInvoke (node_modules/zone.js/fesm2015/zone-testing.js:2081:39)
	    at _ZoneDelegate.invoke (node_modules/zone.js/fesm2015/zone.js:368:34)
	    at ZoneImpl.run (node_modules/zone.js/fesm2015/zone.js:111:43)
	    at runInTestZone (node_modules/zone.js/fesm2015/zone-testing.js:216:38)
	    at UserContext.<anonymous> (node_modules/zone.js/fesm2015/zone-testing.js:234:32)
	    at <Jasmine>
Chrome 145.0.0.0 (Windows 10): Executed 68 of 114[31m (16 FAILED)[39m (0 secs / 0.744 secs)
[1A[2K[31mChrome 145.0.0.0 (Windows 10) PagoService confirmarPagoMercadoPago should handle HTTP errors correctly FAILED[39m
	Error: Expected one matching request for criteria "Match URL: http://localhost:8080/api/orders/456/confirmar-pago-mercadopago", found none. Requests received are: POST http://localhost:8080/api/v1/orders/456/confirmar-pago-mercadopago.
	    at HttpClientTestingBackend.expectOne (node_modules/@angular/common/fesm2022/http/testing.mjs:270:19)
	    at UserContext.apply (src/app/services/pago.service.spec.ts:55:28)
	    at _ZoneDelegate.invoke (node_modules/zone.js/fesm2015/zone.js:369:28)
	    at ProxyZoneSpec.onInvoke (node_modules/zone.js/fesm2015/zone-testing.js:2081:39)
	    at _ZoneDelegate.invoke (node_modules/zone.js/fesm2015/zone.js:368:34)
	    at ZoneImpl.run (node_modules/zone.js/fesm2015/zone.js:111:43)
	    at runInTestZone (node_modules/zone.js/fesm2015/zone-testing.js:216:38)
	    at UserContext.<anonymous> (node_modules/zone.js/fesm2015/zone-testing.js:234:32)
	    at <Jasmine>
	Error: Expected no open requests, found 1: POST http://localhost:8080/api/v1/orders/456/confirmar-pago-mercadopago
	    at HttpClientTestingBackend.verify (node_modules/@angular/common/fesm2022/http/testing.mjs:298:19)
	    at UserContext.apply (src/app/services/pago.service.spec.ts:20:14)
	    at _ZoneDelegate.invoke (node_modules/zone.js/fesm2015/zone.js:369:28)
	    at ProxyZoneSpec.onInvoke (node_modules/zone.js/fesm2015/zone-testing.js:2081:39)
	    at _ZoneDelegate.invoke (node_modules/zone.js/fesm2015/zone.js:368:34)
	    at ZoneImpl.run (node_modules/zone.js/fesm2015/zone.js:111:43)
	    at runInTestZone (node_modules/zone.js/fesm2015/zone-testing.js:216:38)
	    at UserContext.<anonymous> (node_modules/zone.js/fesm2015/zone-testing.js:234:32)
	    at <Jasmine>
Chrome 145.0.0.0 (Windows 10): Executed 69 of 114[31m (17 FAILED)[39m (0 secs / 0.746 secs)
[1A[2KChrome 145.0.0.0 (Windows 10): Executed 70 of 114[31m (17 FAILED)[39m (0 secs / 0.821 secs)
[1A[2KChrome 145.0.0.0 (Windows 10): Executed 71 of 114[31m (17 FAILED)[39m (0 secs / 0.823 secs)
[1A[2K[31mChrome 145.0.0.0 (Windows 10) PedidoService getOrderById should return a single order on successful GET request FAILED[39m
	Error: Expected one matching request for criteria "Match URL: http://localhost:8080/api/orders/1", found none. Requests received are: GET http://localhost:8080/api/v1/orders/1.
	    at HttpClientTestingBackend.expectOne (node_modules/@angular/common/fesm2022/http/testing.mjs:270:19)
	    at UserContext.apply (src/app/services/pedido.service.spec.ts:70:28)
	    at _ZoneDelegate.invoke (node_modules/zone.js/fesm2015/zone.js:369:28)
	    at ProxyZoneSpec.onInvoke (node_modules/zone.js/fesm2015/zone-testing.js:2081:39)
	    at _ZoneDelegate.invoke (node_modules/zone.js/fesm2015/zone.js:368:34)
	    at ZoneImpl.run (node_modules/zone.js/fesm2015/zone.js:111:43)
	    at runInTestZone (node_modules/zone.js/fesm2015/zone-testing.js:216:38)
	    at UserContext.<anonymous> (node_modules/zone.js/fesm2015/zone-testing.js:234:32)
	    at <Jasmine>
	Error: Expected no open requests, found 1: GET http://localhost:8080/api/v1/orders/1
	    at HttpClientTestingBackend.verify (node_modules/@angular/common/fesm2022/http/testing.mjs:298:19)
	    at UserContext.apply (src/app/services/pedido.service.spec.ts:21:14)
	    at _ZoneDelegate.invoke (node_modules/zone.js/fesm2015/zone.js:369:28)
	    at ProxyZoneSpec.onInvoke (node_modules/zone.js/fesm2015/zone-testing.js:2081:39)
	    at _ZoneDelegate.invoke (node_modules/zone.js/fesm2015/zone.js:368:34)
	    at ZoneImpl.run (node_modules/zone.js/fesm2015/zone.js:111:43)
	    at runInTestZone (node_modules/zone.js/fesm2015/zone-testing.js:216:38)
	    at UserContext.<anonymous> (node_modules/zone.js/fesm2015/zone-testing.js:234:32)
	    at <Jasmine>
Chrome 145.0.0.0 (Windows 10): Executed 72 of 114[31m (18 FAILED)[39m (0 secs / 0.826 secs)
[1A[2K[31mChrome 145.0.0.0 (Windows 10) PedidoService getOrderById should handle errors when fetching a single order FAILED[39m
	Error: Expected one matching request for criteria "Match URL: http://localhost:8080/api/orders/1", found none. Requests received are: GET http://localhost:8080/api/v1/orders/1.
	    at HttpClientTestingBackend.expectOne (node_modules/@angular/common/fesm2022/http/testing.mjs:270:19)
	    at UserContext.apply (src/app/services/pedido.service.spec.ts:86:28)
	    at _ZoneDelegate.invoke (node_modules/zone.js/fesm2015/zone.js:369:28)
	    at ProxyZoneSpec.onInvoke (node_modules/zone.js/fesm2015/zone-testing.js:2081:39)
	    at _ZoneDelegate.invoke (node_modules/zone.js/fesm2015/zone.js:368:34)
	    at ZoneImpl.run (node_modules/zone.js/fesm2015/zone.js:111:43)
	    at runInTestZone (node_modules/zone.js/fesm2015/zone-testing.js:216:38)
	    at UserContext.<anonymous> (node_modules/zone.js/fesm2015/zone-testing.js:234:32)
	    at <Jasmine>
	Error: Expected no open requests, found 1: GET http://localhost:8080/api/v1/orders/1
	    at HttpClientTestingBackend.verify (node_modules/@angular/common/fesm2022/http/testing.mjs:298:19)
	    at UserContext.apply (src/app/services/pedido.service.spec.ts:21:14)
	    at _ZoneDelegate.invoke (node_modules/zone.js/fesm2015/zone.js:369:28)
	    at ProxyZoneSpec.onInvoke (node_modules/zone.js/fesm2015/zone-testing.js:2081:39)
	    at _ZoneDelegate.invoke (node_modules/zone.js/fesm2015/zone.js:368:34)
	    at ZoneImpl.run (node_modules/zone.js/fesm2015/zone.js:111:43)
	    at runInTestZone (node_modules/zone.js/fesm2015/zone-testing.js:216:38)
	    at UserContext.<anonymous> (node_modules/zone.js/fesm2015/zone-testing.js:234:32)
	    at <Jasmine>
Chrome 145.0.0.0 (Windows 10): Executed 73 of 114[31m (19 FAILED)[39m (0 secs / 0.828 secs)
[1A[2K[31mChrome 145.0.0.0 (Windows 10) PedidoService getOrders should return a list of orders on successful GET request FAILED[39m
	Error: Expected one matching request for criteria "Match URL: http://localhost:8080/api/orders", found none. Requests received are: GET http://localhost:8080/api/v1/orders.
	    at HttpClientTestingBackend.expectOne (node_modules/@angular/common/fesm2022/http/testing.mjs:270:19)
	    at UserContext.apply (src/app/services/pedido.service.spec.ts:40:28)
	    at _ZoneDelegate.invoke (node_modules/zone.js/fesm2015/zone.js:369:28)
	    at ProxyZoneSpec.onInvoke (node_modules/zone.js/fesm2015/zone-testing.js:2081:39)
	    at _ZoneDelegate.invoke (node_modules/zone.js/fesm2015/zone.js:368:34)
	    at ZoneImpl.run (node_modules/zone.js/fesm2015/zone.js:111:43)
	    at runInTestZone (node_modules/zone.js/fesm2015/zone-testing.js:216:38)
	    at UserContext.<anonymous> (node_modules/zone.js/fesm2015/zone-testing.js:234:32)
	    at <Jasmine>
	Error: Expected no open requests, found 1: GET http://localhost:8080/api/v1/orders
	    at HttpClientTestingBackend.verify (node_modules/@angular/common/fesm2022/http/testing.mjs:298:19)
	    at UserContext.apply (src/app/services/pedido.service.spec.ts:21:14)
	    at _ZoneDelegate.invoke (node_modules/zone.js/fesm2015/zone.js:369:28)
	    at ProxyZoneSpec.onInvoke (node_modules/zone.js/fesm2015/zone-testing.js:2081:39)
	    at _ZoneDelegate.invoke (node_modules/zone.js/fesm2015/zone.js:368:34)
	    at ZoneImpl.run (node_modules/zone.js/fesm2015/zone.js:111:43)
	    at runInTestZone (node_modules/zone.js/fesm2015/zone-testing.js:216:38)
	    at UserContext.<anonymous> (node_modules/zone.js/fesm2015/zone-testing.js:234:32)
	    at <Jasmine>
Chrome 145.0.0.0 (Windows 10): Executed 74 of 114[31m (20 FAILED)[39m (0 secs / 0.837 secs)
[1A[2K[31mChrome 145.0.0.0 (Windows 10) PedidoService getOrders should handle errors when fetching orders FAILED[39m
	Error: Expected one matching request for criteria "Match URL: http://localhost:8080/api/orders", found none. Requests received are: GET http://localhost:8080/api/v1/orders.
	    at HttpClientTestingBackend.expectOne (node_modules/@angular/common/fesm2022/http/testing.mjs:270:19)
	    at UserContext.apply (src/app/services/pedido.service.spec.ts:55:28)
	    at _ZoneDelegate.invoke (node_modules/zone.js/fesm2015/zone.js:369:28)
	    at ProxyZoneSpec.onInvoke (node_modules/zone.js/fesm2015/zone-testing.js:2081:39)
	    at _ZoneDelegate.invoke (node_modules/zone.js/fesm2015/zone.js:368:34)
	    at ZoneImpl.run (node_modules/zone.js/fesm2015/zone.js:111:43)
	    at runInTestZone (node_modules/zone.js/fesm2015/zone-testing.js:216:38)
	    at UserContext.<anonymous> (node_modules/zone.js/fesm2015/zone-testing.js:234:32)
	    at <Jasmine>
	Error: Expected no open requests, found 1: GET http://localhost:8080/api/v1/orders
	    at HttpClientTestingBackend.verify (node_modules/@angular/common/fesm2022/http/testing.mjs:298:19)
	    at UserContext.apply (src/app/services/pedido.service.spec.ts:21:14)
	    at _ZoneDelegate.invoke (node_modules/zone.js/fesm2015/zone.js:369:28)
	    at ProxyZoneSpec.onInvoke (node_modules/zone.js/fesm2015/zone-testing.js:2081:39)
	    at _ZoneDelegate.invoke (node_modules/zone.js/fesm2015/zone.js:368:34)
	    at ZoneImpl.run (node_modules/zone.js/fesm2015/zone.js:111:43)
	    at runInTestZone (node_modules/zone.js/fesm2015/zone-testing.js:216:38)
	    at UserContext.<anonymous> (node_modules/zone.js/fesm2015/zone-testing.js:234:32)
	    at <Jasmine>
Chrome 145.0.0.0 (Windows 10): Executed 75 of 114[31m (21 FAILED)[39m (0 secs / 0.841 secs)
[1A[2K[31mChrome 145.0.0.0 (Windows 10) PedidoService getVoucherUrl should call GET /orders/:id/voucher-url (not /pedidos) FAILED[39m
	Error: Expected one matching request for criteria "Match URL: http://localhost:8080/api/orders/42/voucher-url", found none. Requests received are: GET http://localhost:8080/api/v1/orders/42/voucher-url.
	    at HttpClientTestingBackend.expectOne (node_modules/@angular/common/fesm2022/http/testing.mjs:270:19)
	    at UserContext.apply (src/app/services/pedido.service.spec.ts:96:28)
	    at _ZoneDelegate.invoke (node_modules/zone.js/fesm2015/zone.js:369:28)
	    at ProxyZoneSpec.onInvoke (node_modules/zone.js/fesm2015/zone-testing.js:2081:39)
	    at _ZoneDelegate.invoke (node_modules/zone.js/fesm2015/zone.js:368:34)
	    at ZoneImpl.run (node_modules/zone.js/fesm2015/zone.js:111:43)
	    at runInTestZone (node_modules/zone.js/fesm2015/zone-testing.js:216:38)
	    at UserContext.<anonymous> (node_modules/zone.js/fesm2015/zone-testing.js:234:32)
	    at <Jasmine>
	Error: Expected no open requests, found 1: GET http://localhost:8080/api/v1/orders/42/voucher-url
	    at HttpClientTestingBackend.verify (node_modules/@angular/common/fesm2022/http/testing.mjs:298:19)
	    at UserContext.apply (src/app/services/pedido.service.spec.ts:21:14)
	    at _ZoneDelegate.invoke (node_modules/zone.js/fesm2015/zone.js:369:28)
	    at ProxyZoneSpec.onInvoke (node_modules/zone.js/fesm2015/zone-testing.js:2081:39)
	    at _ZoneDelegate.invoke (node_modules/zone.js/fesm2015/zone.js:368:34)
	    at ZoneImpl.run (node_modules/zone.js/fesm2015/zone.js:111:43)
	    at runInTestZone (node_modules/zone.js/fesm2015/zone-testing.js:216:38)
	    at UserContext.<anonymous> (node_modules/zone.js/fesm2015/zone-testing.js:234:32)
	    at <Jasmine>
Chrome 145.0.0.0 (Windows 10): Executed 76 of 114[31m (22 FAILED)[39m (0 secs / 0.845 secs)
[1A[2KChrome 145.0.0.0 (Windows 10): Executed 77 of 114[31m (22 FAILED)[39m (0 secs / 0.853 secs)
[1A[2KChrome 145.0.0.0 (Windows 10): Executed 78 of 114[31m (22 FAILED)[39m (0 secs / 0.857 secs)
[1A[2KChrome 145.0.0.0 (Windows 10): Executed 79 of 114[31m (22 FAILED)[39m (0 secs / 0.861 secs)
[1A[2KChrome 145.0.0.0 (Windows 10): Executed 80 of 114[31m (22 FAILED)[39m (0 secs / 0.871 secs)
[1A[2KChrome 145.0.0.0 (Windows 10): Executed 81 of 114[31m (22 FAILED)[39m (0 secs / 0.889 secs)
[1A[2KChrome 145.0.0.0 (Windows 10): Executed 82 of 114[31m (22 FAILED)[39m (0 secs / 0.923 secs)
[1A[2K[31mChrome 145.0.0.0 (Windows 10) BottomNavComponent should create FAILED[39m
	NullInjectorError: R3InjectorError(Standalone[BottomNavComponent])[ActivatedRoute -> ActivatedRoute -> ActivatedRoute]: 
	  NullInjectorError: No provider for ActivatedRoute!
	error properties: Object({ ngTempTokenPath: null, ngTokenPath: [ 'ActivatedRoute', 'ActivatedRoute', 'ActivatedRoute' ] })
	    at NullInjector.get (node_modules/@angular/core/fesm2022/core.mjs:1663:27)
	    at R3Injector.get (node_modules/@angular/core/fesm2022/core.mjs:3109:33)
	    at R3Injector.get (node_modules/@angular/core/fesm2022/core.mjs:3109:33)
	    at R3Injector.get (node_modules/@angular/core/fesm2022/core.mjs:3109:33)
	    at ChainedInjector.get (node_modules/@angular/core/fesm2022/core.mjs:5454:36)
	    at lookupTokenUsingModuleInjector (node_modules/@angular/core/fesm2022/core.mjs:5807:39)
	    at getOrCreateInjectable (node_modules/@angular/core/fesm2022/core.mjs:5855:12)
	    at Module.╔Á╔ÁdirectiveInject (node_modules/@angular/core/fesm2022/core.mjs:11933:19)
	    at NodeInjectorFactory.factory (node_modules/@angular/router/fesm2022/router.mjs:424:104)
	    at getNodeInjectable (node_modules/@angular/core/fesm2022/core.mjs:6067:44)
Chrome 145.0.0.0 (Windows 10): Executed 83 of 114[31m (23 FAILED)[39m (0 secs / 0.927 secs)
[1A[2KChrome 145.0.0.0 (Windows 10): Executed 84 of 114[31m (23 FAILED)[39m (0 secs / 0.942 secs)
[1A[2KChrome 145.0.0.0 (Windows 10): Executed 85 of 114[31m (23 FAILED)[39m (0 secs / 0.967 secs)
[1A[2KChrome 145.0.0.0 (Windows 10): Executed 86 of 114[31m (23 FAILED)[39m (0 secs / 0.999 secs)
[1A[2KChrome 145.0.0.0 (Windows 10): Executed 87 of 114[31m (23 FAILED)[39m (0 secs / 1.006 secs)
[1A[2KChrome 145.0.0.0 (Windows 10): Executed 88 of 114[31m (23 FAILED)[39m (0 secs / 1.029 secs)
[1A[2KChrome 145.0.0.0 (Windows 10): Executed 89 of 114[31m (23 FAILED)[39m (0 secs / 1.033 secs)
[1A[2KChrome 145.0.0.0 (Windows 10): Executed 90 of 114[31m (23 FAILED)[39m (0 secs / 1.036 secs)
[1A[2K[31mChrome 145.0.0.0 (Windows 10) OrderDetailComponent Template Rendering should display "Volver a mis pedidos" button and it should call volverAPedidos FAILED[39m
	TypeError: this.pedidoService.getOrders is not a function
	    at OrderDetailComponent.ngOnInit (src/app/components/pages/order-detail/order-detail.component.ts:47:34)
	    at UserContext.apply (src/app/components/pages/order-detail/order-detail.component.spec.ts:153:17)
	    at UserContext.apply (node_modules/zone.js/fesm2015/zone-testing.js:1702:26)
	    at _ZoneDelegate.invoke (node_modules/zone.js/fesm2015/zone.js:369:28)
	    at ProxyZoneSpec.onInvoke (node_modules/zone.js/fesm2015/zone-testing.js:2081:39)
	    at _ZoneDelegate.invoke (node_modules/zone.js/fesm2015/zone.js:368:34)
	    at ZoneImpl.run (node_modules/zone.js/fesm2015/zone.js:111:43)
	    at runInTestZone (node_modules/zone.js/fesm2015/zone-testing.js:216:38)
	    at UserContext.<anonymous> (node_modules/zone.js/fesm2015/zone-testing.js:234:32)
	    at <Jasmine>
Chrome 145.0.0.0 (Windows 10): Executed 91 of 114[31m (24 FAILED)[39m (0 secs / 1.038 secs)
[1A[2K[31mChrome 145.0.0.0 (Windows 10) OrderDetailComponent Template Rendering should display order items FAILED[39m
	TypeError: this.pedidoService.getOrders is not a function
	    at OrderDetailComponent.ngOnInit (src/app/components/pages/order-detail/order-detail.component.ts:47:34)
	    at UserContext.apply (src/app/components/pages/order-detail/order-detail.component.spec.ts:153:17)
	    at UserContext.apply (node_modules/zone.js/fesm2015/zone-testing.js:1702:26)
	    at _ZoneDelegate.invoke (node_modules/zone.js/fesm2015/zone.js:369:28)
	    at ProxyZoneSpec.onInvoke (node_modules/zone.js/fesm2015/zone-testing.js:2081:39)
	    at _ZoneDelegate.invoke (node_modules/zone.js/fesm2015/zone.js:368:34)
	    at ZoneImpl.run (node_modules/zone.js/fesm2015/zone.js:111:43)
	    at runInTestZone (node_modules/zone.js/fesm2015/zone-testing.js:216:38)
	    at UserContext.<anonymous> (node_modules/zone.js/fesm2015/zone-testing.js:234:32)
	    at <Jasmine>
Chrome 145.0.0.0 (Windows 10): Executed 92 of 114[31m (25 FAILED)[39m (0 secs / 1.041 secs)
[1A[2K[31mChrome 145.0.0.0 (Windows 10) OrderDetailComponent Template Rendering should call pagarAhora when "Pagar ahora" button is clicked FAILED[39m
	TypeError: this.pedidoService.getOrders is not a function
	    at OrderDetailComponent.ngOnInit (src/app/components/pages/order-detail/order-detail.component.ts:47:34)
	    at UserContext.apply (src/app/components/pages/order-detail/order-detail.component.spec.ts:153:17)
	    at UserContext.apply (node_modules/zone.js/fesm2015/zone-testing.js:1702:26)
	    at _ZoneDelegate.invoke (node_modules/zone.js/fesm2015/zone.js:369:28)
	    at ProxyZoneSpec.onInvoke (node_modules/zone.js/fesm2015/zone-testing.js:2081:39)
	    at _ZoneDelegate.invoke (node_modules/zone.js/fesm2015/zone.js:368:34)
	    at ZoneImpl.run (node_modules/zone.js/fesm2015/zone.js:111:43)
	    at runInTestZone (node_modules/zone.js/fesm2015/zone-testing.js:216:38)
	    at UserContext.<anonymous> (node_modules/zone.js/fesm2015/zone-testing.js:234:32)
	    at <Jasmine>
Chrome 145.0.0.0 (Windows 10): Executed 93 of 114[31m (26 FAILED)[39m (0 secs / 1.044 secs)
[1A[2K[31mChrome 145.0.0.0 (Windows 10) OrderDetailComponent Template Rendering should display general order information FAILED[39m
	TypeError: this.pedidoService.getOrders is not a function
	    at OrderDetailComponent.ngOnInit (src/app/components/pages/order-detail/order-detail.component.ts:47:34)
	    at UserContext.apply (src/app/components/pages/order-detail/order-detail.component.spec.ts:153:17)
	    at UserContext.apply (node_modules/zone.js/fesm2015/zone-testing.js:1702:26)
	    at _ZoneDelegate.invoke (node_modules/zone.js/fesm2015/zone.js:369:28)
	    at ProxyZoneSpec.onInvoke (node_modules/zone.js/fesm2015/zone-testing.js:2081:39)
	    at _ZoneDelegate.invoke (node_modules/zone.js/fesm2015/zone.js:368:34)
	    at ZoneImpl.run (node_modules/zone.js/fesm2015/zone.js:111:43)
	    at runInTestZone (node_modules/zone.js/fesm2015/zone-testing.js:216:38)
	    at UserContext.<anonymous> (node_modules/zone.js/fesm2015/zone-testing.js:234:32)
	    at <Jasmine>
Chrome 145.0.0.0 (Windows 10): Executed 94 of 114[31m (27 FAILED)[39m (0 secs / 1.047 secs)
[1A[2K[31mChrome 145.0.0.0 (Windows 10) OrderDetailComponent Template Rendering should display "Detalle del Pedido #ID" title FAILED[39m
	TypeError: this.pedidoService.getOrders is not a function
	    at OrderDetailComponent.ngOnInit (src/app/components/pages/order-detail/order-detail.component.ts:47:34)
	    at UserContext.apply (src/app/components/pages/order-detail/order-detail.component.spec.ts:153:17)
	    at UserContext.apply (node_modules/zone.js/fesm2015/zone-testing.js:1702:26)
	    at _ZoneDelegate.invoke (node_modules/zone.js/fesm2015/zone.js:369:28)
	    at ProxyZoneSpec.onInvoke (node_modules/zone.js/fesm2015/zone-testing.js:2081:39)
	    at _ZoneDelegate.invoke (node_modules/zone.js/fesm2015/zone.js:368:34)
	    at ZoneImpl.run (node_modules/zone.js/fesm2015/zone.js:111:43)
	    at runInTestZone (node_modules/zone.js/fesm2015/zone-testing.js:216:38)
	    at UserContext.<anonymous> (node_modules/zone.js/fesm2015/zone-testing.js:234:32)
	    at <Jasmine>
Chrome 145.0.0.0 (Windows 10): Executed 95 of 114[31m (28 FAILED)[39m (0 secs / 1.05 secs)
[1A[2K[31mChrome 145.0.0.0 (Windows 10) OrderDetailComponent Template Rendering should NOT display "Pagar ahora" button if order status is not PAGO_PENDIENTE FAILED[39m
	TypeError: this.pedidoService.getOrders is not a function
	    at OrderDetailComponent.ngOnInit (src/app/components/pages/order-detail/order-detail.component.ts:47:34)
	    at UserContext.apply (src/app/components/pages/order-detail/order-detail.component.spec.ts:153:17)
	    at UserContext.apply (node_modules/zone.js/fesm2015/zone-testing.js:1702:26)
	    at _ZoneDelegate.invoke (node_modules/zone.js/fesm2015/zone.js:369:28)
	    at ProxyZoneSpec.onInvoke (node_modules/zone.js/fesm2015/zone-testing.js:2081:39)
	    at _ZoneDelegate.invoke (node_modules/zone.js/fesm2015/zone.js:368:34)
	    at ZoneImpl.run (node_modules/zone.js/fesm2015/zone.js:111:43)
	    at runInTestZone (node_modules/zone.js/fesm2015/zone-testing.js:216:38)
	    at UserContext.<anonymous> (node_modules/zone.js/fesm2015/zone-testing.js:234:32)
	    at <Jasmine>
Chrome 145.0.0.0 (Windows 10): Executed 96 of 114[31m (29 FAILED)[39m (0 secs / 1.054 secs)
[1A[2K[31mChrome 145.0.0.0 (Windows 10) OrderDetailComponent Template Rendering should display "Pagar ahora" button if order status is PAGO_PENDIENTE FAILED[39m
	TypeError: this.pedidoService.getOrders is not a function
	    at OrderDetailComponent.ngOnInit (src/app/components/pages/order-detail/order-detail.component.ts:47:34)
	    at UserContext.apply (src/app/components/pages/order-detail/order-detail.component.spec.ts:153:17)
	    at UserContext.apply (node_modules/zone.js/fesm2015/zone-testing.js:1702:26)
	    at _ZoneDelegate.invoke (node_modules/zone.js/fesm2015/zone.js:369:28)
	    at ProxyZoneSpec.onInvoke (node_modules/zone.js/fesm2015/zone-testing.js:2081:39)
	    at _ZoneDelegate.invoke (node_modules/zone.js/fesm2015/zone.js:368:34)
	    at ZoneImpl.run (node_modules/zone.js/fesm2015/zone.js:111:43)
	    at runInTestZone (node_modules/zone.js/fesm2015/zone-testing.js:216:38)
	    at UserContext.<anonymous> (node_modules/zone.js/fesm2015/zone-testing.js:234:32)
	    at <Jasmine>
Chrome 145.0.0.0 (Windows 10): Executed 97 of 114[31m (30 FAILED)[39m (0 secs / 1.057 secs)
[1A[2KChrome 145.0.0.0 (Windows 10): Executed 98 of 114[31m (30 FAILED)[39m (0 secs / 1.059 secs)
[1A[2KChrome 145.0.0.0 (Windows 10): Executed 99 of 114[31m (30 FAILED)[39m (0 secs / 1.061 secs)
[1A[2K[31mChrome 145.0.0.0 (Windows 10) OrderDetailComponent ngOnInit should assign pedido data on successful fetch FAILED[39m
	TypeError: this.pedidoService.getOrders is not a function
	    at OrderDetailComponent.ngOnInit (src/app/components/pages/order-detail/order-detail.component.ts:47:34)
	    at UserContext.apply (src/app/components/pages/order-detail/order-detail.component.spec.ts:87:17)
	    at UserContext.apply (node_modules/zone.js/fesm2015/zone-testing.js:1702:26)
	    at _ZoneDelegate.invoke (node_modules/zone.js/fesm2015/zone.js:369:28)
	    at ProxyZoneSpec.onInvoke (node_modules/zone.js/fesm2015/zone-testing.js:2081:39)
	    at _ZoneDelegate.invoke (node_modules/zone.js/fesm2015/zone.js:368:34)
	    at ZoneImpl.run (node_modules/zone.js/fesm2015/zone.js:111:43)
	    at runInTestZone (node_modules/zone.js/fesm2015/zone-testing.js:216:38)
	    at UserContext.<anonymous> (node_modules/zone.js/fesm2015/zone-testing.js:234:32)
	    at <Jasmine>
Chrome 145.0.0.0 (Windows 10): Executed 100 of 114[31m (31 FAILED)[39m (0 secs / 1.066 secs)
[1A[2K[31mChrome 145.0.0.0 (Windows 10) OrderDetailComponent ngOnInit should set errorMensaje and isLoading to false if service call fails FAILED[39m
	TypeError: this.pedidoService.getOrders is not a function
	    at OrderDetailComponent.ngOnInit (src/app/components/pages/order-detail/order-detail.component.ts:47:34)
	    at UserContext.apply (src/app/components/pages/order-detail/order-detail.component.spec.ts:96:17)
	    at UserContext.apply (node_modules/zone.js/fesm2015/zone-testing.js:1702:26)
	    at _ZoneDelegate.invoke (node_modules/zone.js/fesm2015/zone.js:369:28)
	    at ProxyZoneSpec.onInvoke (node_modules/zone.js/fesm2015/zone-testing.js:2081:39)
	    at _ZoneDelegate.invoke (node_modules/zone.js/fesm2015/zone.js:368:34)
	    at ZoneImpl.run (node_modules/zone.js/fesm2015/zone.js:111:43)
	    at runInTestZone (node_modules/zone.js/fesm2015/zone-testing.js:216:38)
	    at UserContext.<anonymous> (node_modules/zone.js/fesm2015/zone-testing.js:234:32)
	    at <Jasmine>
Chrome 145.0.0.0 (Windows 10): Executed 101 of 114[31m (32 FAILED)[39m (0 secs / 1.07 secs)
[1A[2K[31mChrome 145.0.0.0 (Windows 10) OrderDetailComponent ngOnInit should call pedidoService.getOrderById with correct ID and set isLoading correctly FAILED[39m
	TypeError: this.pedidoService.getOrders is not a function
	    at OrderDetailComponent.ngOnInit (src/app/components/pages/order-detail/order-detail.component.ts:47:34)
	    at UserContext.apply (src/app/components/pages/order-detail/order-detail.component.spec.ts:79:17)
	    at UserContext.apply (node_modules/zone.js/fesm2015/zone-testing.js:1702:26)
	    at _ZoneDelegate.invoke (node_modules/zone.js/fesm2015/zone.js:369:28)
	    at ProxyZoneSpec.onInvoke (node_modules/zone.js/fesm2015/zone-testing.js:2081:39)
	    at _ZoneDelegate.invoke (node_modules/zone.js/fesm2015/zone.js:368:34)
	    at ZoneImpl.run (node_modules/zone.js/fesm2015/zone.js:111:43)
	    at runInTestZone (node_modules/zone.js/fesm2015/zone-testing.js:216:38)
	    at UserContext.<anonymous> (node_modules/zone.js/fesm2015/zone-testing.js:234:32)
	    at <Jasmine>
Chrome 145.0.0.0 (Windows 10): Executed 102 of 114[31m (33 FAILED)[39m (0 secs / 1.074 secs)
[1A[2KChrome 145.0.0.0 (Windows 10): Executed 103 of 114[31m (33 FAILED)[39m (0 secs / 1.077 secs)
[1A[2KChrome 145.0.0.0 (Windows 10): Executed 104 of 114[31m (33 FAILED)[39m (0 secs / 1.083 secs)
[1A[2KChrome 145.0.0.0 (Windows 10): Executed 105 of 114[31m (33 FAILED)[39m (0 secs / 1.086 secs)
[1A[2KChrome 145.0.0.0 (Windows 10): Executed 106 of 114[31m (33 FAILED)[39m (0 secs / 1.092 secs)
[1A[2K[31mChrome 145.0.0.0 (Windows 10) AdminPedidosComponent should create FAILED[39m
	NullInjectorError: R3InjectorError(DynamicTestModule)[MaestrosService -> HttpClient -> HttpClient]: 
	  NullInjectorError: No provider for HttpClient!
	error properties: Object({ ngTempTokenPath: null, ngTokenPath: [ 'MaestrosService', 'HttpClient', 'HttpClient' ] })
	    at NullInjector.get (node_modules/@angular/core/fesm2022/core.mjs:1663:27)
	    at R3Injector.get (node_modules/@angular/core/fesm2022/core.mjs:3109:33)
	    at R3Injector.get (node_modules/@angular/core/fesm2022/core.mjs:3109:33)
	    at injectInjectorOnly (node_modules/@angular/core/fesm2022/core.mjs:1107:40)
	    at ╔Á╔Áinject (node_modules/@angular/core/fesm2022/core.mjs:1113:60)
	    at Object.factory (ng:///MaestrosService/╔Áfac.js:4:59)
	    at callback (node_modules/@angular/core/fesm2022/core.mjs:3237:47)
	    at runInInjectorProfilerContext (node_modules/@angular/core/fesm2022/core.mjs:872:9)
	    at R3Injector.hydrate (node_modules/@angular/core/fesm2022/core.mjs:3236:21)
	    at R3Injector.get (node_modules/@angular/core/fesm2022/core.mjs:3099:33)
Chrome 145.0.0.0 (Windows 10): Executed 107 of 114[31m (34 FAILED)[39m (0 secs / 1.12 secs)
[1A[2K[31mChrome 145.0.0.0 (Windows 10) AdminPedidosComponent should not call service when canceling FAILED[39m
	NullInjectorError: R3InjectorError(DynamicTestModule)[MaestrosService -> HttpClient -> HttpClient]: 
	  NullInjectorError: No provider for HttpClient!
	error properties: Object({ ngTempTokenPath: null, ngTokenPath: [ 'MaestrosService', 'HttpClient', 'HttpClient' ] })
	    at NullInjector.get (node_modules/@angular/core/fesm2022/core.mjs:1663:27)
	    at R3Injector.get (node_modules/@angular/core/fesm2022/core.mjs:3109:33)
	    at R3Injector.get (node_modules/@angular/core/fesm2022/core.mjs:3109:33)
	    at injectInjectorOnly (node_modules/@angular/core/fesm2022/core.mjs:1107:40)
	    at ╔Á╔Áinject (node_modules/@angular/core/fesm2022/core.mjs:1113:60)
	    at Object.factory (ng:///MaestrosService/╔Áfac.js:4:59)
	    at callback (node_modules/@angular/core/fesm2022/core.mjs:3237:47)
	    at runInInjectorProfilerContext (node_modules/@angular/core/fesm2022/core.mjs:872:9)
	    at R3Injector.hydrate (node_modules/@angular/core/fesm2022/core.mjs:3236:21)
	    at R3Injector.get (node_modules/@angular/core/fesm2022/core.mjs:3099:33)
Chrome 145.0.0.0 (Windows 10): Executed 108 of 114[31m (35 FAILED)[39m (0 secs / 1.123 secs)
[1A[2K[31mChrome 145.0.0.0 (Windows 10) AdminPedidosComponent should open dialog on rechazarPago and call service on confirm FAILED[39m
	NullInjectorError: R3InjectorError(DynamicTestModule)[MaestrosService -> HttpClient -> HttpClient]: 
	  NullInjectorError: No provider for HttpClient!
	error properties: Object({ ngTempTokenPath: null, ngTokenPath: [ 'MaestrosService', 'HttpClient', 'HttpClient' ] })
	    at NullInjector.get (node_modules/@angular/core/fesm2022/core.mjs:1663:27)
	    at R3Injector.get (node_modules/@angular/core/fesm2022/core.mjs:3109:33)
	    at R3Injector.get (node_modules/@angular/core/fesm2022/core.mjs:3109:33)
	    at injectInjectorOnly (node_modules/@angular/core/fesm2022/core.mjs:1107:40)
	    at ╔Á╔Áinject (node_modules/@angular/core/fesm2022/core.mjs:1113:60)
	    at Object.factory (ng:///MaestrosService/╔Áfac.js:4:59)
	    at callback (node_modules/@angular/core/fesm2022/core.mjs:3237:47)
	    at runInInjectorProfilerContext (node_modules/@angular/core/fesm2022/core.mjs:872:9)
	    at R3Injector.hydrate (node_modules/@angular/core/fesm2022/core.mjs:3236:21)
	    at R3Injector.get (node_modules/@angular/core/fesm2022/core.mjs:3099:33)
Chrome 145.0.0.0 (Windows 10): Executed 109 of 114[31m (36 FAILED)[39m (0 secs / 1.128 secs)
[1A[2K[31mChrome 145.0.0.0 (Windows 10) AdminPedidosComponent trackByPedidoId should fall back to id when Id is undefined FAILED[39m
	NullInjectorError: R3InjectorError(DynamicTestModule)[MaestrosService -> HttpClient -> HttpClient]: 
	  NullInjectorError: No provider for HttpClient!
	error properties: Object({ ngTempTokenPath: null, ngTokenPath: [ 'MaestrosService', 'HttpClient', 'HttpClient' ] })
	    at NullInjector.get (node_modules/@angular/core/fesm2022/core.mjs:1663:27)
	    at R3Injector.get (node_modules/@angular/core/fesm2022/core.mjs:3109:33)
	    at R3Injector.get (node_modules/@angular/core/fesm2022/core.mjs:3109:33)
	    at injectInjectorOnly (node_modules/@angular/core/fesm2022/core.mjs:1107:40)
	    at ╔Á╔Áinject (node_modules/@angular/core/fesm2022/core.mjs:1113:60)
	    at Object.factory (ng:///MaestrosService/╔Áfac.js:4:59)
	    at callback (node_modules/@angular/core/fesm2022/core.mjs:3237:47)
	    at runInInjectorProfilerContext (node_modules/@angular/core/fesm2022/core.mjs:872:9)
	    at R3Injector.hydrate (node_modules/@angular/core/fesm2022/core.mjs:3236:21)
	    at R3Injector.get (node_modules/@angular/core/fesm2022/core.mjs:3099:33)
Chrome 145.0.0.0 (Windows 10): Executed 110 of 114[31m (37 FAILED)[39m (0 secs / 1.132 secs)
[1A[2K[31mChrome 145.0.0.0 (Windows 10) AdminPedidosComponent trackByPedidoId should return Id when present FAILED[39m
	NullInjectorError: R3InjectorError(DynamicTestModule)[MaestrosService -> HttpClient -> HttpClient]: 
	  NullInjectorError: No provider for HttpClient!
	error properties: Object({ ngTempTokenPath: null, ngTokenPath: [ 'MaestrosService', 'HttpClient', 'HttpClient' ] })
	    at NullInjector.get (node_modules/@angular/core/fesm2022/core.mjs:1663:27)
	    at R3Injector.get (node_modules/@angular/core/fesm2022/core.mjs:3109:33)
	    at R3Injector.get (node_modules/@angular/core/fesm2022/core.mjs:3109:33)
	    at injectInjectorOnly (node_modules/@angular/core/fesm2022/core.mjs:1107:40)
	    at ╔Á╔Áinject (node_modules/@angular/core/fesm2022/core.mjs:1113:60)
	    at Object.factory (ng:///MaestrosService/╔Áfac.js:4:59)
	    at callback (node_modules/@angular/core/fesm2022/core.mjs:3237:47)
	    at runInInjectorProfilerContext (node_modules/@angular/core/fesm2022/core.mjs:872:9)
	    at R3Injector.hydrate (node_modules/@angular/core/fesm2022/core.mjs:3236:21)
	    at R3Injector.get (node_modules/@angular/core/fesm2022/core.mjs:3099:33)
Chrome 145.0.0.0 (Windows 10): Executed 111 of 114[31m (38 FAILED)[39m (0 secs / 1.135 secs)
[1A[2KChrome 145.0.0.0 (Windows 10): Executed 112 of 114[31m (38 FAILED)[39m (0 secs / 1.147 secs)
[1A[2KChrome 145.0.0.0 (Windows 10): Executed 113 of 114[31m (38 FAILED)[39m (0 secs / 1.152 secs)
[1A[2KChrome 145.0.0.0 (Windows 10): Executed 114 of 114[31m (38 FAILED)[39m (0 secs / 1.157 secs)
[1A[2KChrome 145.0.0.0 (Windows 10): Executed 114 of 114[31m (38 FAILED)[39m (1.278 secs / 1.157 secs)
[31mTOTAL: 38 FAILED, 76 SUCCESS[39m
Ô£ö Browser application bundle generation 
complete.
Chrome 145.0.0.0 (Windows 10): Executed 0 of 114[32m SUCCESS[39m (0 secs / 0 secs)
[1A[2KChrome 145.0.0.0 (Windows 10): Executed 1 of 114[32m SUCCESS[39m (0 secs / 0.201 secs)
[1A[2KChrome 145.0.0.0 (Windows 10): Executed 2 of 114[32m SUCCESS[39m (0 secs / 0.283 secs)
[1A[2KChrome 145.0.0.0 (Windows 10): Executed 3 of 114[32m SUCCESS[39m (0 secs / 0.363 secs)
[1A[2KChrome 145.0.0.0 (Windows 10): Executed 4 of 114[32m SUCCESS[39m (0 secs / 0.39 secs)
[1A[2KChrome 145.0.0.0 (Windows 10): Executed 5 of 114[32m SUCCESS[39m (0 secs / 0.421 secs)
[1A[2KChrome 145.0.0.0 (Windows 10): Executed 6 of 114[32m SUCCESS[39m (0 secs / 0.444 secs)
[1A[2KChrome 145.0.0.0 (Windows 10): Executed 7 of 114[32m SUCCESS[39m (0 secs / 0.463 secs)
[1A[2KChrome 145.0.0.0 (Windows 10): Executed 8 of 114[32m SUCCESS[39m (0 secs / 0.488 secs)
[1A[2KChrome 145.0.0.0 (Windows 10): Executed 9 of 114[32m SUCCESS[39m (0 secs / 0.499 secs)
[1A[2KChrome 145.0.0.0 (Windows 10): Executed 10 of 114[32m SUCCESS[39m (0 secs / 0.508 secs)
[1A[2KChrome 145.0.0.0 (Windows 10): Executed 11 of 114[32m SUCCESS[39m (0 secs / 0.517 secs)
[1A[2KChrome 145.0.0.0 (Windows 10): Executed 12 of 114[32m SUCCESS[39m (0 secs / 0.524 secs)
[1A[2KChrome 145.0.0.0 (Windows 10): Executed 13 of 114[32m SUCCESS[39m (0 secs / 0.53 secs)
[1A[2KChrome 145.0.0.0 (Windows 10): Executed 14 of 114[32m SUCCESS[39m (0 secs / 0.54 secs)
[1A[2KChrome 145.0.0.0 (Windows 10): Executed 15 of 114[32m SUCCESS[39m (0 secs / 0.56 secs)
[1A[2KChrome 145.0.0.0 (Windows 10): Executed 16 of 114[32m SUCCESS[39m (0 secs / 0.596 secs)
[1A[2KChrome 145.0.0.0 (Windows 10): Executed 17 of 114[32m SUCCESS[39m (0 secs / 0.601 secs)
[1A[2KChrome 145.0.0.0 (Windows 10): Executed 18 of 114[32m SUCCESS[39m (0 secs / 0.651 secs)
[1A[2KChrome 145.0.0.0 (Windows 10): Executed 19 of 114[32m SUCCESS[39m (0 secs / 0.677 secs)
[1A[2KChrome 145.0.0.0 (Windows 10): Executed 20 of 114[32m SUCCESS[39m (0 secs / 0.698 secs)
[1A[2KChrome 145.0.0.0 (Windows 10): Executed 21 of 114[32m SUCCESS[39m (0 secs / 0.717 secs)
[1A[2KChrome 145.0.0.0 (Windows 10): Executed 22 of 114[32m SUCCESS[39m (0 secs / 0.728 secs)
[1A[2KChrome 145.0.0.0 (Windows 10): Executed 23 of 114[32m SUCCESS[39m (0 secs / 0.736 secs)
[1A[2KChrome 145.0.0.0 (Windows 10): Executed 24 of 114[32m SUCCESS[39m (0 secs / 0.739 secs)
[1A[2KChrome 145.0.0.0 (Windows 10): Executed 25 of 114[32m SUCCESS[39m (0 secs / 0.742 secs)
[1A[2KChrome 145.0.0.0 (Windows 10): Executed 26 of 114[32m SUCCESS[39m (0 secs / 0.744 secs)
[1A[2KChrome 145.0.0.0 (Windows 10): Executed 27 of 114[32m SUCCESS[39m (0 secs / 0.746 secs)
[1A[2KChrome 145.0.0.0 (Windows 10): Executed 28 of 114[32m SUCCESS[39m (0 secs / 0.748 secs)
[1A[2KChrome 145.0.0.0 (Windows 10): Executed 29 of 114[32m SUCCESS[39m (0 secs / 0.749 secs)
[1A[2KChrome 145.0.0.0 (Windows 10): Executed 30 of 114[32m SUCCESS[39m (0 secs / 0.751 secs)
[1A[2KChrome 145.0.0.0 (Windows 10): Executed 31 of 114[32m SUCCESS[39m (0 secs / 0.753 secs)
[1A[2KChrome 145.0.0.0 (Windows 10): Executed 32 of 114[32m SUCCESS[39m (0 secs / 0.755 secs)
[1A[2KChrome 145.0.0.0 (Windows 10): Executed 33 of 114[32m SUCCESS[39m (0 secs / 0.756 secs)
[1A[2KChrome 145.0.0.0 (Windows 10): Executed 34 of 114[32m SUCCESS[39m (0 secs / 0.757 secs)
[1A[2KChrome 145.0.0.0 (Windows 10): Executed 35 of 114[32m SUCCESS[39m (0 secs / 0.758 secs)
[1A[2KChrome 145.0.0.0 (Windows 10): Executed 36 of 114[32m SUCCESS[39m (0 secs / 0.76 secs)
[1A[2KChrome 145.0.0.0 (Windows 10): Executed 37 of 114[32m SUCCESS[39m (0 secs / 0.761 secs)
[1A[2KChrome 145.0.0.0 (Windows 10): Executed 38 of 114[32m SUCCESS[39m (0 secs / 0.763 secs)
[1A[2KChrome 145.0.0.0 (Windows 10): Executed 39 of 114[32m SUCCESS[39m (0 secs / 0.765 secs)
[1A[2KChrome 145.0.0.0 (Windows 10): Executed 40 of 114[32m SUCCESS[39m (0 secs / 0.767 secs)
[1A[2KChrome 145.0.0.0 (Windows 10): Executed 41 of 114[32m SUCCESS[39m (0 secs / 0.769 secs)
[1A[2KChrome 145.0.0.0 (Windows 10): Executed 42 of 114[32m SUCCESS[39m (0 secs / 0.771 secs)
[1A[2KChrome 145.0.0.0 (Windows 10): Executed 43 of 114[32m SUCCESS[39m (0 secs / 0.772 secs)
[1A[2KChrome 145.0.0.0 (Windows 10): Executed 44 of 114[32m SUCCESS[39m (0 secs / 0.784 secs)
[1A[2KChrome 145.0.0.0 (Windows 10): Executed 45 of 114[32m SUCCESS[39m (0 secs / 0.817 secs)
[1A[2KChrome 145.0.0.0 (Windows 10): Executed 46 of 114[32m SUCCESS[39m (0 secs / 0.824 secs)
[1A[2K[31mChrome 145.0.0.0 (Windows 10) PedidoService getOrders should return a list of orders on successful GET request FAILED[39m
	Error: Expected one matching request for criteria "Match URL: http://localhost:8080/api/orders", found none. Requests received are: GET http://localhost:8080/api/v1/orders.
	    at HttpClientTestingBackend.expectOne (node_modules/@angular/common/fesm2022/http/testing.mjs:270:19)
	    at UserContext.apply (src/app/services/pedido.service.spec.ts:40:28)
	    at _ZoneDelegate.invoke (node_modules/zone.js/fesm2015/zone.js:369:28)
	    at ProxyZoneSpec.onInvoke (node_modules/zone.js/fesm2015/zone-testing.js:2081:39)
	    at _ZoneDelegate.invoke (node_modules/zone.js/fesm2015/zone.js:368:34)
	    at ZoneImpl.run (node_modules/zone.js/fesm2015/zone.js:111:43)
	    at runInTestZone (node_modules/zone.js/fesm2015/zone-testing.js:216:38)
	    at UserContext.<anonymous> (node_modules/zone.js/fesm2015/zone-testing.js:234:32)
	    at <Jasmine>
	Error: Expected no open requests, found 1: GET http://localhost:8080/api/v1/orders
	    at HttpClientTestingBackend.verify (node_modules/@angular/common/fesm2022/http/testing.mjs:298:19)
	    at UserContext.apply (src/app/services/pedido.service.spec.ts:21:14)
	    at _ZoneDelegate.invoke (node_modules/zone.js/fesm2015/zone.js:369:28)
	    at ProxyZoneSpec.onInvoke (node_modules/zone.js/fesm2015/zone-testing.js:2081:39)
	    at _ZoneDelegate.invoke (node_modules/zone.js/fesm2015/zone.js:368:34)
	    at ZoneImpl.run (node_modules/zone.js/fesm2015/zone.js:111:43)
	    at runInTestZone (node_modules/zone.js/fesm2015/zone-testing.js:216:38)
	    at UserContext.<anonymous> (node_modules/zone.js/fesm2015/zone-testing.js:234:32)
	    at <Jasmine>
Chrome 145.0.0.0 (Windows 10): Executed 47 of 114[31m (1 FAILED)[39m (0 secs / 0.829 secs)
[1A[2K[31mChrome 145.0.0.0 (Windows 10) PedidoService getOrders should handle errors when fetching orders FAILED[39m
	Error: Expected one matching request for criteria "Match URL: http://localhost:8080/api/orders", found none. Requests received are: GET http://localhost:8080/api/v1/orders.
	    at HttpClientTestingBackend.expectOne (node_modules/@angular/common/fesm2022/http/testing.mjs:270:19)
	    at UserContext.apply (src/app/services/pedido.service.spec.ts:55:28)
	    at _ZoneDelegate.invoke (node_modules/zone.js/fesm2015/zone.js:369:28)
	    at ProxyZoneSpec.onInvoke (node_modules/zone.js/fesm2015/zone-testing.js:2081:39)
	    at _ZoneDelegate.invoke (node_modules/zone.js/fesm2015/zone.js:368:34)
	    at ZoneImpl.run (node_modules/zone.js/fesm2015/zone.js:111:43)
	    at runInTestZone (node_modules/zone.js/fesm2015/zone-testing.js:216:38)
	    at UserContext.<anonymous> (node_modules/zone.js/fesm2015/zone-testing.js:234:32)
	    at <Jasmine>
	Error: Expected no open requests, found 1: GET http://localhost:8080/api/v1/orders
	    at HttpClientTestingBackend.verify (node_modules/@angular/common/fesm2022/http/testing.mjs:298:19)
	    at UserContext.apply (src/app/services/pedido.service.spec.ts:21:14)
	    at _ZoneDelegate.invoke (node_modules/zone.js/fesm2015/zone.js:369:28)
	    at ProxyZoneSpec.onInvoke (node_modules/zone.js/fesm2015/zone-testing.js:2081:39)
	    at _ZoneDelegate.invoke (node_modules/zone.js/fesm2015/zone.js:368:34)
	    at ZoneImpl.run (node_modules/zone.js/fesm2015/zone.js:111:43)
	    at runInTestZone (node_modules/zone.js/fesm2015/zone-testing.js:216:38)
	    at UserContext.<anonymous> (node_modules/zone.js/fesm2015/zone-testing.js:234:32)
	    at <Jasmine>
Chrome 145.0.0.0 (Windows 10): Executed 48 of 114[31m (2 FAILED)[39m (0 secs / 0.832 secs)
[1A[2K[31mChrome 145.0.0.0 (Windows 10) PedidoService getVoucherUrl should call GET /orders/:id/voucher-url (not /pedidos) FAILED[39m
	Error: Expected one matching request for criteria "Match URL: http://localhost:8080/api/orders/42/voucher-url", found none. Requests received are: GET http://localhost:8080/api/v1/orders/42/voucher-url.
	    at HttpClientTestingBackend.expectOne (node_modules/@angular/common/fesm2022/http/testing.mjs:270:19)
	    at UserContext.apply (src/app/services/pedido.service.spec.ts:96:28)
	    at _ZoneDelegate.invoke (node_modules/zone.js/fesm2015/zone.js:369:28)
	    at ProxyZoneSpec.onInvoke (node_modules/zone.js/fesm2015/zone-testing.js:2081:39)
	    at _ZoneDelegate.invoke (node_modules/zone.js/fesm2015/zone.js:368:34)
	    at ZoneImpl.run (node_modules/zone.js/fesm2015/zone.js:111:43)
	    at runInTestZone (node_modules/zone.js/fesm2015/zone-testing.js:216:38)
	    at UserContext.<anonymous> (node_modules/zone.js/fesm2015/zone-testing.js:234:32)
	    at <Jasmine>
	Error: Expected no open requests, found 1: GET http://localhost:8080/api/v1/orders/42/voucher-url
	    at HttpClientTestingBackend.verify (node_modules/@angular/common/fesm2022/http/testing.mjs:298:19)
	    at UserContext.apply (src/app/services/pedido.service.spec.ts:21:14)
	    at _ZoneDelegate.invoke (node_modules/zone.js/fesm2015/zone.js:369:28)
	    at ProxyZoneSpec.onInvoke (node_modules/zone.js/fesm2015/zone-testing.js:2081:39)
	    at _ZoneDelegate.invoke (node_modules/zone.js/fesm2015/zone.js:368:34)
	    at ZoneImpl.run (node_modules/zone.js/fesm2015/zone.js:111:43)
	    at runInTestZone (node_modules/zone.js/fesm2015/zone-testing.js:216:38)
	    at UserContext.<anonymous> (node_modules/zone.js/fesm2015/zone-testing.js:234:32)
	    at <Jasmine>
Chrome 145.0.0.0 (Windows 10): Executed 49 of 114[31m (3 FAILED)[39m (0 secs / 0.835 secs)
[1A[2K[31mChrome 145.0.0.0 (Windows 10) PedidoService getOrderById should return a single order on successful GET request FAILED[39m
	Error: Expected one matching request for criteria "Match URL: http://localhost:8080/api/orders/1", found none. Requests received are: GET http://localhost:8080/api/v1/orders/1.
	    at HttpClientTestingBackend.expectOne (node_modules/@angular/common/fesm2022/http/testing.mjs:270:19)
	    at UserContext.apply (src/app/services/pedido.service.spec.ts:70:28)
	    at _ZoneDelegate.invoke (node_modules/zone.js/fesm2015/zone.js:369:28)
	    at ProxyZoneSpec.onInvoke (node_modules/zone.js/fesm2015/zone-testing.js:2081:39)
	    at _ZoneDelegate.invoke (node_modules/zone.js/fesm2015/zone.js:368:34)
	    at ZoneImpl.run (node_modules/zone.js/fesm2015/zone.js:111:43)
	    at runInTestZone (node_modules/zone.js/fesm2015/zone-testing.js:216:38)
	    at UserContext.<anonymous> (node_modules/zone.js/fesm2015/zone-testing.js:234:32)
	    at <Jasmine>
	Error: Expected no open requests, found 1: GET http://localhost:8080/api/v1/orders/1
	    at HttpClientTestingBackend.verify (node_modules/@angular/common/fesm2022/http/testing.mjs:298:19)
	    at UserContext.apply (src/app/services/pedido.service.spec.ts:21:14)
	    at _ZoneDelegate.invoke (node_modules/zone.js/fesm2015/zone.js:369:28)
	    at ProxyZoneSpec.onInvoke (node_modules/zone.js/fesm2015/zone-testing.js:2081:39)
	    at _ZoneDelegate.invoke (node_modules/zone.js/fesm2015/zone.js:368:34)
	    at ZoneImpl.run (node_modules/zone.js/fesm2015/zone.js:111:43)
	    at runInTestZone (node_modules/zone.js/fesm2015/zone-testing.js:216:38)
	    at UserContext.<anonymous> (node_modules/zone.js/fesm2015/zone-testing.js:234:32)
	    at <Jasmine>
Chrome 145.0.0.0 (Windows 10): Executed 50 of 114[31m (4 FAILED)[39m (0 secs / 0.838 secs)
[1A[2K[31mChrome 145.0.0.0 (Windows 10) PedidoService getOrderById should handle errors when fetching a single order FAILED[39m
	Error: Expected one matching request for criteria "Match URL: http://localhost:8080/api/orders/1", found none. Requests received are: GET http://localhost:8080/api/v1/orders/1.
	    at HttpClientTestingBackend.expectOne (node_modules/@angular/common/fesm2022/http/testing.mjs:270:19)
	    at UserContext.apply (src/app/services/pedido.service.spec.ts:86:28)
	    at _ZoneDelegate.invoke (node_modules/zone.js/fesm2015/zone.js:369:28)
	    at ProxyZoneSpec.onInvoke (node_modules/zone.js/fesm2015/zone-testing.js:2081:39)
	    at _ZoneDelegate.invoke (node_modules/zone.js/fesm2015/zone.js:368:34)
	    at ZoneImpl.run (node_modules/zone.js/fesm2015/zone.js:111:43)
	    at runInTestZone (node_modules/zone.js/fesm2015/zone-testing.js:216:38)
	    at UserContext.<anonymous> (node_modules/zone.js/fesm2015/zone-testing.js:234:32)
	    at <Jasmine>
	Error: Expected no open requests, found 1: GET http://localhost:8080/api/v1/orders/1
	    at HttpClientTestingBackend.verify (node_modules/@angular/common/fesm2022/http/testing.mjs:298:19)
	    at UserContext.apply (src/app/services/pedido.service.spec.ts:21:14)
	    at _ZoneDelegate.invoke (node_modules/zone.js/fesm2015/zone.js:369:28)
	    at ProxyZoneSpec.onInvoke (node_modules/zone.js/fesm2015/zone-testing.js:2081:39)
	    at _ZoneDelegate.invoke (node_modules/zone.js/fesm2015/zone.js:368:34)
	    at ZoneImpl.run (node_modules/zone.js/fesm2015/zone.js:111:43)
	    at runInTestZone (node_modules/zone.js/fesm2015/zone-testing.js:216:38)
	    at UserContext.<anonymous> (node_modules/zone.js/fesm2015/zone-testing.js:234:32)
	    at <Jasmine>
Chrome 145.0.0.0 (Windows 10): Executed 51 of 114[31m (5 FAILED)[39m (0 secs / 0.842 secs)
[1A[2KChrome 145.0.0.0 (Windows 10): Executed 52 of 114[31m (5 FAILED)[39m (0 secs / 0.844 secs)
[1A[2K[31mChrome 145.0.0.0 (Windows 10) PagoComponent should create FAILED[39m
	NullInjectorError: R3InjectorError(Standalone[PagoComponent])[MaestrosService -> MaestrosService -> HttpClient -> HttpClient]: 
	  NullInjectorError: No provider for HttpClient!
	error properties: Object({ ngTempTokenPath: null, ngTokenPath: [ 'MaestrosService', 'MaestrosService', 'HttpClient', 'HttpClient' ] })
	    at NullInjector.get (node_modules/@angular/core/fesm2022/core.mjs:1663:27)
	    at R3Injector.get (node_modules/@angular/core/fesm2022/core.mjs:3109:33)
	    at R3Injector.get (node_modules/@angular/core/fesm2022/core.mjs:3109:33)
	    at injectInjectorOnly (node_modules/@angular/core/fesm2022/core.mjs:1107:40)
	    at ╔Á╔Áinject (node_modules/@angular/core/fesm2022/core.mjs:1113:60)
	    at Object.factory (ng:///MaestrosService/╔Áfac.js:4:59)
	    at callback (node_modules/@angular/core/fesm2022/core.mjs:3237:47)
	    at runInInjectorProfilerContext (node_modules/@angular/core/fesm2022/core.mjs:872:9)
	    at R3Injector.hydrate (node_modules/@angular/core/fesm2022/core.mjs:3236:21)
	    at R3Injector.get (node_modules/@angular/core/fesm2022/core.mjs:3099:33)
Chrome 145.0.0.0 (Windows 10): Executed 53 of 114[31m (6 FAILED)[39m (0 secs / 0.871 secs)
[1A[2K[31mChrome 145.0.0.0 (Windows 10) PagoComponent ngOnInit - Mercado Pago Callback should handle error if confirmarPagoMercadoPago fails FAILED[39m
	NullInjectorError: R3InjectorError(Standalone[PagoComponent])[MaestrosService -> MaestrosService -> HttpClient -> HttpClient]: 
	  NullInjectorError: No provider for HttpClient!
	error properties: Object({ ngTempTokenPath: null, ngTokenPath: [ 'MaestrosService', 'MaestrosService', 'HttpClient', 'HttpClient' ] })
	    at NullInjector.get (node_modules/@angular/core/fesm2022/core.mjs:1663:27)
	    at R3Injector.get (node_modules/@angular/core/fesm2022/core.mjs:3109:33)
	    at R3Injector.get (node_modules/@angular/core/fesm2022/core.mjs:3109:33)
	    at injectInjectorOnly (node_modules/@angular/core/fesm2022/core.mjs:1107:40)
	    at ╔Á╔Áinject (node_modules/@angular/core/fesm2022/core.mjs:1113:60)
	    at Object.factory (ng:///MaestrosService/╔Áfac.js:4:59)
	    at callback (node_modules/@angular/core/fesm2022/core.mjs:3237:47)
	    at runInInjectorProfilerContext (node_modules/@angular/core/fesm2022/core.mjs:872:9)
	    at R3Injector.hydrate (node_modules/@angular/core/fesm2022/core.mjs:3236:21)
	    at R3Injector.get (node_modules/@angular/core/fesm2022/core.mjs:3099:33)
Chrome 145.0.0.0 (Windows 10): Executed 54 of 114[31m (7 FAILED)[39m (0 secs / 0.875 secs)
[1A[2K[31mChrome 145.0.0.0 (Windows 10) PagoComponent ngOnInit - Mercado Pago Callback should show info message if payment status is not "approved" but external_reference matches FAILED[39m
	NullInjectorError: R3InjectorError(Standalone[PagoComponent])[MaestrosService -> MaestrosService -> HttpClient -> HttpClient]: 
	  NullInjectorError: No provider for HttpClient!
	error properties: Object({ ngTempTokenPath: null, ngTokenPath: [ 'MaestrosService', 'MaestrosService', 'HttpClient', 'HttpClient' ] })
	    at NullInjector.get (node_modules/@angular/core/fesm2022/core.mjs:1663:27)
	    at R3Injector.get (node_modules/@angular/core/fesm2022/core.mjs:3109:33)
	    at R3Injector.get (node_modules/@angular/core/fesm2022/core.mjs:3109:33)
	    at injectInjectorOnly (node_modules/@angular/core/fesm2022/core.mjs:1107:40)
	    at ╔Á╔Áinject (node_modules/@angular/core/fesm2022/core.mjs:1113:60)
	    at Object.factory (ng:///MaestrosService/╔Áfac.js:4:59)
	    at callback (node_modules/@angular/core/fesm2022/core.mjs:3237:47)
	    at runInInjectorProfilerContext (node_modules/@angular/core/fesm2022/core.mjs:872:9)
	    at R3Injector.hydrate (node_modules/@angular/core/fesm2022/core.mjs:3236:21)
	    at R3Injector.get (node_modules/@angular/core/fesm2022/core.mjs:3099:33)
Chrome 145.0.0.0 (Windows 10): Executed 55 of 114[31m (8 FAILED)[39m (0 secs / 0.877 secs)
[1A[2K[31mChrome 145.0.0.0 (Windows 10) PagoComponent ngOnInit - Mercado Pago Callback should NOT confirm payment if collection_status is not "approved" FAILED[39m
	NullInjectorError: R3InjectorError(Standalone[PagoComponent])[MaestrosService -> MaestrosService -> HttpClient -> HttpClient]: 
	  NullInjectorError: No provider for HttpClient!
	error properties: Object({ ngTempTokenPath: null, ngTokenPath: [ 'MaestrosService', 'MaestrosService', 'HttpClient', 'HttpClient' ] })
	    at NullInjector.get (node_modules/@angular/core/fesm2022/core.mjs:1663:27)
	    at R3Injector.get (node_modules/@angular/core/fesm2022/core.mjs:3109:33)
	    at R3Injector.get (node_modules/@angular/core/fesm2022/core.mjs:3109:33)
	    at injectInjectorOnly (node_modules/@angular/core/fesm2022/core.mjs:1107:40)
	    at ╔Á╔Áinject (node_modules/@angular/core/fesm2022/core.mjs:1113:60)
	    at Object.factory (ng:///MaestrosService/╔Áfac.js:4:59)
	    at callback (node_modules/@angular/core/fesm2022/core.mjs:3237:47)
	    at runInInjectorProfilerContext (node_modules/@angular/core/fesm2022/core.mjs:872:9)
	    at R3Injector.hydrate (node_modules/@angular/core/fesm2022/core.mjs:3236:21)
	    at R3Injector.get (node_modules/@angular/core/fesm2022/core.mjs:3099:33)
Chrome 145.0.0.0 (Windows 10): Executed 56 of 114[31m (9 FAILED)[39m (0 secs / 0.88 secs)
[1A[2K[31mChrome 145.0.0.0 (Windows 10) PagoComponent ngOnInit - Mercado Pago Callback should confirm payment if collection_status is "approved" and external_reference matches pedidoId FAILED[39m
	NullInjectorError: R3InjectorError(Standalone[PagoComponent])[MaestrosService -> MaestrosService -> HttpClient -> HttpClient]: 
	  NullInjectorError: No provider for HttpClient!
	error properties: Object({ ngTempTokenPath: null, ngTokenPath: [ 'MaestrosService', 'MaestrosService', 'HttpClient', 'HttpClient' ] })
	    at NullInjector.get (node_modules/@angular/core/fesm2022/core.mjs:1663:27)
	    at R3Injector.get (node_modules/@angular/core/fesm2022/core.mjs:3109:33)
	    at R3Injector.get (node_modules/@angular/core/fesm2022/core.mjs:3109:33)
	    at injectInjectorOnly (node_modules/@angular/core/fesm2022/core.mjs:1107:40)
	    at ╔Á╔Áinject (node_modules/@angular/core/fesm2022/core.mjs:1113:60)
	    at Object.factory (ng:///MaestrosService/╔Áfac.js:4:59)
	    at callback (node_modules/@angular/core/fesm2022/core.mjs:3237:47)
	    at runInInjectorProfilerContext (node_modules/@angular/core/fesm2022/core.mjs:872:9)
	    at R3Injector.hydrate (node_modules/@angular/core/fesm2022/core.mjs:3236:21)
	    at R3Injector.get (node_modules/@angular/core/fesm2022/core.mjs:3099:33)
Chrome 145.0.0.0 (Windows 10): Executed 57 of 114[31m (10 FAILED)[39m (0 secs / 0.884 secs)
[1A[2K[31mChrome 145.0.0.0 (Windows 10) PagoComponent ngOnInit - Mercado Pago Callback should NOT confirm payment if external_reference does not match pedidoId FAILED[39m
	NullInjectorError: R3InjectorError(Standalone[PagoComponent])[MaestrosService -> MaestrosService -> HttpClient -> HttpClient]: 
	  NullInjectorError: No provider for HttpClient!
	error properties: Object({ ngTempTokenPath: null, ngTokenPath: [ 'MaestrosService', 'MaestrosService', 'HttpClient', 'HttpClient' ] })
	    at NullInjector.get (node_modules/@angular/core/fesm2022/core.mjs:1663:27)
	    at R3Injector.get (node_modules/@angular/core/fesm2022/core.mjs:3109:33)
	    at R3Injector.get (node_modules/@angular/core/fesm2022/core.mjs:3109:33)
	    at injectInjectorOnly (node_modules/@angular/core/fesm2022/core.mjs:1107:40)
	    at ╔Á╔Áinject (node_modules/@angular/core/fesm2022/core.mjs:1113:60)
	    at Object.factory (ng:///MaestrosService/╔Áfac.js:4:59)
	    at callback (node_modules/@angular/core/fesm2022/core.mjs:3237:47)
	    at runInInjectorProfilerContext (node_modules/@angular/core/fesm2022/core.mjs:872:9)
	    at R3Injector.hydrate (node_modules/@angular/core/fesm2022/core.mjs:3236:21)
	    at R3Injector.get (node_modules/@angular/core/fesm2022/core.mjs:3099:33)
Chrome 145.0.0.0 (Windows 10): Executed 58 of 114[31m (11 FAILED)[39m (0 secs / 0.887 secs)
[1A[2K[31mChrome 145.0.0.0 (Windows 10) PagoComponent ngOnInit - Mercado Pago Callback should not call confirmarPagoMercadoPago if no relevant query params are present FAILED[39m
	NullInjectorError: R3InjectorError(Standalone[PagoComponent])[MaestrosService -> MaestrosService -> HttpClient -> HttpClient]: 
	  NullInjectorError: No provider for HttpClient!
	error properties: Object({ ngTempTokenPath: null, ngTokenPath: [ 'MaestrosService', 'MaestrosService', 'HttpClient', 'HttpClient' ] })
	    at NullInjector.get (node_modules/@angular/core/fesm2022/core.mjs:1663:27)
	    at R3Injector.get (node_modules/@angular/core/fesm2022/core.mjs:3109:33)
	    at R3Injector.get (node_modules/@angular/core/fesm2022/core.mjs:3109:33)
	    at injectInjectorOnly (node_modules/@angular/core/fesm2022/core.mjs:1107:40)
	    at ╔Á╔Áinject (node_modules/@angular/core/fesm2022/core.mjs:1113:60)
	    at Object.factory (ng:///MaestrosService/╔Áfac.js:4:59)
	    at callback (node_modules/@angular/core/fesm2022/core.mjs:3237:47)
	    at runInInjectorProfilerContext (node_modules/@angular/core/fesm2022/core.mjs:872:9)
	    at R3Injector.hydrate (node_modules/@angular/core/fesm2022/core.mjs:3236:21)
	    at R3Injector.get (node_modules/@angular/core/fesm2022/core.mjs:3099:33)
Chrome 145.0.0.0 (Windows 10): Executed 59 of 114[31m (12 FAILED)[39m (0 secs / 0.89 secs)
[1A[2K[31mChrome 145.0.0.0 (Windows 10) PagoComponent pagarConMercadoPagoConfirmado should redirect to the correct Mercado Pago URL FAILED[39m
	NullInjectorError: R3InjectorError(Standalone[PagoComponent])[MaestrosService -> MaestrosService -> HttpClient -> HttpClient]: 
	  NullInjectorError: No provider for HttpClient!
	error properties: Object({ ngTempTokenPath: null, ngTokenPath: [ 'MaestrosService', 'MaestrosService', 'HttpClient', 'HttpClient' ] })
	    at NullInjector.get (node_modules/@angular/core/fesm2022/core.mjs:1663:27)
	    at R3Injector.get (node_modules/@angular/core/fesm2022/core.mjs:3109:33)
	    at R3Injector.get (node_modules/@angular/core/fesm2022/core.mjs:3109:33)
	    at injectInjectorOnly (node_modules/@angular/core/fesm2022/core.mjs:1107:40)
	    at ╔Á╔Áinject (node_modules/@angular/core/fesm2022/core.mjs:1113:60)
	    at Object.factory (ng:///MaestrosService/╔Áfac.js:4:59)
	    at callback (node_modules/@angular/core/fesm2022/core.mjs:3237:47)
	    at runInInjectorProfilerContext (node_modules/@angular/core/fesm2022/core.mjs:872:9)
	    at R3Injector.hydrate (node_modules/@angular/core/fesm2022/core.mjs:3236:21)
	    at R3Injector.get (node_modules/@angular/core/fesm2022/core.mjs:3099:33)
Chrome 145.0.0.0 (Windows 10): Executed 60 of 114[31m (13 FAILED)[39m (0 secs / 0.893 secs)
[1A[2K[31mChrome 145.0.0.0 (Windows 10) PagoComponent should fetch order status on init FAILED[39m
	NullInjectorError: R3InjectorError(Standalone[PagoComponent])[MaestrosService -> MaestrosService -> HttpClient -> HttpClient]: 
	  NullInjectorError: No provider for HttpClient!
	error properties: Object({ ngTempTokenPath: null, ngTokenPath: [ 'MaestrosService', 'MaestrosService', 'HttpClient', 'HttpClient' ] })
	    at NullInjector.get (node_modules/@angular/core/fesm2022/core.mjs:1663:27)
	    at R3Injector.get (node_modules/@angular/core/fesm2022/core.mjs:3109:33)
	    at R3Injector.get (node_modules/@angular/core/fesm2022/core.mjs:3109:33)
	    at injectInjectorOnly (node_modules/@angular/core/fesm2022/core.mjs:1107:40)
	    at ╔Á╔Áinject (node_modules/@angular/core/fesm2022/core.mjs:1113:60)
	    at Object.factory (ng:///MaestrosService/╔Áfac.js:4:59)
	    at callback (node_modules/@angular/core/fesm2022/core.mjs:3237:47)
	    at runInInjectorProfilerContext (node_modules/@angular/core/fesm2022/core.mjs:872:9)
	    at R3Injector.hydrate (node_modules/@angular/core/fesm2022/core.mjs:3236:21)
	    at R3Injector.get (node_modules/@angular/core/fesm2022/core.mjs:3099:33)
Chrome 145.0.0.0 (Windows 10): Executed 61 of 114[31m (14 FAILED)[39m (0 secs / 0.897 secs)
[1A[2K[31mChrome 145.0.0.0 (Windows 10) AdminPedidosComponent should not call service when canceling FAILED[39m
	NullInjectorError: R3InjectorError(DynamicTestModule)[MaestrosService -> HttpClient -> HttpClient]: 
	  NullInjectorError: No provider for HttpClient!
	error properties: Object({ ngTempTokenPath: null, ngTokenPath: [ 'MaestrosService', 'HttpClient', 'HttpClient' ] })
	    at NullInjector.get (node_modules/@angular/core/fesm2022/core.mjs:1663:27)
	    at R3Injector.get (node_modules/@angular/core/fesm2022/core.mjs:3109:33)
	    at R3Injector.get (node_modules/@angular/core/fesm2022/core.mjs:3109:33)
	    at injectInjectorOnly (node_modules/@angular/core/fesm2022/core.mjs:1107:40)
	    at ╔Á╔Áinject (node_modules/@angular/core/fesm2022/core.mjs:1113:60)
	    at Object.factory (ng:///MaestrosService/╔Áfac.js:4:59)
	    at callback (node_modules/@angular/core/fesm2022/core.mjs:3237:47)
	    at runInInjectorProfilerContext (node_modules/@angular/core/fesm2022/core.mjs:872:9)
	    at R3Injector.hydrate (node_modules/@angular/core/fesm2022/core.mjs:3236:21)
	    at R3Injector.get (node_modules/@angular/core/fesm2022/core.mjs:3099:33)
Chrome 145.0.0.0 (Windows 10): Executed 62 of 114[31m (15 FAILED)[39m (0 secs / 0.93 secs)
[1A[2K[31mChrome 145.0.0.0 (Windows 10) AdminPedidosComponent trackByPedidoId should return Id when present FAILED[39m
	NullInjectorError: R3InjectorError(DynamicTestModule)[MaestrosService -> HttpClient -> HttpClient]: 
	  NullInjectorError: No provider for HttpClient!
	error properties: Object({ ngTempTokenPath: null, ngTokenPath: [ 'MaestrosService', 'HttpClient', 'HttpClient' ] })
	    at NullInjector.get (node_modules/@angular/core/fesm2022/core.mjs:1663:27)
	    at R3Injector.get (node_modules/@angular/core/fesm2022/core.mjs:3109:33)
	    at R3Injector.get (node_modules/@angular/core/fesm2022/core.mjs:3109:33)
	    at injectInjectorOnly (node_modules/@angular/core/fesm2022/core.mjs:1107:40)
	    at ╔Á╔Áinject (node_modules/@angular/core/fesm2022/core.mjs:1113:60)
	    at Object.factory (ng:///MaestrosService/╔Áfac.js:4:59)
	    at callback (node_modules/@angular/core/fesm2022/core.mjs:3237:47)
	    at runInInjectorProfilerContext (node_modules/@angular/core/fesm2022/core.mjs:872:9)
	    at R3Injector.hydrate (node_modules/@angular/core/fesm2022/core.mjs:3236:21)
	    at R3Injector.get (node_modules/@angular/core/fesm2022/core.mjs:3099:33)
Chrome 145.0.0.0 (Windows 10): Executed 63 of 114[31m (16 FAILED)[39m (0 secs / 0.934 secs)
[1A[2K[31mChrome 145.0.0.0 (Windows 10) AdminPedidosComponent trackByPedidoId should fall back to id when Id is undefined FAILED[39m
	NullInjectorError: R3InjectorError(DynamicTestModule)[MaestrosService -> HttpClient -> HttpClient]: 
	  NullInjectorError: No provider for HttpClient!
	error properties: Object({ ngTempTokenPath: null, ngTokenPath: [ 'MaestrosService', 'HttpClient', 'HttpClient' ] })
	    at NullInjector.get (node_modules/@angular/core/fesm2022/core.mjs:1663:27)
	    at R3Injector.get (node_modules/@angular/core/fesm2022/core.mjs:3109:33)
	    at R3Injector.get (node_modules/@angular/core/fesm2022/core.mjs:3109:33)
	    at injectInjectorOnly (node_modules/@angular/core/fesm2022/core.mjs:1107:40)
	    at ╔Á╔Áinject (node_modules/@angular/core/fesm2022/core.mjs:1113:60)
	    at Object.factory (ng:///MaestrosService/╔Áfac.js:4:59)
	    at callback (node_modules/@angular/core/fesm2022/core.mjs:3237:47)
	    at runInInjectorProfilerContext (node_modules/@angular/core/fesm2022/core.mjs:872:9)
	    at R3Injector.hydrate (node_modules/@angular/core/fesm2022/core.mjs:3236:21)
	    at R3Injector.get (node_modules/@angular/core/fesm2022/core.mjs:3099:33)
Chrome 145.0.0.0 (Windows 10): Executed 64 of 114[31m (17 FAILED)[39m (0 secs / 0.938 secs)
[1A[2K[31mChrome 145.0.0.0 (Windows 10) AdminPedidosComponent should open dialog on rechazarPago and call service on confirm FAILED[39m
	NullInjectorError: R3InjectorError(DynamicTestModule)[MaestrosService -> HttpClient -> HttpClient]: 
	  NullInjectorError: No provider for HttpClient!
	error properties: Object({ ngTempTokenPath: null, ngTokenPath: [ 'MaestrosService', 'HttpClient', 'HttpClient' ] })
	    at NullInjector.get (node_modules/@angular/core/fesm2022/core.mjs:1663:27)
	    at R3Injector.get (node_modules/@angular/core/fesm2022/core.mjs:3109:33)
	    at R3Injector.get (node_modules/@angular/core/fesm2022/core.mjs:3109:33)
	    at injectInjectorOnly (node_modules/@angular/core/fesm2022/core.mjs:1107:40)
	    at ╔Á╔Áinject (node_modules/@angular/core/fesm2022/core.mjs:1113:60)
	    at Object.factory (ng:///MaestrosService/╔Áfac.js:4:59)
	    at callback (node_modules/@angular/core/fesm2022/core.mjs:3237:47)
	    at runInInjectorProfilerContext (node_modules/@angular/core/fesm2022/core.mjs:872:9)
	    at R3Injector.hydrate (node_modules/@angular/core/fesm2022/core.mjs:3236:21)
	    at R3Injector.get (node_modules/@angular/core/fesm2022/core.mjs:3099:33)
Chrome 145.0.0.0 (Windows 10): Executed 65 of 114[31m (18 FAILED)[39m (0 secs / 0.94 secs)
[1A[2K[31mChrome 145.0.0.0 (Windows 10) AdminPedidosComponent should create FAILED[39m
	NullInjectorError: R3InjectorError(DynamicTestModule)[MaestrosService -> HttpClient -> HttpClient]: 
	  NullInjectorError: No provider for HttpClient!
	error properties: Object({ ngTempTokenPath: null, ngTokenPath: [ 'MaestrosService', 'HttpClient', 'HttpClient' ] })
	    at NullInjector.get (node_modules/@angular/core/fesm2022/core.mjs:1663:27)
	    at R3Injector.get (node_modules/@angular/core/fesm2022/core.mjs:3109:33)
	    at R3Injector.get (node_modules/@angular/core/fesm2022/core.mjs:3109:33)
	    at injectInjectorOnly (node_modules/@angular/core/fesm2022/core.mjs:1107:40)
	    at ╔Á╔Áinject (node_modules/@angular/core/fesm2022/core.mjs:1113:60)
	    at Object.factory (ng:///MaestrosService/╔Áfac.js:4:59)
	    at callback (node_modules/@angular/core/fesm2022/core.mjs:3237:47)
	    at runInInjectorProfilerContext (node_modules/@angular/core/fesm2022/core.mjs:872:9)
	    at R3Injector.hydrate (node_modules/@angular/core/fesm2022/core.mjs:3236:21)
	    at R3Injector.get (node_modules/@angular/core/fesm2022/core.mjs:3099:33)
Chrome 145.0.0.0 (Windows 10): Executed 66 of 114[31m (19 FAILED)[39m (0 secs / 0.943 secs)
[1A[2KChrome 145.0.0.0 (Windows 10): Executed 67 of 114[31m (19 FAILED)[39m (0 secs / 0.954 secs)
[1A[2KChrome 145.0.0.0 (Windows 10): Executed 68 of 114[31m (19 FAILED)[39m (0 secs / 0.975 secs)
[1A[2KChrome 145.0.0.0 (Windows 10): Executed 69 of 114[31m (19 FAILED)[39m (0 secs / 0.977 secs)
[1A[2KChrome 145.0.0.0 (Windows 10): Executed 70 of 114[31m (19 FAILED)[39m (0 secs / 0.978 secs)
[1A[2KChrome 145.0.0.0 (Windows 10): Executed 71 of 114[31m (19 FAILED)[39m (0 secs / 0.99 secs)
[1A[2KChrome 145.0.0.0 (Windows 10): Executed 72 of 114[31m (19 FAILED)[39m (0 secs / 1.004 secs)
[1A[2KChrome 145.0.0.0 (Windows 10): Executed 73 of 114[31m (19 FAILED)[39m (0 secs / 1.025 secs)
[1A[2KChrome 145.0.0.0 (Windows 10): Executed 74 of 114[31m (19 FAILED)[39m (0 secs / 1.029 secs)
[1A[2KERROR: [36m'Error fetching orders:', Object{status: 500, message: 'Server Error'}[39m
Chrome 145.0.0.0 (Windows 10): Executed 74 of 114[31m (19 FAILED)[39m (0 secs / 1.029 secs)
ERROR: 'Error fetching orders:', Object{status: 500, message: 'Server Error'}
[1A[2KChrome 145.0.0.0 (Windows 10): Executed 75 of 114[31m (19 FAILED)[39m (0 secs / 1.033 secs)
[1A[2K[31mChrome 145.0.0.0 (Windows 10) OrderListComponent ngOnInit should assign pedidos on successful data fetch FAILED[39m
	Expected 0 to be 2.
	    at <Jasmine>
	    at UserContext.apply (src/app/components/pages/order-list/order-list.component.spec.ts:70:40)
	    at UserContext.apply (node_modules/zone.js/fesm2015/zone-testing.js:1702:26)
	    at _ZoneDelegate.invoke (node_modules/zone.js/fesm2015/zone.js:369:28)
	    at ProxyZoneSpec.onInvoke (node_modules/zone.js/fesm2015/zone-testing.js:2081:39)
	Expected $.length = 0 to equal 2.
	Expected $[0] = undefined to equal Object({ id: 1, fecha: '2023-01-15T10:00:00Z', nombre: 'Cliente A', correo: 'a@a.com', direccion: 'Dir A', telefono: '123', items: [  ], total: 100, estado: 'ENTREGADO', userId: 1, correoUsuario: 'a@a.com' }).
	Expected $[1] = undefined to equal Object({ id: 2, fecha: '2023-01-16T11:00:00Z', nombre: 'Cliente B', correo: 'b@b.com', direccion: 'Dir B', telefono: '456', items: [  ], total: 200, estado: 'PAGO_PENDIENTE', userId: 2, correoUsuario: 'b@b.com' }).
	    at <Jasmine>
	    at UserContext.apply (src/app/components/pages/order-list/order-list.component.spec.ts:71:33)
	    at UserContext.apply (node_modules/zone.js/fesm2015/zone-testing.js:1702:26)
	    at _ZoneDelegate.invoke (node_modules/zone.js/fesm2015/zone.js:369:28)
	    at ProxyZoneSpec.onInvoke (node_modules/zone.js/fesm2015/zone-testing.js:2081:39)
Chrome 145.0.0.0 (Windows 10): Executed 76 of 114[31m (20 FAILED)[39m (0 secs / 1.038 secs)
[1A[2KChrome 145.0.0.0 (Windows 10): Executed 77 of 114[31m (20 FAILED)[39m (0 secs / 1.041 secs)
[1A[2KChrome 145.0.0.0 (Windows 10): Executed 78 of 114[31m (20 FAILED)[39m (0 secs / 1.044 secs)
[1A[2K[31mChrome 145.0.0.0 (Windows 10) OrderListComponent Template Rendering should call irAPago when primary action button is clicked FAILED[39m
	TypeError: Cannot read properties of null (reading 'triggerEventHandler')
	    at UserContext.apply (src/app/components/pages/order-list/order-list.component.spec.ts:161:14)
	    at UserContext.apply (node_modules/zone.js/fesm2015/zone-testing.js:1702:26)
	    at _ZoneDelegate.invoke (node_modules/zone.js/fesm2015/zone.js:369:28)
	    at ProxyZoneSpec.onInvoke (node_modules/zone.js/fesm2015/zone-testing.js:2081:39)
	    at _ZoneDelegate.invoke (node_modules/zone.js/fesm2015/zone.js:368:34)
	    at ZoneImpl.run (node_modules/zone.js/fesm2015/zone.js:111:43)
	    at runInTestZone (node_modules/zone.js/fesm2015/zone-testing.js:216:38)
	    at UserContext.<anonymous> (node_modules/zone.js/fesm2015/zone-testing.js:234:32)
	    at <Jasmine>
Chrome 145.0.0.0 (Windows 10): Executed 79 of 114[31m (21 FAILED)[39m (0 secs / 1.048 secs)
[1A[2KChrome 145.0.0.0 (Windows 10): Executed 80 of 114[31m (21 FAILED)[39m (0 secs / 1.053 secs)
[1A[2K[31mChrome 145.0.0.0 (Windows 10) OrderListComponent Template Rendering should display error message when errorMensaje is set FAILED[39m
	TypeError: Cannot read properties of null (reading 'nativeElement')
	    at UserContext.apply (src/app/components/pages/order-list/order-list.component.spec.ts:113:27)
	    at _ZoneDelegate.invoke (node_modules/zone.js/fesm2015/zone.js:369:28)
	    at ProxyZoneSpec.onInvoke (node_modules/zone.js/fesm2015/zone-testing.js:2081:39)
	    at _ZoneDelegate.invoke (node_modules/zone.js/fesm2015/zone.js:368:34)
	    at ZoneImpl.run (node_modules/zone.js/fesm2015/zone.js:111:43)
	    at runInTestZone (node_modules/zone.js/fesm2015/zone-testing.js:216:38)
	    at UserContext.<anonymous> (node_modules/zone.js/fesm2015/zone-testing.js:234:32)
	    at <Jasmine>
Chrome 145.0.0.0 (Windows 10): Executed 81 of 114[31m (22 FAILED)[39m (0 secs / 1.057 secs)
[1A[2K[31mChrome 145.0.0.0 (Windows 10) OrderListComponent Template Rendering should display "Cargando pedidos..." when isLoading is true FAILED[39m
	TypeError: Cannot read properties of null (reading 'nativeElement')
	    at UserContext.apply (src/app/components/pages/order-list/order-list.component.spec.ts:105:29)
	    at _ZoneDelegate.invoke (node_modules/zone.js/fesm2015/zone.js:369:28)
	    at ProxyZoneSpec.onInvoke (node_modules/zone.js/fesm2015/zone-testing.js:2081:39)
	    at _ZoneDelegate.invoke (node_modules/zone.js/fesm2015/zone.js:368:34)
	    at ZoneImpl.run (node_modules/zone.js/fesm2015/zone.js:111:43)
	    at runInTestZone (node_modules/zone.js/fesm2015/zone-testing.js:216:38)
	    at UserContext.<anonymous> (node_modules/zone.js/fesm2015/zone-testing.js:234:32)
	    at <Jasmine>
Chrome 145.0.0.0 (Windows 10): Executed 82 of 114[31m (23 FAILED)[39m (0 secs / 1.061 secs)
[1A[2K[31mChrome 145.0.0.0 (Windows 10) OrderListComponent Template Rendering should render order cards when pedidos has data FAILED[39m
	Expected 0 to be 2.
	    at <Jasmine>
	    at UserContext.apply (src/app/components/pages/order-list/order-list.component.spec.ts:135:32)
	    at UserContext.apply (node_modules/zone.js/fesm2015/zone-testing.js:1702:26)
	    at _ZoneDelegate.invoke (node_modules/zone.js/fesm2015/zone.js:369:28)
	    at ProxyZoneSpec.onInvoke (node_modules/zone.js/fesm2015/zone-testing.js:2081:39)
	TypeError: Cannot read properties of undefined (reading 'query')
	    at UserContext.apply (src/app/components/pages/order-list/order-list.component.spec.ts:138:23)
	    at UserContext.apply (node_modules/zone.js/fesm2015/zone-testing.js:1702:26)
	    at _ZoneDelegate.invoke (node_modules/zone.js/fesm2015/zone.js:369:28)
	    at ProxyZoneSpec.onInvoke (node_modules/zone.js/fesm2015/zone-testing.js:2081:39)
	    at _ZoneDelegate.invoke (node_modules/zone.js/fesm2015/zone.js:368:34)
	    at ZoneImpl.run (node_modules/zone.js/fesm2015/zone.js:111:43)
	    at runInTestZone (node_modules/zone.js/fesm2015/zone-testing.js:216:38)
	    at UserContext.<anonymous> (node_modules/zone.js/fesm2015/zone-testing.js:234:32)
	    at <Jasmine>
Chrome 145.0.0.0 (Windows 10): Executed 83 of 114[31m (24 FAILED)[39m (0 secs / 1.067 secs)
[1A[2KChrome 145.0.0.0 (Windows 10): Executed 84 of 114[31m (24 FAILED)[39m (0 secs / 1.072 secs)
[1A[2KChrome 145.0.0.0 (Windows 10): Executed 85 of 114[31m (24 FAILED)[39m (0 secs / 1.075 secs)
[1A[2KChrome 145.0.0.0 (Windows 10): Executed 86 of 114[31m (24 FAILED)[39m (0 secs / 1.077 secs)
[1A[2K[31mChrome 145.0.0.0 (Windows 10) OrderDetailComponent Template Rendering should display "Volver a mis pedidos" button and it should call volverAPedidos FAILED[39m
	TypeError: this.pedidoService.getOrders is not a function
	    at OrderDetailComponent.ngOnInit (src/app/components/pages/order-detail/order-detail.component.ts:47:34)
	    at UserContext.apply (src/app/components/pages/order-detail/order-detail.component.spec.ts:153:17)
	    at UserContext.apply (node_modules/zone.js/fesm2015/zone-testing.js:1702:26)
	    at _ZoneDelegate.invoke (node_modules/zone.js/fesm2015/zone.js:369:28)
	    at ProxyZoneSpec.onInvoke (node_modules/zone.js/fesm2015/zone-testing.js:2081:39)
	    at _ZoneDelegate.invoke (node_modules/zone.js/fesm2015/zone.js:368:34)
	    at ZoneImpl.run (node_modules/zone.js/fesm2015/zone.js:111:43)
	    at runInTestZone (node_modules/zone.js/fesm2015/zone-testing.js:216:38)
	    at UserContext.<anonymous> (node_modules/zone.js/fesm2015/zone-testing.js:234:32)
	    at <Jasmine>
Chrome 145.0.0.0 (Windows 10): Executed 87 of 114[31m (25 FAILED)[39m (0 secs / 1.099 secs)
[1A[2K[31mChrome 145.0.0.0 (Windows 10) OrderDetailComponent Template Rendering should NOT display "Pagar ahora" button if order status is not PAGO_PENDIENTE FAILED[39m
	TypeError: this.pedidoService.getOrders is not a function
	    at OrderDetailComponent.ngOnInit (src/app/components/pages/order-detail/order-detail.component.ts:47:34)
	    at UserContext.apply (src/app/components/pages/order-detail/order-detail.component.spec.ts:153:17)
	    at UserContext.apply (node_modules/zone.js/fesm2015/zone-testing.js:1702:26)
	    at _ZoneDelegate.invoke (node_modules/zone.js/fesm2015/zone.js:369:28)
	    at ProxyZoneSpec.onInvoke (node_modules/zone.js/fesm2015/zone-testing.js:2081:39)
	    at _ZoneDelegate.invoke (node_modules/zone.js/fesm2015/zone.js:368:34)
	    at ZoneImpl.run (node_modules/zone.js/fesm2015/zone.js:111:43)
	    at runInTestZone (node_modules/zone.js/fesm2015/zone-testing.js:216:38)
	    at UserContext.<anonymous> (node_modules/zone.js/fesm2015/zone-testing.js:234:32)
	    at <Jasmine>
Chrome 145.0.0.0 (Windows 10): Executed 88 of 114[31m (26 FAILED)[39m (0 secs / 1.104 secs)
[1A[2K[31mChrome 145.0.0.0 (Windows 10) OrderDetailComponent Template Rendering should call pagarAhora when "Pagar ahora" button is clicked FAILED[39m
	TypeError: this.pedidoService.getOrders is not a function
	    at OrderDetailComponent.ngOnInit (src/app/components/pages/order-detail/order-detail.component.ts:47:34)
	    at UserContext.apply (src/app/components/pages/order-detail/order-detail.component.spec.ts:153:17)
	    at UserContext.apply (node_modules/zone.js/fesm2015/zone-testing.js:1702:26)
	    at _ZoneDelegate.invoke (node_modules/zone.js/fesm2015/zone.js:369:28)
	    at ProxyZoneSpec.onInvoke (node_modules/zone.js/fesm2015/zone-testing.js:2081:39)
	    at _ZoneDelegate.invoke (node_modules/zone.js/fesm2015/zone.js:368:34)
	    at ZoneImpl.run (node_modules/zone.js/fesm2015/zone.js:111:43)
	    at runInTestZone (node_modules/zone.js/fesm2015/zone-testing.js:216:38)
	    at UserContext.<anonymous> (node_modules/zone.js/fesm2015/zone-testing.js:234:32)
	    at <Jasmine>
Chrome 145.0.0.0 (Windows 10): Executed 89 of 114[31m (27 FAILED)[39m (0 secs / 1.108 secs)
[1A[2K[31mChrome 145.0.0.0 (Windows 10) OrderDetailComponent Template Rendering should display "Pagar ahora" button if order status is PAGO_PENDIENTE FAILED[39m
	TypeError: this.pedidoService.getOrders is not a function
	    at OrderDetailComponent.ngOnInit (src/app/components/pages/order-detail/order-detail.component.ts:47:34)
	    at UserContext.apply (src/app/components/pages/order-detail/order-detail.component.spec.ts:153:17)
	    at UserContext.apply (node_modules/zone.js/fesm2015/zone-testing.js:1702:26)
	    at _ZoneDelegate.invoke (node_modules/zone.js/fesm2015/zone.js:369:28)
	    at ProxyZoneSpec.onInvoke (node_modules/zone.js/fesm2015/zone-testing.js:2081:39)
	    at _ZoneDelegate.invoke (node_modules/zone.js/fesm2015/zone.js:368:34)
	    at ZoneImpl.run (node_modules/zone.js/fesm2015/zone.js:111:43)
	    at runInTestZone (node_modules/zone.js/fesm2015/zone-testing.js:216:38)
	    at UserContext.<anonymous> (node_modules/zone.js/fesm2015/zone-testing.js:234:32)
	    at <Jasmine>
Chrome 145.0.0.0 (Windows 10): Executed 90 of 114[31m (28 FAILED)[39m (0 secs / 1.111 secs)
[1A[2K[31mChrome 145.0.0.0 (Windows 10) OrderDetailComponent Template Rendering should display order items FAILED[39m
	TypeError: this.pedidoService.getOrders is not a function
	    at OrderDetailComponent.ngOnInit (src/app/components/pages/order-detail/order-detail.component.ts:47:34)
	    at UserContext.apply (src/app/components/pages/order-detail/order-detail.component.spec.ts:153:17)
	    at UserContext.apply (node_modules/zone.js/fesm2015/zone-testing.js:1702:26)
	    at _ZoneDelegate.invoke (node_modules/zone.js/fesm2015/zone.js:369:28)
	    at ProxyZoneSpec.onInvoke (node_modules/zone.js/fesm2015/zone-testing.js:2081:39)
	    at _ZoneDelegate.invoke (node_modules/zone.js/fesm2015/zone.js:368:34)
	    at ZoneImpl.run (node_modules/zone.js/fesm2015/zone.js:111:43)
	    at runInTestZone (node_modules/zone.js/fesm2015/zone-testing.js:216:38)
	    at UserContext.<anonymous> (node_modules/zone.js/fesm2015/zone-testing.js:234:32)
	    at <Jasmine>
Chrome 145.0.0.0 (Windows 10): Executed 91 of 114[31m (29 FAILED)[39m (0 secs / 1.113 secs)
[1A[2K[31mChrome 145.0.0.0 (Windows 10) OrderDetailComponent Template Rendering should display general order information FAILED[39m
	TypeError: this.pedidoService.getOrders is not a function
	    at OrderDetailComponent.ngOnInit (src/app/components/pages/order-detail/order-detail.component.ts:47:34)
	    at UserContext.apply (src/app/components/pages/order-detail/order-detail.component.spec.ts:153:17)
	    at UserContext.apply (node_modules/zone.js/fesm2015/zone-testing.js:1702:26)
	    at _ZoneDelegate.invoke (node_modules/zone.js/fesm2015/zone.js:369:28)
	    at ProxyZoneSpec.onInvoke (node_modules/zone.js/fesm2015/zone-testing.js:2081:39)
	    at _ZoneDelegate.invoke (node_modules/zone.js/fesm2015/zone.js:368:34)
	    at ZoneImpl.run (node_modules/zone.js/fesm2015/zone.js:111:43)
	    at runInTestZone (node_modules/zone.js/fesm2015/zone-testing.js:216:38)
	    at UserContext.<anonymous> (node_modules/zone.js/fesm2015/zone-testing.js:234:32)
	    at <Jasmine>
Chrome 145.0.0.0 (Windows 10): Executed 92 of 114[31m (30 FAILED)[39m (0 secs / 1.116 secs)
[1A[2K[31mChrome 145.0.0.0 (Windows 10) OrderDetailComponent Template Rendering should display "Detalle del Pedido #ID" title FAILED[39m
	TypeError: this.pedidoService.getOrders is not a function
	    at OrderDetailComponent.ngOnInit (src/app/components/pages/order-detail/order-detail.component.ts:47:34)
	    at UserContext.apply (src/app/components/pages/order-detail/order-detail.component.spec.ts:153:17)
	    at UserContext.apply (node_modules/zone.js/fesm2015/zone-testing.js:1702:26)
	    at _ZoneDelegate.invoke (node_modules/zone.js/fesm2015/zone.js:369:28)
	    at ProxyZoneSpec.onInvoke (node_modules/zone.js/fesm2015/zone-testing.js:2081:39)
	    at _ZoneDelegate.invoke (node_modules/zone.js/fesm2015/zone.js:368:34)
	    at ZoneImpl.run (node_modules/zone.js/fesm2015/zone.js:111:43)
	    at runInTestZone (node_modules/zone.js/fesm2015/zone-testing.js:216:38)
	    at UserContext.<anonymous> (node_modules/zone.js/fesm2015/zone-testing.js:234:32)
	    at <Jasmine>
Chrome 145.0.0.0 (Windows 10): Executed 93 of 114[31m (31 FAILED)[39m (0 secs / 1.118 secs)
[1A[2KChrome 145.0.0.0 (Windows 10): Executed 94 of 114[31m (31 FAILED)[39m (0 secs / 1.12 secs)
[1A[2KChrome 145.0.0.0 (Windows 10): Executed 95 of 114[31m (31 FAILED)[39m (0 secs / 1.123 secs)
[1A[2KChrome 145.0.0.0 (Windows 10): Executed 96 of 114[31m (31 FAILED)[39m (0 secs / 1.125 secs)
[1A[2KChrome 145.0.0.0 (Windows 10): Executed 97 of 114[31m (31 FAILED)[39m (0 secs / 1.129 secs)
[1A[2KChrome 145.0.0.0 (Windows 10): Executed 98 of 114[31m (31 FAILED)[39m (0 secs / 1.132 secs)
[1A[2KChrome 145.0.0.0 (Windows 10): Executed 99 of 114[31m (31 FAILED)[39m (0 secs / 1.134 secs)
[1A[2KChrome 145.0.0.0 (Windows 10): Executed 100 of 114[31m (31 FAILED)[39m (0 secs / 1.136 secs)
[1A[2K[31mChrome 145.0.0.0 (Windows 10) OrderDetailComponent ngOnInit should call pedidoService.getOrderById with correct ID and set isLoading correctly FAILED[39m
	TypeError: this.pedidoService.getOrders is not a function
	    at OrderDetailComponent.ngOnInit (src/app/components/pages/order-detail/order-detail.component.ts:47:34)
	    at UserContext.apply (src/app/components/pages/order-detail/order-detail.component.spec.ts:79:17)
	    at UserContext.apply (node_modules/zone.js/fesm2015/zone-testing.js:1702:26)
	    at _ZoneDelegate.invoke (node_modules/zone.js/fesm2015/zone.js:369:28)
	    at ProxyZoneSpec.onInvoke (node_modules/zone.js/fesm2015/zone-testing.js:2081:39)
	    at _ZoneDelegate.invoke (node_modules/zone.js/fesm2015/zone.js:368:34)
	    at ZoneImpl.run (node_modules/zone.js/fesm2015/zone.js:111:43)
	    at runInTestZone (node_modules/zone.js/fesm2015/zone-testing.js:216:38)
	    at UserContext.<anonymous> (node_modules/zone.js/fesm2015/zone-testing.js:234:32)
	    at <Jasmine>
Chrome 145.0.0.0 (Windows 10): Executed 101 of 114[31m (32 FAILED)[39m (0 secs / 1.138 secs)
[1A[2KChrome 145.0.0.0 (Windows 10): Executed 102 of 114[31m (32 FAILED)[39m (0 secs / 1.142 secs)
[1A[2K[31mChrome 145.0.0.0 (Windows 10) OrderDetailComponent ngOnInit should set errorMensaje and isLoading to false if service call fails FAILED[39m
	TypeError: this.pedidoService.getOrders is not a function
	    at OrderDetailComponent.ngOnInit (src/app/components/pages/order-detail/order-detail.component.ts:47:34)
	    at UserContext.apply (src/app/components/pages/order-detail/order-detail.component.spec.ts:96:17)
	    at UserContext.apply (node_modules/zone.js/fesm2015/zone-testing.js:1702:26)
	    at _ZoneDelegate.invoke (node_modules/zone.js/fesm2015/zone.js:369:28)
	    at ProxyZoneSpec.onInvoke (node_modules/zone.js/fesm2015/zone-testing.js:2081:39)
	    at _ZoneDelegate.invoke (node_modules/zone.js/fesm2015/zone.js:368:34)
	    at ZoneImpl.run (node_modules/zone.js/fesm2015/zone.js:111:43)
	    at runInTestZone (node_modules/zone.js/fesm2015/zone-testing.js:216:38)
	    at UserContext.<anonymous> (node_modules/zone.js/fesm2015/zone-testing.js:234:32)
	    at <Jasmine>
Chrome 145.0.0.0 (Windows 10): Executed 103 of 114[31m (33 FAILED)[39m (0 secs / 1.145 secs)
[1A[2K[31mChrome 145.0.0.0 (Windows 10) OrderDetailComponent ngOnInit should assign pedido data on successful fetch FAILED[39m
	TypeError: this.pedidoService.getOrders is not a function
	    at OrderDetailComponent.ngOnInit (src/app/components/pages/order-detail/order-detail.component.ts:47:34)
	    at UserContext.apply (src/app/components/pages/order-detail/order-detail.component.spec.ts:87:17)
	    at UserContext.apply (node_modules/zone.js/fesm2015/zone-testing.js:1702:26)
	    at _ZoneDelegate.invoke (node_modules/zone.js/fesm2015/zone.js:369:28)
	    at ProxyZoneSpec.onInvoke (node_modules/zone.js/fesm2015/zone-testing.js:2081:39)
	    at _ZoneDelegate.invoke (node_modules/zone.js/fesm2015/zone.js:368:34)
	    at ZoneImpl.run (node_modules/zone.js/fesm2015/zone.js:111:43)
	    at runInTestZone (node_modules/zone.js/fesm2015/zone-testing.js:216:38)
	    at UserContext.<anonymous> (node_modules/zone.js/fesm2015/zone-testing.js:234:32)
	    at <Jasmine>
Chrome 145.0.0.0 (Windows 10): Executed 104 of 114[31m (34 FAILED)[39m (0 secs / 1.147 secs)
[1A[2KChrome 145.0.0.0 (Windows 10): Executed 105 of 114[31m (34 FAILED)[39m (0 secs / 1.149 secs)
[1A[2KChrome 145.0.0.0 (Windows 10): Executed 106 of 114[31m (34 FAILED)[39m (0 secs / 1.197 secs)
[1A[2KChrome 145.0.0.0 (Windows 10): Executed 107 of 114[31m (34 FAILED)[39m (0 secs / 1.208 secs)
[1A[2KChrome 145.0.0.0 (Windows 10): Executed 108 of 114[31m (34 FAILED)[39m (0 secs / 1.216 secs)
[1A[2KChrome 145.0.0.0 (Windows 10): Executed 109 of 114[31m (34 FAILED)[39m (0 secs / 1.224 secs)
[1A[2K[31mChrome 145.0.0.0 (Windows 10) CheckoutComponent should autocompletar documento cuando user llega con alias de campos FAILED[39m
	Expected 'DNI' to be 'CEDULA'.
	    at <Jasmine>
	    at UserContext.apply (src/app/components/pages/checkout/checkout.component.spec.ts:149:64)
	    at _ZoneDelegate.invoke (node_modules/zone.js/fesm2015/zone.js:369:28)
	    at ProxyZoneSpec.onInvoke (node_modules/zone.js/fesm2015/zone-testing.js:2081:39)
	    at _ZoneDelegate.invoke (node_modules/zone.js/fesm2015/zone.js:368:34)
Chrome 145.0.0.0 (Windows 10): Executed 110 of 114[31m (35 FAILED)[39m (0 secs / 1.238 secs)
[1A[2K[31mChrome 145.0.0.0 (Windows 10) BottomNavComponent should create FAILED[39m
	NullInjectorError: R3InjectorError(Standalone[BottomNavComponent])[ActivatedRoute -> ActivatedRoute -> ActivatedRoute]: 
	  NullInjectorError: No provider for ActivatedRoute!
	error properties: Object({ ngTempTokenPath: null, ngTokenPath: [ 'ActivatedRoute', 'ActivatedRoute', 'ActivatedRoute' ] })
	    at NullInjector.get (node_modules/@angular/core/fesm2022/core.mjs:1663:27)
	    at R3Injector.get (node_modules/@angular/core/fesm2022/core.mjs:3109:33)
	    at R3Injector.get (node_modules/@angular/core/fesm2022/core.mjs:3109:33)
	    at R3Injector.get (node_modules/@angular/core/fesm2022/core.mjs:3109:33)
	    at ChainedInjector.get (node_modules/@angular/core/fesm2022/core.mjs:5454:36)
	    at lookupTokenUsingModuleInjector (node_modules/@angular/core/fesm2022/core.mjs:5807:39)
	    at getOrCreateInjectable (node_modules/@angular/core/fesm2022/core.mjs:5855:12)
	    at Module.╔Á╔ÁdirectiveInject (node_modules/@angular/core/fesm2022/core.mjs:11933:19)
	    at NodeInjectorFactory.factory (node_modules/@angular/router/fesm2022/router.mjs:424:104)
	    at getNodeInjectable (node_modules/@angular/core/fesm2022/core.mjs:6067:44)
Chrome 145.0.0.0 (Windows 10): Executed 111 of 114[31m (36 FAILED)[39m (0 secs / 1.247 secs)
[1A[2KChrome 145.0.0.0 (Windows 10): Executed 112 of 114[31m (36 FAILED)[39m (0 secs / 1.249 secs)
[1A[2K[31mChrome 145.0.0.0 (Windows 10) PagoService confirmarPagoMercadoPago should handle HTTP errors correctly FAILED[39m
	Error: Expected one matching request for criteria "Match URL: http://localhost:8080/api/orders/456/confirmar-pago-mercadopago", found none. Requests received are: POST http://localhost:8080/api/v1/orders/456/confirmar-pago-mercadopago.
	    at HttpClientTestingBackend.expectOne (node_modules/@angular/common/fesm2022/http/testing.mjs:270:19)
	    at UserContext.apply (src/app/services/pago.service.spec.ts:55:28)
	    at _ZoneDelegate.invoke (node_modules/zone.js/fesm2015/zone.js:369:28)
	    at ProxyZoneSpec.onInvoke (node_modules/zone.js/fesm2015/zone-testing.js:2081:39)
	    at _ZoneDelegate.invoke (node_modules/zone.js/fesm2015/zone.js:368:34)
	    at ZoneImpl.run (node_modules/zone.js/fesm2015/zone.js:111:43)
	    at runInTestZone (node_modules/zone.js/fesm2015/zone-testing.js:216:38)
	    at UserContext.<anonymous> (node_modules/zone.js/fesm2015/zone-testing.js:234:32)
	    at <Jasmine>
	Error: Expected no open requests, found 1: POST http://localhost:8080/api/v1/orders/456/confirmar-pago-mercadopago
	    at HttpClientTestingBackend.verify (node_modules/@angular/common/fesm2022/http/testing.mjs:298:19)
	    at UserContext.apply (src/app/services/pago.service.spec.ts:20:14)
	    at _ZoneDelegate.invoke (node_modules/zone.js/fesm2015/zone.js:369:28)
	    at ProxyZoneSpec.onInvoke (node_modules/zone.js/fesm2015/zone-testing.js:2081:39)
	    at _ZoneDelegate.invoke (node_modules/zone.js/fesm2015/zone.js:368:34)
	    at ZoneImpl.run (node_modules/zone.js/fesm2015/zone.js:111:43)
	    at runInTestZone (node_modules/zone.js/fesm2015/zone-testing.js:216:38)
	    at UserContext.<anonymous> (node_modules/zone.js/fesm2015/zone-testing.js:234:32)
	    at <Jasmine>
Chrome 145.0.0.0 (Windows 10): Executed 113 of 114[31m (37 FAILED)[39m (0 secs / 1.252 secs)
[1A[2K[31mChrome 145.0.0.0 (Windows 10) PagoService confirmarPagoMercadoPago should make a POST request to the correct URL and return data on success FAILED[39m
	Error: Expected one matching request for criteria "Match URL: http://localhost:8080/api/orders/123/confirmar-pago-mercadopago", found none. Requests received are: POST http://localhost:8080/api/v1/orders/123/confirmar-pago-mercadopago.
	    at HttpClientTestingBackend.expectOne (node_modules/@angular/common/fesm2022/http/testing.mjs:270:19)
	    at UserContext.apply (src/app/services/pago.service.spec.ts:36:28)
	    at _ZoneDelegate.invoke (node_modules/zone.js/fesm2015/zone.js:369:28)
	    at ProxyZoneSpec.onInvoke (node_modules/zone.js/fesm2015/zone-testing.js:2081:39)
	    at _ZoneDelegate.invoke (node_modules/zone.js/fesm2015/zone.js:368:34)
	    at ZoneImpl.run (node_modules/zone.js/fesm2015/zone.js:111:43)
	    at runInTestZone (node_modules/zone.js/fesm2015/zone-testing.js:216:38)
	    at UserContext.<anonymous> (node_modules/zone.js/fesm2015/zone-testing.js:234:32)
	    at <Jasmine>
	Error: Expected no open requests, found 1: POST http://localhost:8080/api/v1/orders/123/confirmar-pago-mercadopago
	    at HttpClientTestingBackend.verify (node_modules/@angular/common/fesm2022/http/testing.mjs:298:19)
	    at UserContext.apply (src/app/services/pago.service.spec.ts:20:14)
	    at _ZoneDelegate.invoke (node_modules/zone.js/fesm2015/zone.js:369:28)
	    at ProxyZoneSpec.onInvoke (node_modules/zone.js/fesm2015/zone-testing.js:2081:39)
	    at _ZoneDelegate.invoke (node_modules/zone.js/fesm2015/zone.js:368:34)
	    at ZoneImpl.run (node_modules/zone.js/fesm2015/zone.js:111:43)
	    at runInTestZone (node_modules/zone.js/fesm2015/zone-testing.js:216:38)
	    at UserContext.<anonymous> (node_modules/zone.js/fesm2015/zone-testing.js:234:32)
	    at <Jasmine>
Chrome 145.0.0.0 (Windows 10): Executed 114 of 114[31m (38 FAILED)[39m (0 secs / 1.254 secs)
[1A[2KChrome 145.0.0.0 (Windows 10): Executed 114 of 114[31m (38 FAILED)[39m (1.355 secs / 1.254 secs)
[31mTOTAL: 38 FAILED, 76 SUCCESS[39m
Ô£ö Browser application bundle generation 
complete.
[1A[2K[31mChrome 145.0.0.0 (Windows 10) ERROR[39m
  Some of your tests did a full page reload!
Chrome 145.0.0.0 (Windows 10): Executed 114 of 114[31m (38 FAILED)[39m (1.355 secs / 1.254 secs)
Chrome 145.0.0.0 (Windows 10) ERROR
  Some of your tests did a full page reload!
[33m11 03 2026 00:20:47.898:WARN [Chrome 145.0.0.0 (Windows 10)]: [39mDisconnected (0 times) Client disconnected from CONNECTED state (transport close)
[1A[2K[31mChrome 145.0.0.0 (Windows 10) ERROR[39m
  Disconnected Client disconnected from CONNECTED state (transport close)
Chrome 145.0.0.0 (Windows 10): Executed 114 of 114[31m (38 FAILED)[39m (1.355 secs / 1.254 secs)
Chrome 145.0.0.0 (Windows 10) ERROR
  Disconnected Client disconnected from CONNECTED state (transport close)
[91m11 03 2026 00:20:49.038:ERROR [launcher]: [39mChrome crashed.
	[31528:33268:0310/233829.762:ERROR:google_apis\gcm\engine\registration_request.cc:290] Registration response error message: DEPRECATED_ENDPOINT
[31528:33268:0310/233829.823:ERROR:google_apis\gcm\engine\registration_request.cc:290] Registration response error message: PHONE_REGISTRATION_ERROR
[31528:33268:0310/233829.824:ERROR:google_apis\gcm\engine\registration_request.cc:290] Registration response error message: PHONE_REGISTRATION_ERROR
Created TensorFlow Lite XNNPACK delegate for CPU.
[31528:33268:0310/233859.916:ERROR:google_apis\gcm\engine\registration_request.cc:290] Registration response error message: DEPRECATED_ENDPOINT
[31528:33268:0310/233957.081:ERROR:google_apis\gcm\engine\registration_request.cc:290] Registration response error message: DEPRECATED_ENDPOINT
[31528:17264:0310/234056.821:ERROR:components\device_event_log\device_event_log_impl.cc:202] [23:40:56.817] USB: usb_service_win.cc:105 SetupDiGetDeviceProperty({{A45C254E-DF1C-4EFD-8020-67D146A850E0}, 6}) failed: No se ha encontrado el elemento. (0x490)
[31528:33268:0310/234155.281:ERROR:google_apis\gcm\engine\registration_request.cc:290] Registration response error message: DEPRECATED_ENDPOINT
[31528:33268:0310/234548.077:ERROR:google_apis\gcm\engine\registration_request.cc:290] Registration response error message: DEPRECATED_ENDPOINT
[31528:33268:0310/235254.172:ERROR:google_apis\gcm\engine\registration_request.cc:290] Registration response error message: DEPRECATED_ENDPOINT

[91m11 03 2026 00:20:49.038:ERROR [launcher]: [39mChrome stdout: 
[91m11 03 2026 00:20:49.039:ERROR [launcher]: [39mChrome stderr: [31528:33268:0310/233829.762:ERROR:google_apis\gcm\engine\registration_request.cc:290] Registration response error message: DEPRECATED_ENDPOINT
[31528:33268:0310/233829.823:ERROR:google_apis\gcm\engine\registration_request.cc:290] Registration response error message: PHONE_REGISTRATION_ERROR
[31528:33268:0310/233829.824:ERROR:google_apis\gcm\engine\registration_request.cc:290] Registration response error message: PHONE_REGISTRATION_ERROR
Created TensorFlow Lite XNNPACK delegate for CPU.
[31528:33268:0310/233859.916:ERROR:google_apis\gcm\engine\registration_request.cc:290] Registration response error message: DEPRECATED_ENDPOINT
[31528:33268:0310/233957.081:ERROR:google_apis\gcm\engine\registration_request.cc:290] Registration response error message: DEPRECATED_ENDPOINT
[31528:17264:0310/234056.821:ERROR:components\device_event_log\device_event_log_impl.cc:202] [23:40:56.817] USB: usb_service_win.cc:105 SetupDiGetDeviceProperty({{A45C254E-DF1C-4EFD-8020-67D146A850E0}, 6}) failed: No se ha encontrado el elemento. (0x490)
[31528:33268:0310/234155.281:ERROR:google_apis\gcm\engine\registration_request.cc:290] Registration response error message: DEPRECATED_ENDPOINT
[31528:33268:0310/234548.077:ERROR:google_apis\gcm\engine\registration_request.cc:290] Registration response error message: DEPRECATED_ENDPOINT
[31528:33268:0310/235254.172:ERROR:google_apis\gcm\engine\registration_request.cc:290] Registration response error message: DEPRECATED_ENDPOINT

Ô£ö Browser application bundle generation 
complete.
[33m11 03 2026 00:21:03.647:WARN [karma]: [39mNo captured browser, open http://localhost:9878/
Ô£ö Browser application bundle generation 
complete.
[33m11 03 2026 00:21:14.229:WARN [karma]: [39mNo captured browser, open http://localhost:9878/
[33m11 03 2026 00:21:17.834:WARN [Chrome 145.0.0.0 (Windows 10)]: [39mDisconnected (1 times) , because no message in 30000 ms.
[1A[2K[31mChrome 145.0.0.0 (Windows 10) ERROR[39m
  Disconnected , because no message in 30000 ms.
Chrome 145.0.0.0 (Windows 10): Executed 114 of 114[31m (38 FAILED)[39m[31m DISCONNECTED[39m (4 mins 52.447 secs / 1.254 secs)
Chrome 145.0.0.0 (Windows 10) ERROR
  Disconnected , because no message in 30000 ms.
[1A[2KChrome 145.0.0.0 (Windows 10): Executed 114 of 114[31m (38 FAILED)[39m[31m DISCONNECTED[39m (4 mins 52.447 secs / 1.254 secs)
[91m11 03 2026 00:21:24.251:ERROR [launcher]: [39mChrome failed 2 times (crashed). Giving up.
Ô£ö Browser application bundle generation 
complete.
[33m11 03 2026 00:26:12.225:WARN [karma]: [39mNo captured browser, open http://localhost:9878/
Ô£ö Browser application bundle generation 
complete.
[33m11 03 2026 00:27:00.492:WARN [karma]: [39mNo captured browser, open http://localhost:9878/
Ô£ö Browser application bundle generation 
complete.
[33m11 03 2026 00:29:33.960:WARN [karma]: [39mNo captured browser, open http://localhost:9878/
Ô£ö Browser application bundle generation 
complete.
[1m[31m
Error: [96msrc/app/components/pages/order-detail
/order-detail.component.spec.ts[0m:[93m168[0m:
[93m14[0m - [91merror[0m[90m TS2304: 
[0mCannot find name 'infoGrid'.

[7m168[0m       expect(infoGrid.nativeElement.t
extContent).toContain(mockPedidoData.nombre);
[7m   [0m [91m             ~~~~~~~~[0m


Error: [96msrc/app/components/pages/order-detail
/order-detail.component.spec.ts[0m:[93m215[0m:
[93m1[0m - [91merror[0m[90m TS1128: 
[0mDeclaration or statement expected.

[7m215[0m });
[7m   [0m [91m~[0m


Error: [96msrc/app/components/pages/order-detail
/order-detail.component.spec.ts[0m:[93m215[0m:
[93m2[0m - [91merror[0m[90m TS1128: 
[0mDeclaration or statement expected.

[7m215[0m });
[7m   [0m [91m ~[0m


[39m[22m
Ô£ö Browser application bundle generation 
complete.
[33m11 03 2026 00:30:45.309:WARN [karma]: [39mNo captured browser, open http://localhost:9878/
